Analysis & Synthesis report for datapath
Fri Mar  8 17:43:55 2019
Quartus II 64-Bit Version 14.0.2 Build 209 09/17/2014 SJ Full Version


---------------------
; Table of Contents ;
---------------------
  1. Legal Notice
  2. Analysis & Synthesis Summary
  3. Analysis & Synthesis Settings
  4. Parallel Compilation
  5. Analysis & Synthesis Source Files Read
  6. Analysis & Synthesis Resource Usage Summary
  7. Analysis & Synthesis Resource Utilization by Entity
  8. General Register Statistics
  9. Port Connectivity Checks: "mux_3to1:mux2_im"
 10. Port Connectivity Checks: "alu:ALU1"
 11. Post-Synthesis Netlist Statistics for Top Partition
 12. Elapsed Time Per Partition
 13. Analysis & Synthesis Messages



----------------
; Legal Notice ;
----------------
Copyright (C) 1991-2014 Altera Corporation. All rights reserved.
Your use of Altera Corporation's design tools, logic functions 
and other software and tools, and its AMPP partner logic 
functions, and any output files from any of the foregoing 
(including device programming or simulation files), and any 
associated documentation or information are expressly subject 
to the terms and conditions of the Altera Program License 
Subscription Agreement, the Altera Quartus II License Agreement,
the Altera MegaCore Function License Agreement, or other 
applicable license agreement, including, without limitation, 
that your use is for the sole purpose of programming logic 
devices manufactured by Altera and sold by Altera or its 
authorized distributors.  Please refer to the applicable 
agreement for further details.



+----------------------------------------------------------------------------------+
; Analysis & Synthesis Summary                                                     ;
+------------------------------------+---------------------------------------------+
; Analysis & Synthesis Status        ; Successful - Fri Mar  8 17:43:54 2019       ;
; Quartus II 64-Bit Version          ; 14.0.2 Build 209 09/17/2014 SJ Full Version ;
; Revision Name                      ; datapath                                    ;
; Top-level Entity Name              ; datapath                                    ;
; Family                             ; Cyclone IV E                                ;
; Total logic elements               ; 0                                           ;
;     Total combinational functions  ; 0                                           ;
;     Dedicated logic registers      ; 0                                           ;
; Total registers                    ; 0                                           ;
; Total pins                         ; 326                                         ;
; Total virtual pins                 ; 0                                           ;
; Total memory bits                  ; 0                                           ;
; Embedded Multiplier 9-bit elements ; 0                                           ;
; Total PLLs                         ; 0                                           ;
+------------------------------------+---------------------------------------------+


+----------------------------------------------------------------------------------------------------------------------+
; Analysis & Synthesis Settings                                                                                        ;
+----------------------------------------------------------------------------+--------------------+--------------------+
; Option                                                                     ; Setting            ; Default Value      ;
+----------------------------------------------------------------------------+--------------------+--------------------+
; Device                                                                     ; EP4CE115F29C7      ;                    ;
; Top-level entity name                                                      ; datapath           ; datapath           ;
; Family name                                                                ; Cyclone IV E       ; Cyclone IV GX      ;
; Use smart compilation                                                      ; Off                ; Off                ;
; Enable parallel Assembler and TimeQuest Timing Analyzer during compilation ; On                 ; On                 ;
; Enable compact report table                                                ; Off                ; Off                ;
; Restructure Multiplexers                                                   ; Auto               ; Auto               ;
; Create Debugging Nodes for IP Cores                                        ; Off                ; Off                ;
; Preserve fewer node names                                                  ; On                 ; On                 ;
; Disable OpenCore Plus hardware evaluation                                  ; Off                ; Off                ;
; Verilog Version                                                            ; Verilog_2001       ; Verilog_2001       ;
; VHDL Version                                                               ; VHDL_1993          ; VHDL_1993          ;
; State Machine Processing                                                   ; Auto               ; Auto               ;
; Safe State Machine                                                         ; Off                ; Off                ;
; Extract Verilog State Machines                                             ; On                 ; On                 ;
; Extract VHDL State Machines                                                ; On                 ; On                 ;
; Ignore Verilog initial constructs                                          ; Off                ; Off                ;
; Iteration limit for constant Verilog loops                                 ; 5000               ; 5000               ;
; Iteration limit for non-constant Verilog loops                             ; 250                ; 250                ;
; Add Pass-Through Logic to Inferred RAMs                                    ; On                 ; On                 ;
; Infer RAMs from Raw Logic                                                  ; On                 ; On                 ;
; Parallel Synthesis                                                         ; On                 ; On                 ;
; DSP Block Balancing                                                        ; Auto               ; Auto               ;
; NOT Gate Push-Back                                                         ; On                 ; On                 ;
; Power-Up Don't Care                                                        ; On                 ; On                 ;
; Remove Redundant Logic Cells                                               ; Off                ; Off                ;
; Remove Duplicate Registers                                                 ; On                 ; On                 ;
; Ignore CARRY Buffers                                                       ; Off                ; Off                ;
; Ignore CASCADE Buffers                                                     ; Off                ; Off                ;
; Ignore GLOBAL Buffers                                                      ; Off                ; Off                ;
; Ignore ROW GLOBAL Buffers                                                  ; Off                ; Off                ;
; Ignore LCELL Buffers                                                       ; Off                ; Off                ;
; Ignore SOFT Buffers                                                        ; On                 ; On                 ;
; Limit AHDL Integers to 32 Bits                                             ; Off                ; Off                ;
; Optimization Technique                                                     ; Balanced           ; Balanced           ;
; Carry Chain Length                                                         ; 70                 ; 70                 ;
; Auto Carry Chains                                                          ; On                 ; On                 ;
; Auto Open-Drain Pins                                                       ; On                 ; On                 ;
; Perform WYSIWYG Primitive Resynthesis                                      ; Off                ; Off                ;
; Auto ROM Replacement                                                       ; On                 ; On                 ;
; Auto RAM Replacement                                                       ; On                 ; On                 ;
; Auto DSP Block Replacement                                                 ; On                 ; On                 ;
; Auto Shift Register Replacement                                            ; Auto               ; Auto               ;
; Allow Shift Register Merging across Hierarchies                            ; Auto               ; Auto               ;
; Auto Clock Enable Replacement                                              ; On                 ; On                 ;
; Strict RAM Replacement                                                     ; Off                ; Off                ;
; Allow Synchronous Control Signals                                          ; On                 ; On                 ;
; Force Use of Synchronous Clear Signals                                     ; Off                ; Off                ;
; Auto RAM Block Balancing                                                   ; On                 ; On                 ;
; Auto RAM to Logic Cell Conversion                                          ; Off                ; Off                ;
; Auto Resource Sharing                                                      ; Off                ; Off                ;
; Allow Any RAM Size For Recognition                                         ; Off                ; Off                ;
; Allow Any ROM Size For Recognition                                         ; Off                ; Off                ;
; Allow Any Shift Register Size For Recognition                              ; Off                ; Off                ;
; Use LogicLock Constraints during Resource Balancing                        ; On                 ; On                 ;
; Ignore translate_off and synthesis_off directives                          ; Off                ; Off                ;
; Timing-Driven Synthesis                                                    ; On                 ; On                 ;
; Report Parameter Settings                                                  ; On                 ; On                 ;
; Report Source Assignments                                                  ; On                 ; On                 ;
; Report Connectivity Checks                                                 ; On                 ; On                 ;
; Ignore Maximum Fan-Out Assignments                                         ; Off                ; Off                ;
; Synchronization Register Chain Length                                      ; 2                  ; 2                  ;
; PowerPlay Power Optimization                                               ; Normal compilation ; Normal compilation ;
; HDL message level                                                          ; Level2             ; Level2             ;
; Suppress Register Optimization Related Messages                            ; Off                ; Off                ;
; Number of Removed Registers Reported in Synthesis Report                   ; 5000               ; 5000               ;
; Number of Swept Nodes Reported in Synthesis Report                         ; 5000               ; 5000               ;
; Number of Inverted Registers Reported in Synthesis Report                  ; 100                ; 100                ;
; Clock MUX Protection                                                       ; On                 ; On                 ;
; Auto Gated Clock Conversion                                                ; Off                ; Off                ;
; Block Design Naming                                                        ; Auto               ; Auto               ;
; SDC constraint protection                                                  ; Off                ; Off                ;
; Synthesis Effort                                                           ; Auto               ; Auto               ;
; Shift Register Replacement - Allow Asynchronous Clear Signal               ; On                 ; On                 ;
; Pre-Mapping Resynthesis Optimization                                       ; Off                ; Off                ;
; Analysis & Synthesis Message Level                                         ; Medium             ; Medium             ;
; Disable Register Merging Across Hierarchies                                ; Auto               ; Auto               ;
; Resource Aware Inference For Block RAM                                     ; On                 ; On                 ;
; Synthesis Seed                                                             ; 1                  ; 1                  ;
+----------------------------------------------------------------------------+--------------------+--------------------+


+------------------------------------------+
; Parallel Compilation                     ;
+----------------------------+-------------+
; Processors                 ; Number      ;
+----------------------------+-------------+
; Number detected on machine ; 16          ;
; Maximum allowed            ; 8           ;
;                            ;             ;
; Average used               ; 1.00        ;
; Maximum used               ; 1           ;
;                            ;             ;
; Usage by Processor         ; % Time Used ;
;     Processor 1            ; 100.0%      ;
;     Processors 2-16        ;   0.0%      ;
+----------------------------+-------------+


+---------------------------------------------------------------------------------------------------------------------------------------+
; Analysis & Synthesis Source Files Read                                                                                                ;
+----------------------------------+-----------------+-----------------+------------------------------------------------------+---------+
; File Name with User-Entered Path ; Used in Netlist ; File Type       ; File Name with Absolute Path                         ; Library ;
+----------------------------------+-----------------+-----------------+------------------------------------------------------+---------+
; datapath.vhd                     ; yes             ; User VHDL File  ; /home/student1/a5dave/coe608/lab4b/datapath.vhd      ;         ;
; data_mem.vhd                     ; yes             ; User VHDL File  ; /home/student1/a5dave/coe608/lab4b/data_mem.vhd      ;         ;
; mux_2to1.vhd                     ; yes             ; User VHDL File  ; /home/student1/a5dave/coe608/lab4b/mux_2to1.vhd      ;         ;
; mux_8to1.vhd                     ; yes             ; User VHDL File  ; /home/student1/a5dave/coe608/lab4b/mux_8to1.vhd      ;         ;
; adder32.vhd                      ; yes             ; User VHDL File  ; /home/student1/a5dave/coe608/lab4b/adder32.vhd       ;         ;
; alu.vhd                          ; yes             ; User VHDL File  ; /home/student1/a5dave/coe608/lab4b/alu.vhd           ;         ;
; and32.vhd                        ; yes             ; User VHDL File  ; /home/student1/a5dave/coe608/lab4b/and32.vhd         ;         ;
; fulladder.vhd                    ; yes             ; User VHDL File  ; /home/student1/a5dave/coe608/lab4b/fulladder.vhd     ;         ;
; left_shift32.vhd                 ; yes             ; User VHDL File  ; /home/student1/a5dave/coe608/lab4b/left_shift32.vhd  ;         ;
; not32.vhd                        ; yes             ; User VHDL File  ; /home/student1/a5dave/coe608/lab4b/not32.vhd         ;         ;
; or32.vhd                         ; yes             ; User VHDL File  ; /home/student1/a5dave/coe608/lab4b/or32.vhd          ;         ;
; right_shift32.vhd                ; yes             ; User VHDL File  ; /home/student1/a5dave/coe608/lab4b/right_shift32.vhd ;         ;
; register32.vhd                   ; yes             ; User VHDL File  ; /home/student1/a5dave/coe608/lab4b/register32.vhd    ;         ;
; mux_3to1.vhd                     ; yes             ; User VHDL File  ; /home/student1/a5dave/coe608/lab4b/mux_3to1.vhd      ;         ;
; reducer.vhd                      ; yes             ; User VHDL File  ; /home/student1/a5dave/coe608/lab4b/reducer.vhd       ;         ;
; uze.vhd                          ; yes             ; User VHDL File  ; /home/student1/a5dave/coe608/lab4b/uze.vhd           ;         ;
; lze.vhd                          ; yes             ; User VHDL File  ; /home/student1/a5dave/coe608/lab4b/lze.vhd           ;         ;
+----------------------------------+-----------------+-----------------+------------------------------------------------------+---------+


+-----------------------------------------------------+
; Analysis & Synthesis Resource Usage Summary         ;
+---------------------------------------------+-------+
; Resource                                    ; Usage ;
+---------------------------------------------+-------+
;                                             ;       ;
; Total combinational functions               ; 0     ;
; Logic element usage by number of LUT inputs ;       ;
;     -- 4 input functions                    ; 0     ;
;     -- 3 input functions                    ; 0     ;
;     -- <=2 input functions                  ; 0     ;
;                                             ;       ;
; Logic elements by mode                      ;       ;
;     -- normal mode                          ; 0     ;
;     -- arithmetic mode                      ; 0     ;
;                                             ;       ;
; Total registers                             ; 0     ;
;     -- Dedicated logic registers            ; 0     ;
;     -- I/O registers                        ; 0     ;
;                                             ;       ;
; I/O pins                                    ; 326   ;
; Embedded Multiplier 9-bit elements          ; 0     ;
; Maximum fan-out node                        ; Clk   ;
; Maximum fan-out                             ; 1     ;
; Total fan-out                               ; 326   ;
; Average fan-out                             ; 0.50  ;
+---------------------------------------------+-------+


+-----------------------------------------------------------------------------------------------------------------------------------------------------------------------------+
; Analysis & Synthesis Resource Utilization by Entity                                                                                                                         ;
+----------------------------+-------------------+--------------+-------------+--------------+---------+-----------+------+--------------+---------------------+--------------+
; Compilation Hierarchy Node ; LC Combinationals ; LC Registers ; Memory Bits ; DSP Elements ; DSP 9x9 ; DSP 18x18 ; Pins ; Virtual Pins ; Full Hierarchy Name ; Library Name ;
+----------------------------+-------------------+--------------+-------------+--------------+---------+-----------+------+--------------+---------------------+--------------+
; |datapath                  ; 0 (0)             ; 0 (0)        ; 0           ; 0            ; 0       ; 0         ; 326  ; 0            ; |datapath           ; work         ;
+----------------------------+-------------------+--------------+-------------+--------------+---------+-----------+------+--------------+---------------------+--------------+
Note: For table entries with two numbers listed, the numbers in parentheses indicate the number of resources of the given type used by the specific entity alone. The numbers listed outside of parentheses indicate the total resources of the given type used by the specific entity and all of its sub-entities in the hierarchy.


+------------------------------------------------------+
; General Register Statistics                          ;
+----------------------------------------------+-------+
; Statistic                                    ; Value ;
+----------------------------------------------+-------+
; Total registers                              ; 0     ;
; Number of registers using Synchronous Clear  ; 0     ;
; Number of registers using Synchronous Load   ; 0     ;
; Number of registers using Asynchronous Clear ; 0     ;
; Number of registers using Asynchronous Load  ; 0     ;
; Number of registers using Clock Enable       ; 0     ;
; Number of registers using Preset             ; 0     ;
+----------------------------------------------+-------+


+----------------------------------------------+
; Port Connectivity Checks: "mux_3to1:mux2_im" ;
+------+-------+----------+--------------------+
; Port ; Type  ; Severity ; Details            ;
+------+-------+----------+--------------------+
; in2  ; Input ; Info     ; Stuck at VCC       ;
+------+-------+----------+--------------------+


+----------------------------------------------------------------------------------------------------------------+
; Port Connectivity Checks: "alu:ALU1"                                                                           ;
+------+--------+----------+-------------------------------------------------------------------------------------+
; Port ; Type   ; Severity ; Details                                                                             ;
+------+--------+----------+-------------------------------------------------------------------------------------+
; cout ; Output ; Info     ; Connected to dangling logic. Logic that only feeds a dangling port will be removed. ;
; zero ; Output ; Info     ; Connected to dangling logic. Logic that only feeds a dangling port will be removed. ;
+------+--------+----------+-------------------------------------------------------------------------------------+


+-----------------------------------------------------+
; Post-Synthesis Netlist Statistics for Top Partition ;
+-----------------------+-----------------------------+
; Type                  ; Count                       ;
+-----------------------+-----------------------------+
; boundary_port         ; 326                         ;
; cycloneiii_lcell_comb ; 1                           ;
;     normal            ; 1                           ;
;         0 data inputs ; 1                           ;
;                       ;                             ;
; Max LUT depth         ; 0.00                        ;
; Average LUT depth     ; 0.00                        ;
+-----------------------+-----------------------------+


+-------------------------------+
; Elapsed Time Per Partition    ;
+----------------+--------------+
; Partition Name ; Elapsed Time ;
+----------------+--------------+
; Top            ; 00:00:00     ;
+----------------+--------------+


+-------------------------------+
; Analysis & Synthesis Messages ;
+-------------------------------+
Info: *******************************************************************
Info: Running Quartus II 64-Bit Analysis & Synthesis
    Info: Version 14.0.2 Build 209 09/17/2014 SJ Full Version
    Info: Processing started: Fri Mar  8 17:43:47 2019
Info: Command: quartus_map --read_settings_files=on --write_settings_files=off datapath -c datapath
Info (11104): Parallel Compilation has detected 16 hyper-threaded processors. However, the extra hyper-threaded processors will not be used by default. Parallel Compilation will use 8 of the 8 physical processors detected instead.
Info (12021): Found 2 design units, including 1 entities, in source file datapath.vhd
    Info (12022): Found design unit 1: datapath-description
    Info (12023): Found entity 1: datapath
Info (12021): Found 2 design units, including 1 entities, in source file data_mem.vhd
    Info (12022): Found design unit 1: data_mem-description
    Info (12023): Found entity 1: data_mem
Info (12021): Found 2 design units, including 1 entities, in source file mux_2to1.vhd
    Info (12022): Found design unit 1: mux_2to1-mux2Implementation
    Info (12023): Found entity 1: mux_2to1
Info (12021): Found 2 design units, including 1 entities, in source file mux_8to1.vhd
    Info (12022): Found design unit 1: mux_8to1-muxImplementation
    Info (12023): Found entity 1: mux_8to1
Info (12021): Found 2 design units, including 1 entities, in source file sevenSeg_8bit.vhd
    Info (12022): Found design unit 1: sevenSeg_8bit-behaviour
    Info (12023): Found entity 1: sevenSeg_8bit
Info (12021): Found 2 design units, including 1 entities, in source file adder32.vhd
    Info (12022): Found design unit 1: adder32-adder32_imp
    Info (12023): Found entity 1: adder32
Info (12021): Found 2 design units, including 1 entities, in source file alu.vhd
    Info (12022): Found design unit 1: alu-behaviour
    Info (12023): Found entity 1: alu
Info (12021): Found 2 design units, including 1 entities, in source file and32.vhd
    Info (12022): Found design unit 1: and32-and32_imp
    Info (12023): Found entity 1: and32
Info (12021): Found 2 design units, including 1 entities, in source file fulladder.vhd
    Info (12022): Found design unit 1: fulladder-fulladder_imp
    Info (12023): Found entity 1: fulladder
Info (12021): Found 2 design units, including 1 entities, in source file left_shift32.vhd
    Info (12022): Found design unit 1: left_shift32-left_shift_32_imp
    Info (12023): Found entity 1: left_shift32
Info (12021): Found 2 design units, including 1 entities, in source file not32.vhd
    Info (12022): Found design unit 1: not32-not32_imp
    Info (12023): Found entity 1: not32
Info (12021): Found 2 design units, including 1 entities, in source file or32.vhd
    Info (12022): Found design unit 1: or32-or32_imp
    Info (12023): Found entity 1: or32
Info (12021): Found 2 design units, including 1 entities, in source file right_shift32.vhd
    Info (12022): Found design unit 1: right_shift32-right_shift_32_imp
    Info (12023): Found entity 1: right_shift32
Info (12021): Found 2 design units, including 1 entities, in source file pc32.vhd
    Info (12022): Found design unit 1: pc-description
    Info (12023): Found entity 1: pc
Info (12021): Found 2 design units, including 1 entities, in source file register32.vhd
    Info (12022): Found design unit 1: register32-description
    Info (12023): Found entity 1: register32
Info (12021): Found 2 design units, including 1 entities, in source file mux_3to1.vhd
    Info (12022): Found design unit 1: mux_3to1-mux3Implementation
    Info (12023): Found entity 1: mux_3to1
Info (12021): Found 2 design units, including 1 entities, in source file reducer.vhd
    Info (12022): Found design unit 1: reducer-description
    Info (12023): Found entity 1: reducer
Info (12021): Found 2 design units, including 1 entities, in source file uze.vhd
    Info (12022): Found design unit 1: uze-description
    Info (12023): Found entity 1: uze
Info (12021): Found 2 design units, including 1 entities, in source file lze.vhd
    Info (12022): Found design unit 1: lze-description
    Info (12023): Found entity 1: lze
Info (12127): Elaborating entity "datapath" for the top level hierarchy
Warning (10541): VHDL Signal Declaration warning at datapath.vhd(30): used implicit default value for signal "Out_A" because signal was never assigned a value or an explicit default value. Use of implicit default value may introduce unintended design optimizations.
Warning (10541): VHDL Signal Declaration warning at datapath.vhd(32): used implicit default value for signal "Out_B" because signal was never assigned a value or an explicit default value. Use of implicit default value may introduce unintended design optimizations.
Warning (10541): VHDL Signal Declaration warning at datapath.vhd(34): used implicit default value for signal "Out_C" because signal was never assigned a value or an explicit default value. Use of implicit default value may introduce unintended design optimizations.
Warning (10541): VHDL Signal Declaration warning at datapath.vhd(36): used implicit default value for signal "Out_Z" because signal was never assigned a value or an explicit default value. Use of implicit default value may introduce unintended design optimizations.
Warning (10541): VHDL Signal Declaration warning at datapath.vhd(38): used implicit default value for signal "Out_PC" because signal was never assigned a value or an explicit default value. Use of implicit default value may introduce unintended design optimizations.
Warning (10541): VHDL Signal Declaration warning at datapath.vhd(40): used implicit default value for signal "Out_IR" because signal was never assigned a value or an explicit default value. Use of implicit default value may introduce unintended design optimizations.
Warning (10541): VHDL Signal Declaration warning at datapath.vhd(48): used implicit default value for signal "ADDR_OUT" because signal was never assigned a value or an explicit default value. Use of implicit default value may introduce unintended design optimizations.
Warning (10541): VHDL Signal Declaration warning at datapath.vhd(52): used implicit default value for signal "DATA_OUT" because signal was never assigned a value or an explicit default value. Use of implicit default value may introduce unintended design optimizations.
Warning (10541): VHDL Signal Declaration warning at datapath.vhd(52): used implicit default value for signal "MEM_OUT" because signal was never assigned a value or an explicit default value. Use of implicit default value may introduce unintended design optimizations.
Warning (10541): VHDL Signal Declaration warning at datapath.vhd(52): used implicit default value for signal "MEM_IN" because signal was never assigned a value or an explicit default value. Use of implicit default value may introduce unintended design optimizations.
Warning (10541): VHDL Signal Declaration warning at datapath.vhd(53): used implicit default value for signal "MEM_ADDR" because signal was never assigned a value or an explicit default value. Use of implicit default value may introduce unintended design optimizations.
Warning (10036): Verilog HDL or VHDL warning at datapath.vhd(171): object "ALUCout" assigned a value but never read
Warning (10036): Verilog HDL or VHDL warning at datapath.vhd(172): object "ALUZero" assigned a value but never read
Info (12128): Elaborating entity "alu" for hierarchy "alu:ALU1"
Info (12128): Elaborating entity "mux_8to1" for hierarchy "alu:ALU1|mux_8to1:mux1"
Info (12128): Elaborating entity "adder32" for hierarchy "alu:ALU1|adder32:adder1"
Info (12128): Elaborating entity "fulladder" for hierarchy "alu:ALU1|adder32:adder1|fulladder:F1"
Info (12128): Elaborating entity "and32" for hierarchy "alu:ALU1|and32:and1"
Info (12128): Elaborating entity "or32" for hierarchy "alu:ALU1|or32:or1"
Info (12128): Elaborating entity "right_shift32" for hierarchy "alu:ALU1|right_shift32:lsl1"
Info (12128): Elaborating entity "left_shift32" for hierarchy "alu:ALU1|left_shift32:lsr1"
Info (12128): Elaborating entity "mux_2to1" for hierarchy "alu:ALU1|mux_2to1:negMux"
Info (12128): Elaborating entity "not32" for hierarchy "alu:ALU1|not32:notber"
Info (12128): Elaborating entity "mux_3to1" for hierarchy "mux_3to1:mux2_im"
Info (12128): Elaborating entity "data_mem" for hierarchy "data_mem:data_mem1"
Info (12128): Elaborating entity "register32" for hierarchy "register32:reg_A"
Info (12128): Elaborating entity "reducer" for hierarchy "reducer:red1"
Info (12128): Elaborating entity "lze" for hierarchy "lze:lzeA"
Info (12128): Elaborating entity "uze" for hierarchy "uze:uze1"
Warning (13024): Output pins are stuck at VCC or GND
    Warning (13410): Pin "Out_A[0]" is stuck at GND
    Warning (13410): Pin "Out_A[1]" is stuck at GND
    Warning (13410): Pin "Out_A[2]" is stuck at GND
    Warning (13410): Pin "Out_A[3]" is stuck at GND
    Warning (13410): Pin "Out_A[4]" is stuck at GND
    Warning (13410): Pin "Out_A[5]" is stuck at GND
    Warning (13410): Pin "Out_A[6]" is stuck at GND
    Warning (13410): Pin "Out_A[7]" is stuck at GND
    Warning (13410): Pin "Out_A[8]" is stuck at GND
    Warning (13410): Pin "Out_A[9]" is stuck at GND
    Warning (13410): Pin "Out_A[10]" is stuck at GND
    Warning (13410): Pin "Out_A[11]" is stuck at GND
    Warning (13410): Pin "Out_A[12]" is stuck at GND
    Warning (13410): Pin "Out_A[13]" is stuck at GND
    Warning (13410): Pin "Out_A[14]" is stuck at GND
    Warning (13410): Pin "Out_A[15]" is stuck at GND
    Warning (13410): Pin "Out_A[16]" is stuck at GND
    Warning (13410): Pin "Out_A[17]" is stuck at GND
    Warning (13410): Pin "Out_A[18]" is stuck at GND
    Warning (13410): Pin "Out_A[19]" is stuck at GND
    Warning (13410): Pin "Out_A[20]" is stuck at GND
    Warning (13410): Pin "Out_A[21]" is stuck at GND
    Warning (13410): Pin "Out_A[22]" is stuck at GND
    Warning (13410): Pin "Out_A[23]" is stuck at GND
    Warning (13410): Pin "Out_A[24]" is stuck at GND
    Warning (13410): Pin "Out_A[25]" is stuck at GND
    Warning (13410): Pin "Out_A[26]" is stuck at GND
    Warning (13410): Pin "Out_A[27]" is stuck at GND
    Warning (13410): Pin "Out_A[28]" is stuck at GND
    Warning (13410): Pin "Out_A[29]" is stuck at GND
    Warning (13410): Pin "Out_A[30]" is stuck at GND
    Warning (13410): Pin "Out_A[31]" is stuck at GND
    Warning (13410): Pin "Out_B[0]" is stuck at GND
    Warning (13410): Pin "Out_B[1]" is stuck at GND
    Warning (13410): Pin "Out_B[2]" is stuck at GND
    Warning (13410): Pin "Out_B[3]" is stuck at GND
    Warning (13410): Pin "Out_B[4]" is stuck at GND
    Warning (13410): Pin "Out_B[5]" is stuck at GND
    Warning (13410): Pin "Out_B[6]" is stuck at GND
    Warning (13410): Pin "Out_B[7]" is stuck at GND
    Warning (13410): Pin "Out_B[8]" is stuck at GND
    Warning (13410): Pin "Out_B[9]" is stuck at GND
    Warning (13410): Pin "Out_B[10]" is stuck at GND
    Warning (13410): Pin "Out_B[11]" is stuck at GND
    Warning (13410): Pin "Out_B[12]" is stuck at GND
    Warning (13410): Pin "Out_B[13]" is stuck at GND
    Warning (13410): Pin "Out_B[14]" is stuck at GND
    Warning (13410): Pin "Out_B[15]" is stuck at GND
    Warning (13410): Pin "Out_B[16]" is stuck at GND
    Warning (13410): Pin "Out_B[17]" is stuck at GND
    Warning (13410): Pin "Out_B[18]" is stuck at GND
    Warning (13410): Pin "Out_B[19]" is stuck at GND
    Warning (13410): Pin "Out_B[20]" is stuck at GND
    Warning (13410): Pin "Out_B[21]" is stuck at GND
    Warning (13410): Pin "Out_B[22]" is stuck at GND
    Warning (13410): Pin "Out_B[23]" is stuck at GND
    Warning (13410): Pin "Out_B[24]" is stuck at GND
    Warning (13410): Pin "Out_B[25]" is stuck at GND
    Warning (13410): Pin "Out_B[26]" is stuck at GND
    Warning (13410): Pin "Out_B[27]" is stuck at GND
    Warning (13410): Pin "Out_B[28]" is stuck at GND
    Warning (13410): Pin "Out_B[29]" is stuck at GND
    Warning (13410): Pin "Out_B[30]" is stuck at GND
    Warning (13410): Pin "Out_B[31]" is stuck at GND
    Warning (13410): Pin "Out_C" is stuck at GND
    Warning (13410): Pin "Out_Z" is stuck at GND
    Warning (13410): Pin "Out_PC[0]" is stuck at GND
    Warning (13410): Pin "Out_PC[1]" is stuck at GND
    Warning (13410): Pin "Out_PC[2]" is stuck at GND
    Warning (13410): Pin "Out_PC[3]" is stuck at GND
    Warning (13410): Pin "Out_PC[4]" is stuck at GND
    Warning (13410): Pin "Out_PC[5]" is stuck at GND
    Warning (13410): Pin "Out_PC[6]" is stuck at GND
    Warning (13410): Pin "Out_PC[7]" is stuck at GND
    Warning (13410): Pin "Out_PC[8]" is stuck at GND
    Warning (13410): Pin "Out_PC[9]" is stuck at GND
    Warning (13410): Pin "Out_PC[10]" is stuck at GND
    Warning (13410): Pin "Out_PC[11]" is stuck at GND
    Warning (13410): Pin "Out_PC[12]" is stuck at GND
    Warning (13410): Pin "Out_PC[13]" is stuck at GND
    Warning (13410): Pin "Out_PC[14]" is stuck at GND
    Warning (13410): Pin "Out_PC[15]" is stuck at GND
    Warning (13410): Pin "Out_PC[16]" is stuck at GND
    Warning (13410): Pin "Out_PC[17]" is stuck at GND
    Warning (13410): Pin "Out_PC[18]" is stuck at GND
    Warning (13410): Pin "Out_PC[19]" is stuck at GND
    Warning (13410): Pin "Out_PC[20]" is stuck at GND
    Warning (13410): Pin "Out_PC[21]" is stuck at GND
    Warning (13410): Pin "Out_PC[22]" is stuck at GND
    Warning (13410): Pin "Out_PC[23]" is stuck at GND
    Warning (13410): Pin "Out_PC[24]" is stuck at GND
    Warning (13410): Pin "Out_PC[25]" is stuck at GND
    Warning (13410): Pin "Out_PC[26]" is stuck at GND
    Warning (13410): Pin "Out_PC[27]" is stuck at GND
    Warning (13410): Pin "Out_PC[28]" is stuck at GND
    Warning (13410): Pin "Out_PC[29]" is stuck at GND
    Warning (13410): Pin "Out_PC[30]" is stuck at GND
    Warning (13410): Pin "Out_PC[31]" is stuck at GND
    Warning (13410): Pin "Out_IR[0]" is stuck at GND
    Warning (13410): Pin "Out_IR[1]" is stuck at GND
    Warning (13410): Pin "Out_IR[2]" is stuck at GND
    Warning (13410): Pin "Out_IR[3]" is stuck at GND
    Warning (13410): Pin "Out_IR[4]" is stuck at GND
    Warning (13410): Pin "Out_IR[5]" is stuck at GND
    Warning (13410): Pin "Out_IR[6]" is stuck at GND
    Warning (13410): Pin "Out_IR[7]" is stuck at GND
    Warning (13410): Pin "Out_IR[8]" is stuck at GND
    Warning (13410): Pin "Out_IR[9]" is stuck at GND
    Warning (13410): Pin "Out_IR[10]" is stuck at GND
    Warning (13410): Pin "Out_IR[11]" is stuck at GND
    Warning (13410): Pin "Out_IR[12]" is stuck at GND
    Warning (13410): Pin "Out_IR[13]" is stuck at GND
    Warning (13410): Pin "Out_IR[14]" is stuck at GND
    Warning (13410): Pin "Out_IR[15]" is stuck at GND
    Warning (13410): Pin "Out_IR[16]" is stuck at GND
    Warning (13410): Pin "Out_IR[17]" is stuck at GND
    Warning (13410): Pin "Out_IR[18]" is stuck at GND
    Warning (13410): Pin "Out_IR[19]" is stuck at GND
    Warning (13410): Pin "Out_IR[20]" is stuck at GND
    Warning (13410): Pin "Out_IR[21]" is stuck at GND
    Warning (13410): Pin "Out_IR[22]" is stuck at GND
    Warning (13410): Pin "Out_IR[23]" is stuck at GND
    Warning (13410): Pin "Out_IR[24]" is stuck at GND
    Warning (13410): Pin "Out_IR[25]" is stuck at GND
    Warning (13410): Pin "Out_IR[26]" is stuck at GND
    Warning (13410): Pin "Out_IR[27]" is stuck at GND
    Warning (13410): Pin "Out_IR[28]" is stuck at GND
    Warning (13410): Pin "Out_IR[29]" is stuck at GND
    Warning (13410): Pin "Out_IR[30]" is stuck at GND
    Warning (13410): Pin "Out_IR[31]" is stuck at GND
    Warning (13410): Pin "ADDR_OUT[0]" is stuck at GND
    Warning (13410): Pin "ADDR_OUT[1]" is stuck at GND
    Warning (13410): Pin "ADDR_OUT[2]" is stuck at GND
    Warning (13410): Pin "ADDR_OUT[3]" is stuck at GND
    Warning (13410): Pin "ADDR_OUT[4]" is stuck at GND
    Warning (13410): Pin "ADDR_OUT[5]" is stuck at GND
    Warning (13410): Pin "ADDR_OUT[6]" is stuck at GND
    Warning (13410): Pin "ADDR_OUT[7]" is stuck at GND
    Warning (13410): Pin "ADDR_OUT[8]" is stuck at GND
    Warning (13410): Pin "ADDR_OUT[9]" is stuck at GND
    Warning (13410): Pin "ADDR_OUT[10]" is stuck at GND
    Warning (13410): Pin "ADDR_OUT[11]" is stuck at GND
    Warning (13410): Pin "ADDR_OUT[12]" is stuck at GND
    Warning (13410): Pin "ADDR_OUT[13]" is stuck at GND
    Warning (13410): Pin "ADDR_OUT[14]" is stuck at GND
    Warning (13410): Pin "ADDR_OUT[15]" is stuck at GND
    Warning (13410): Pin "ADDR_OUT[16]" is stuck at GND
    Warning (13410): Pin "ADDR_OUT[17]" is stuck at GND
    Warning (13410): Pin "ADDR_OUT[18]" is stuck at GND
    Warning (13410): Pin "ADDR_OUT[19]" is stuck at GND
    Warning (13410): Pin "ADDR_OUT[20]" is stuck at GND
    Warning (13410): Pin "ADDR_OUT[21]" is stuck at GND
    Warning (13410): Pin "ADDR_OUT[22]" is stuck at GND
    Warning (13410): Pin "ADDR_OUT[23]" is stuck at GND
    Warning (13410): Pin "ADDR_OUT[24]" is stuck at GND
    Warning (13410): Pin "ADDR_OUT[25]" is stuck at GND
    Warning (13410): Pin "ADDR_OUT[26]" is stuck at GND
    Warning (13410): Pin "ADDR_OUT[27]" is stuck at GND
    Warning (13410): Pin "ADDR_OUT[28]" is stuck at GND
    Warning (13410): Pin "ADDR_OUT[29]" is stuck at GND
    Warning (13410): Pin "ADDR_OUT[30]" is stuck at GND
    Warning (13410): Pin "ADDR_OUT[31]" is stuck at GND
    Warning (13410): Pin "DATA_OUT[0]" is stuck at GND
    Warning (13410): Pin "DATA_OUT[1]" is stuck at GND
    Warning (13410): Pin "DATA_OUT[2]" is stuck at GND
    Warning (13410): Pin "DATA_OUT[3]" is stuck at GND
    Warning (13410): Pin "DATA_OUT[4]" is stuck at GND
    Warning (13410): Pin "DATA_OUT[5]" is stuck at GND
    Warning (13410): Pin "DATA_OUT[6]" is stuck at GND
    Warning (13410): Pin "DATA_OUT[7]" is stuck at GND
    Warning (13410): Pin "DATA_OUT[8]" is stuck at GND
    Warning (13410): Pin "DATA_OUT[9]" is stuck at GND
    Warning (13410): Pin "DATA_OUT[10]" is stuck at GND
    Warning (13410): Pin "DATA_OUT[11]" is stuck at GND
    Warning (13410): Pin "DATA_OUT[12]" is stuck at GND
    Warning (13410): Pin "DATA_OUT[13]" is stuck at GND
    Warning (13410): Pin "DATA_OUT[14]" is stuck at GND
    Warning (13410): Pin "DATA_OUT[15]" is stuck at GND
    Warning (13410): Pin "DATA_OUT[16]" is stuck at GND
    Warning (13410): Pin "DATA_OUT[17]" is stuck at GND
    Warning (13410): Pin "DATA_OUT[18]" is stuck at GND
    Warning (13410): Pin "DATA_OUT[19]" is stuck at GND
    Warning (13410): Pin "DATA_OUT[20]" is stuck at GND
    Warning (13410): Pin "DATA_OUT[21]" is stuck at GND
    Warning (13410): Pin "DATA_OUT[22]" is stuck at GND
    Warning (13410): Pin "DATA_OUT[23]" is stuck at GND
    Warning (13410): Pin "DATA_OUT[24]" is stuck at GND
    Warning (13410): Pin "DATA_OUT[25]" is stuck at GND
    Warning (13410): Pin "DATA_OUT[26]" is stuck at GND
    Warning (13410): Pin "DATA_OUT[27]" is stuck at GND
    Warning (13410): Pin "DATA_OUT[28]" is stuck at GND
    Warning (13410): Pin "DATA_OUT[29]" is stuck at GND
    Warning (13410): Pin "DATA_OUT[30]" is stuck at GND
    Warning (13410): Pin "DATA_OUT[31]" is stuck at GND
    Warning (13410): Pin "MEM_OUT[0]" is stuck at GND
    Warning (13410): Pin "MEM_OUT[1]" is stuck at GND
    Warning (13410): Pin "MEM_OUT[2]" is stuck at GND
    Warning (13410): Pin "MEM_OUT[3]" is stuck at GND
    Warning (13410): Pin "MEM_OUT[4]" is stuck at GND
    Warning (13410): Pin "MEM_OUT[5]" is stuck at GND
    Warning (13410): Pin "MEM_OUT[6]" is stuck at GND
    Warning (13410): Pin "MEM_OUT[7]" is stuck at GND
    Warning (13410): Pin "MEM_OUT[8]" is stuck at GND
    Warning (13410): Pin "MEM_OUT[9]" is stuck at GND
    Warning (13410): Pin "MEM_OUT[10]" is stuck at GND
    Warning (13410): Pin "MEM_OUT[11]" is stuck at GND
    Warning (13410): Pin "MEM_OUT[12]" is stuck at GND
    Warning (13410): Pin "MEM_OUT[13]" is stuck at GND
    Warning (13410): Pin "MEM_OUT[14]" is stuck at GND
    Warning (13410): Pin "MEM_OUT[15]" is stuck at GND
    Warning (13410): Pin "MEM_OUT[16]" is stuck at GND
    Warning (13410): Pin "MEM_OUT[17]" is stuck at GND
    Warning (13410): Pin "MEM_OUT[18]" is stuck at GND
    Warning (13410): Pin "MEM_OUT[19]" is stuck at GND
    Warning (13410): Pin "MEM_OUT[20]" is stuck at GND
    Warning (13410): Pin "MEM_OUT[21]" is stuck at GND
    Warning (13410): Pin "MEM_OUT[22]" is stuck at GND
    Warning (13410): Pin "MEM_OUT[23]" is stuck at GND
    Warning (13410): Pin "MEM_OUT[24]" is stuck at GND
    Warning (13410): Pin "MEM_OUT[25]" is stuck at GND
    Warning (13410): Pin "MEM_OUT[26]" is stuck at GND
    Warning (13410): Pin "MEM_OUT[27]" is stuck at GND
    Warning (13410): Pin "MEM_OUT[28]" is stuck at GND
    Warning (13410): Pin "MEM_OUT[29]" is stuck at GND
    Warning (13410): Pin "MEM_OUT[30]" is stuck at GND
    Warning (13410): Pin "MEM_OUT[31]" is stuck at GND
    Warning (13410): Pin "MEM_IN[0]" is stuck at GND
    Warning (13410): Pin "MEM_IN[1]" is stuck at GND
    Warning (13410): Pin "MEM_IN[2]" is stuck at GND
    Warning (13410): Pin "MEM_IN[3]" is stuck at GND
    Warning (13410): Pin "MEM_IN[4]" is stuck at GND
    Warning (13410): Pin "MEM_IN[5]" is stuck at GND
    Warning (13410): Pin "MEM_IN[6]" is stuck at GND
    Warning (13410): Pin "MEM_IN[7]" is stuck at GND
    Warning (13410): Pin "MEM_IN[8]" is stuck at GND
    Warning (13410): Pin "MEM_IN[9]" is stuck at GND
    Warning (13410): Pin "MEM_IN[10]" is stuck at GND
    Warning (13410): Pin "MEM_IN[11]" is stuck at GND
    Warning (13410): Pin "MEM_IN[12]" is stuck at GND
    Warning (13410): Pin "MEM_IN[13]" is stuck at GND
    Warning (13410): Pin "MEM_IN[14]" is stuck at GND
    Warning (13410): Pin "MEM_IN[15]" is stuck at GND
    Warning (13410): Pin "MEM_IN[16]" is stuck at GND
    Warning (13410): Pin "MEM_IN[17]" is stuck at GND
    Warning (13410): Pin "MEM_IN[18]" is stuck at GND
    Warning (13410): Pin "MEM_IN[19]" is stuck at GND
    Warning (13410): Pin "MEM_IN[20]" is stuck at GND
    Warning (13410): Pin "MEM_IN[21]" is stuck at GND
    Warning (13410): Pin "MEM_IN[22]" is stuck at GND
    Warning (13410): Pin "MEM_IN[23]" is stuck at GND
    Warning (13410): Pin "MEM_IN[24]" is stuck at GND
    Warning (13410): Pin "MEM_IN[25]" is stuck at GND
    Warning (13410): Pin "MEM_IN[26]" is stuck at GND
    Warning (13410): Pin "MEM_IN[27]" is stuck at GND
    Warning (13410): Pin "MEM_IN[28]" is stuck at GND
    Warning (13410): Pin "MEM_IN[29]" is stuck at GND
    Warning (13410): Pin "MEM_IN[30]" is stuck at GND
    Warning (13410): Pin "MEM_IN[31]" is stuck at GND
    Warning (13410): Pin "MEM_ADDR[0]" is stuck at GND
    Warning (13410): Pin "MEM_ADDR[1]" is stuck at GND
    Warning (13410): Pin "MEM_ADDR[2]" is stuck at GND
    Warning (13410): Pin "MEM_ADDR[3]" is stuck at GND
    Warning (13410): Pin "MEM_ADDR[4]" is stuck at GND
    Warning (13410): Pin "MEM_ADDR[5]" is stuck at GND
    Warning (13410): Pin "MEM_ADDR[6]" is stuck at GND
    Warning (13410): Pin "MEM_ADDR[7]" is stuck at GND
Info (16010): Generating hard_block partition "hard_block:auto_generated_inst"
    Info (16011): Adding 0 node(s), including 0 DDIO, 0 PLL, 0 transceiver and 0 LCELL
Warning (21074): Design contains 60 input pin(s) that do not drive logic
    Warning (15610): No output dependent on input pin "Clk"
    Warning (15610): No output dependent on input pin "mClk"
    Warning (15610): No output dependent on input pin "WEN"
    Warning (15610): No output dependent on input pin "EN"
    Warning (15610): No output dependent on input pin "Clr_A"
    Warning (15610): No output dependent on input pin "Ld_A"
    Warning (15610): No output dependent on input pin "Clr_B"
    Warning (15610): No output dependent on input pin "Ld_B"
    Warning (15610): No output dependent on input pin "Clr_C"
    Warning (15610): No output dependent on input pin "Ld_C"
    Warning (15610): No output dependent on input pin "Clr_Z"
    Warning (15610): No output dependent on input pin "Ld_Z"
    Warning (15610): No output dependent on input pin "Clr_PC"
    Warning (15610): No output dependent on input pin "Ld_PC"
    Warning (15610): No output dependent on input pin "Clr_IR"
    Warning (15610): No output dependent on input pin "Ld_IR"
    Warning (15610): No output dependent on input pin "Inc_PC"
    Warning (15610): No output dependent on input pin "DATA_IN[0]"
    Warning (15610): No output dependent on input pin "DATA_IN[1]"
    Warning (15610): No output dependent on input pin "DATA_IN[2]"
    Warning (15610): No output dependent on input pin "DATA_IN[3]"
    Warning (15610): No output dependent on input pin "DATA_IN[4]"
    Warning (15610): No output dependent on input pin "DATA_IN[5]"
    Warning (15610): No output dependent on input pin "DATA_IN[6]"
    Warning (15610): No output dependent on input pin "DATA_IN[7]"
    Warning (15610): No output dependent on input pin "DATA_IN[8]"
    Warning (15610): No output dependent on input pin "DATA_IN[9]"
    Warning (15610): No output dependent on input pin "DATA_IN[10]"
    Warning (15610): No output dependent on input pin "DATA_IN[11]"
    Warning (15610): No output dependent on input pin "DATA_IN[12]"
    Warning (15610): No output dependent on input pin "DATA_IN[13]"
    Warning (15610): No output dependent on input pin "DATA_IN[14]"
    Warning (15610): No output dependent on input pin "DATA_IN[15]"
    Warning (15610): No output dependent on input pin "DATA_IN[16]"
    Warning (15610): No output dependent on input pin "DATA_IN[17]"
    Warning (15610): No output dependent on input pin "DATA_IN[18]"
    Warning (15610): No output dependent on input pin "DATA_IN[19]"
    Warning (15610): No output dependent on input pin "DATA_IN[20]"
    Warning (15610): No output dependent on input pin "DATA_IN[21]"
    Warning (15610): No output dependent on input pin "DATA_IN[22]"
    Warning (15610): No output dependent on input pin "DATA_IN[23]"
    Warning (15610): No output dependent on input pin "DATA_IN[24]"
    Warning (15610): No output dependent on input pin "DATA_IN[25]"
    Warning (15610): No output dependent on input pin "DATA_IN[26]"
    Warning (15610): No output dependent on input pin "DATA_IN[27]"
    Warning (15610): No output dependent on input pin "DATA_IN[28]"
    Warning (15610): No output dependent on input pin "DATA_IN[29]"
    Warning (15610): No output dependent on input pin "DATA_IN[30]"
    Warning (15610): No output dependent on input pin "DATA_IN[31]"
    Warning (15610): No output dependent on input pin "DATA_Mux[0]"
    Warning (15610): No output dependent on input pin "DATA_Mux[1]"
    Warning (15610): No output dependent on input pin "REG_Mux"
    Warning (15610): No output dependent on input pin "A_MUX"
    Warning (15610): No output dependent on input pin "B_MUX"
    Warning (15610): No output dependent on input pin "IM_MUX1"
    Warning (15610): No output dependent on input pin "IM_MUX2[0]"
    Warning (15610): No output dependent on input pin "IM_MUX2[1]"
    Warning (15610): No output dependent on input pin "ALU_Op[0]"
    Warning (15610): No output dependent on input pin "ALU_Op[1]"
    Warning (15610): No output dependent on input pin "ALU_Op[2]"
Info (21057): Implemented 326 device resources after synthesis - the final resource count might be different
    Info (21058): Implemented 60 input pins
    Info (21059): Implemented 266 output pins
Info: Quartus II 64-Bit Analysis & Synthesis was successful. 0 errors, 341 warnings
    Info: Peak virtual memory: 887 megabytes
    Info: Processing ended: Fri Mar  8 17:43:55 2019
    Info: Elapsed time: 00:00:08
    Info: Total CPU time (on all processors): 00:00:05


