<html>
<body>
<pre>
<h1>µVision Build Log</h1>
<h2>Project:</h2>
S:\Desktop\NEW PROJECT\718Project\Project\finalproject_mediacenter.uvproj
Project File Date:  11/28/2019

<h2>Output:</h2>
Rebuild target 'LPC1700'
assembling startup_LPC17xx.s...
compiling system_LPC17xx.c...
compiling core_cm3.c...
compiling GLCD_SPI_LPC1700.c...
compiling IRQ.c...
compiling LED.c...
compiling KBD.c...
compiling Media_Center.c...
compiling monsterhunter.c...
compiling SSBU.c...
compiling zelda.c...
compiling death_stranding.c...
compiling Photo_Gallery.c...
compiling Photo_Viewer.c...
compiling usbdmain.c...
compiling adcuser.c...
compiling usbcore.c...
compiling usbdesc.c...
compiling usbhw.c...
compiling usbuser.c...
compiling Game.c...
compiling playertank.c...
compiling blacccc.c...
compiling enemydown.c...
compiling enemyleft.c...
compiling enemyright.c...
compiling enemyup.c...
compiling playerdown.c...
compiling playerleft.c...
compiling playerup.c...
linking...
Program Size: Code=15232 RO-data=271680 RW-data=276 ZI-data=1348  
".\finalproject_mediacenter.axf" - 0 Error(s), 0 Warning(s).
Load "S:\\Desktop\\NEW PROJECT\\718Project\\Project\\finalproject_mediacenter.axf" 
Internal DLL Error
Error: Flash Download failed  -  Target DLL has been cancelled
Load "S:\\Desktop\\NEW PROJECT\\718Project\\Project\\finalproject_mediacenter.axf" 
Erase Done.
Programming Done.
Verify OK.
