------------------------------------------------------------
TimeQuest Timing Analyzer Summary
------------------------------------------------------------

Type  : Slow 1200mV 85C Model Setup 'cpu1:main_processor|control:C1|ALU_op[0]'
Slack : -8.422
TNS   : -346.767

Type  : Slow 1200mV 85C Model Setup 'cpuClk'
Slack : -7.588
TNS   : -967.273

Type  : Slow 1200mV 85C Model Setup 'memClk'
Slack : -5.488
TNS   : -157.996

Type  : Slow 1200mV 85C Model Setup 'cpu1:main_processor|reset_circuit:R1|Enable_PD'
Slack : -5.346
TNS   : -45.669

Type  : Slow 1200mV 85C Model Hold 'cpu1:main_processor|control:C1|ALU_op[0]'
Slack : 0.307
TNS   : 0.000

Type  : Slow 1200mV 85C Model Hold 'cpuClk'
Slack : 0.403
TNS   : 0.000

Type  : Slow 1200mV 85C Model Hold 'cpu1:main_processor|reset_circuit:R1|Enable_PD'
Slack : 0.435
TNS   : 0.000

Type  : Slow 1200mV 85C Model Hold 'memClk'
Slack : 0.529
TNS   : 0.000

Type  : Slow 1200mV 85C Model Recovery 'cpuClk'
Slack : -7.485
TNS   : -475.188

Type  : Slow 1200mV 85C Model Removal 'cpuClk'
Slack : 1.144
TNS   : 0.000

Type  : Slow 1200mV 85C Model Minimum Pulse Width 'cpuClk'
Slack : -3.000
TNS   : -224.143

Type  : Slow 1200mV 85C Model Minimum Pulse Width 'memClk'
Slack : -3.000
TNS   : -65.541

Type  : Slow 1200mV 85C Model Minimum Pulse Width 'cpu1:main_processor|reset_circuit:R1|Enable_PD'
Slack : 0.301
TNS   : 0.000

Type  : Slow 1200mV 85C Model Minimum Pulse Width 'cpu1:main_processor|control:C1|ALU_op[0]'
Slack : 0.441
TNS   : 0.000

Type  : Slow 1200mV 0C Model Setup 'cpu1:main_processor|control:C1|ALU_op[0]'
Slack : -7.598
TNS   : -315.499

Type  : Slow 1200mV 0C Model Setup 'cpuClk'
Slack : -6.872
TNS   : -868.638

Type  : Slow 1200mV 0C Model Setup 'memClk'
Slack : -5.001
TNS   : -142.706

Type  : Slow 1200mV 0C Model Setup 'cpu1:main_processor|reset_circuit:R1|Enable_PD'
Slack : -4.872
TNS   : -41.984

Type  : Slow 1200mV 0C Model Hold 'cpu1:main_processor|control:C1|ALU_op[0]'
Slack : 0.256
TNS   : 0.000

Type  : Slow 1200mV 0C Model Hold 'cpuClk'
Slack : 0.355
TNS   : 0.000

Type  : Slow 1200mV 0C Model Hold 'memClk'
Slack : 0.494
TNS   : 0.000

Type  : Slow 1200mV 0C Model Hold 'cpu1:main_processor|reset_circuit:R1|Enable_PD'
Slack : 0.534
TNS   : 0.000

Type  : Slow 1200mV 0C Model Recovery 'cpuClk'
Slack : -6.683
TNS   : -425.875

Type  : Slow 1200mV 0C Model Removal 'cpuClk'
Slack : 1.046
TNS   : 0.000

Type  : Slow 1200mV 0C Model Minimum Pulse Width 'cpuClk'
Slack : -3.000
TNS   : -224.099

Type  : Slow 1200mV 0C Model Minimum Pulse Width 'memClk'
Slack : -3.000
TNS   : -65.233

Type  : Slow 1200mV 0C Model Minimum Pulse Width 'cpu1:main_processor|control:C1|ALU_op[0]'
Slack : 0.334
TNS   : 0.000

Type  : Slow 1200mV 0C Model Minimum Pulse Width 'cpu1:main_processor|reset_circuit:R1|Enable_PD'
Slack : 0.454
TNS   : 0.000

Type  : Fast 1200mV 0C Model Setup 'cpu1:main_processor|control:C1|ALU_op[0]'
Slack : -4.167
TNS   : -173.789

Type  : Fast 1200mV 0C Model Setup 'cpuClk'
Slack : -3.032
TNS   : -367.358

Type  : Fast 1200mV 0C Model Setup 'cpu1:main_processor|reset_circuit:R1|Enable_PD'
Slack : -2.061
TNS   : -16.785

Type  : Fast 1200mV 0C Model Setup 'memClk'
Slack : -2.036
TNS   : -47.470

Type  : Fast 1200mV 0C Model Hold 'cpu1:main_processor|control:C1|ALU_op[0]'
Slack : -0.074
TNS   : -0.074

Type  : Fast 1200mV 0C Model Hold 'cpuClk'
Slack : 0.182
TNS   : 0.000

Type  : Fast 1200mV 0C Model Hold 'memClk'
Slack : 0.188
TNS   : 0.000

Type  : Fast 1200mV 0C Model Hold 'cpu1:main_processor|reset_circuit:R1|Enable_PD'
Slack : 0.277
TNS   : 0.000

Type  : Fast 1200mV 0C Model Recovery 'cpuClk'
Slack : -3.079
TNS   : -191.244

Type  : Fast 1200mV 0C Model Removal 'cpuClk'
Slack : 0.345
TNS   : 0.000

Type  : Fast 1200mV 0C Model Minimum Pulse Width 'cpuClk'
Slack : -3.000
TNS   : -184.795

Type  : Fast 1200mV 0C Model Minimum Pulse Width 'memClk'
Slack : -3.000
TNS   : -48.499

Type  : Fast 1200mV 0C Model Minimum Pulse Width 'cpu1:main_processor|reset_circuit:R1|Enable_PD'
Slack : 0.181
TNS   : 0.000

Type  : Fast 1200mV 0C Model Minimum Pulse Width 'cpu1:main_processor|control:C1|ALU_op[0]'
Slack : 0.243
TNS   : 0.000

------------------------------------------------------------
