<html>
<body>
<pre>
<h1>µVision Build Log</h1>
<h2>Project:</h2>
C:\Users\sahib\OneDrive\Documents\coe718\lab3a_1\lab3a.uvproj
Project File Date:  10/07/2019

<h2>Output:</h2>
Rebuild target 'Target 1'
assembling startup_LPC17xx.s...
compiling system_LPC17xx.c...
compiling RTX_Conf_CM.c...
RTX_Conf_CM.c(277): warning:  #1-D: last line of file ends without a newline
   *---------------------------------------------------------------------------*/
RTX_Conf_CM.c: 1 warning, 0 errors
compiling GLCD_SPI_LPC1700.c...
compiling KBD.c...
KBD.h(30): warning:  #1-D: last line of file ends without a newline
  #endif
KBD.c(50): warning:  #1-D: last line of file ends without a newline
  } 
KBD.c: 2 warnings, 0 errors
compiling Demo.c...
Demo.c(169): warning:  #1-D: last line of file ends without a newline
  }
Demo.c: 1 warning, 0 errors
compiling LED.c...
linking...
Program Size: Code=6840 RO-data=348 RW-data=116 ZI-data=4052  
".\lab3a.axf" - 0 Error(s), 4 Warning(s).
</pre>
</body>
</html>
