V3 42
FL /home/student1/abradau/Desktop/CACHE2/CacheController.vhd 2016/10/28.13:06:55 O.87xd
FL /home/student1/abradau/Desktop/CACHE2/CPU_gen.vhd 2016/10/27.13:42:42 O.87xd
FL /home/student1/abradau/Desktop/CACHE2/ipcore_dir/icon.vhd 2016/10/27.13:42:56 O.87xd
FL /home/student1/abradau/Desktop/CACHE2/ipcore_dir/ila.vhd 2016/10/27.13:42:56 O.87xd
FL /home/student1/abradau/Desktop/CACHE2/ipcore_dir/SRAM.vhd 2016/10/27.13:42:54 O.87xd
FL /home/student1/abradau/Desktop/CACHE2/SDRAMController.vhd 2016/10/27.13:42:24 O.87xd
EN work/SDRAMController 1477603121 \
      FL /home/student1/abradau/Desktop/CACHE2/SDRAMController.vhd \
      PB ieee/std_logic_1164 1317710503 PB ieee/NUMERIC_STD 1317710508
AR work/SDRAMController/Behavioral 1477603122 \
      FL /home/student1/abradau/Desktop/CACHE2/SDRAMController.vhd \
      EN work/SDRAMController 1477603121
FL /home/student1/d3krishn/Desktop/CACHE2/CacheController.vhd 2015/11/03.13:46:55 O.87xd
FL /home/student1/d3krishn/Desktop/CACHE2/CPU_gen.vhd 2015/10/31.14:39:34 O.87xd
FL /home/student1/d3krishn/Desktop/CACHE2/ipcore_dir/icon.vhd 2015/11/01.18:05:10 O.87xd
FL /home/student1/d3krishn/Desktop/CACHE2/ipcore_dir/ila.vhd 2015/11/01.19:15:24 O.87xd
FL /home/student1/d3krishn/Desktop/CACHE2/ipcore_dir/SRAM.vhd 2015/11/01.14:56:56 O.87xd
FL /home/student1/d3krishn/Desktop/CACHE2/SDRAMController.vhd 2015/10/31.16:31:18 O.87xd
FL /home/student2/k76patel/coe758/CACHE2/CACHE2/CacheController.vhd 2016/10/28.15:38:42 O.87xd
EN work/CacheController 1571616778 \
      FL /home/student2/k76patel/coe758/CACHE2/CACHE2/CacheController.vhd \
      PB ieee/std_logic_1164 1317710503 PB ieee/NUMERIC_STD 1317710508
AR work/CacheController/Behavioral 1571616779 \
      FL /home/student2/k76patel/coe758/CACHE2/CACHE2/CacheController.vhd \
      EN work/CacheController 1571616778 CP CPU_gen CP SRAM CP icon CP ila
FL /home/student2/k76patel/coe758/CACHE2/CACHE2/CPU_gen.vhd 2016/10/27.13:42:42 O.87xd
EN work/CPU_gen 1571616770 \
      FL /home/student2/k76patel/coe758/CACHE2/CACHE2/CPU_gen.vhd \
      PB ieee/std_logic_1164 1317710503 PB ieee/std_logic_arith 1317710504 \
      PB ieee/STD_LOGIC_UNSIGNED 1317710506
AR work/CPU_gen/Behavioral 1571616771 \
      FL /home/student2/k76patel/coe758/CACHE2/CACHE2/CPU_gen.vhd EN work/CPU_gen 1571616770
FL /home/student2/k76patel/coe758/CACHE2/CACHE2/ipcore_dir/icon.vhd 2016/10/27.13:42:56 O.87xd
EN work/icon 1571616774 \
      FL /home/student2/k76patel/coe758/CACHE2/CACHE2/ipcore_dir/icon.vhd \
      PB ieee/std_logic_1164 1317710503
AR work/icon/icon_a 1571616775 \
      FL /home/student2/k76patel/coe758/CACHE2/CACHE2/ipcore_dir/icon.vhd \
      EN work/icon 1571616774
FL /home/student2/k76patel/coe758/CACHE2/CACHE2/ipcore_dir/ila.vhd 2016/10/27.13:42:56 O.87xd
EN work/ila 1571616776 \
      FL /home/student2/k76patel/coe758/CACHE2/CACHE2/ipcore_dir/ila.vhd \
      PB ieee/std_logic_1164 1317710503
AR work/ila/ila_a 1571616777 \
      FL /home/student2/k76patel/coe758/CACHE2/CACHE2/ipcore_dir/ila.vhd \
      EN work/ila 1571616776
FL /home/student2/k76patel/coe758/CACHE2/CACHE2/ipcore_dir/SRAM.vhd 2016/10/27.13:42:54 O.87xd
EN work/SRAM 1571616772 \
      FL /home/student2/k76patel/coe758/CACHE2/CACHE2/ipcore_dir/SRAM.vhd \
      PB ieee/std_logic_1164 1317710503
AR work/SRAM/SRAM_a 1571616773 \
      FL /home/student2/k76patel/coe758/CACHE2/CACHE2/ipcore_dir/SRAM.vhd \
      EN work/SRAM 1571616772
FL "/media/0AE8-77F0/Ryerson EE Account/COE758/CacheProject/CacheControllerProject/CACHE2/CacheController.vhd" 2015/11/01.19:27:54 O.87xd
FL "/media/0AE8-77F0/Ryerson EE Account/COE758/CacheProject/CacheControllerProject/CACHE2/CPU_gen.vhd" 2015/10/31.14:39:34 O.87xd
FL "/media/0AE8-77F0/Ryerson EE Account/COE758/CacheProject/CacheControllerProject/CACHE2/ipcore_dir/icon.vhd" 2015/11/01.18:05:10 O.87xd
FL "/media/0AE8-77F0/Ryerson EE Account/COE758/CacheProject/CacheControllerProject/CACHE2/ipcore_dir/ila.vhd" 2015/11/01.19:15:24 O.87xd
FL "/media/0AE8-77F0/Ryerson EE Account/COE758/CacheProject/CacheControllerProject/CACHE2/ipcore_dir/SRAM.vhd" 2015/11/01.14:56:56 O.87xd
FL "/media/0AE8-77F0/Ryerson EE Account/COE758/CacheProject/CacheControllerProject/CACHE2/ipcore_dir/vio.vhd" 2015/11/01.16:41:12 O.87xd
EN work/vio 1446418507 \
      FL "/media/0AE8-77F0/Ryerson EE Account/COE758/CacheProject/CacheControllerProject/CACHE2/ipcore_dir/vio.vhd" \
      PB ieee/std_logic_1164 1317710503
AR work/vio/vio_a 1446418508 \
      FL "/media/0AE8-77F0/Ryerson EE Account/COE758/CacheProject/CacheControllerProject/CACHE2/ipcore_dir/vio.vhd" \
      EN work/vio 1446418507
FL "/media/0AE8-77F0/Ryerson EE Account/COE758/CacheProject/CacheControllerProject/CACHE2/SDRAMController.vhd" 2015/10/31.16:31:18 O.87xd
