V3 34
FL /home/student1/r9dhillo/Desktop/mybefinal/pong/DAC.vhd 2019/11/22.17:39:41 O.87xd
EN work/DAC 1574804259 FL /home/student1/r9dhillo/Desktop/mybefinal/pong/DAC.vhd \
      PB ieee/std_logic_1164 1325952872 PB ieee/std_logic_arith 1325952873 \
      PB ieee/STD_LOGIC_UNSIGNED 1325952875 PB ieee/NUMERIC_STD 1325952877
AR work/DAC/Behavioral 1574804260 \
      FL /home/student1/r9dhillo/Desktop/mybefinal/pong/DAC.vhd EN work/DAC 1574804259
FL /home/student1/r9dhillo/Desktop/mybefinal/pong/ipcore_dir/icon.vhd 2019/11/22.19:36:38 O.87xd
EN work/icon 1574804255 \
      FL /home/student1/r9dhillo/Desktop/mybefinal/pong/ipcore_dir/icon.vhd \
      PB ieee/std_logic_1164 1325952872
AR work/icon/icon_a 1574804256 \
      FL /home/student1/r9dhillo/Desktop/mybefinal/pong/ipcore_dir/icon.vhd \
      EN work/icon 1574804255
FL /home/student1/r9dhillo/Desktop/mybefinal/pong/ipcore_dir/ila.vhd 2019/11/22.19:59:37 O.87xd
EN work/ila 1574804257 \
      FL /home/student1/r9dhillo/Desktop/mybefinal/pong/ipcore_dir/ila.vhd \
      PB ieee/std_logic_1164 1325952872
AR work/ila/ila_a 1574804258 \
      FL /home/student1/r9dhillo/Desktop/mybefinal/pong/ipcore_dir/ila.vhd \
      EN work/ila 1574804257
FL /home/student1/r9dhillo/Desktop/mybefinal/pong/pong.vhd 2019/11/26.16:37:17 O.87xd
EN work/pingpong 1574804267 \
      FL /home/student1/r9dhillo/Desktop/mybefinal/pong/pong.vhd \
      PB ieee/std_logic_1164 1325952872 PB ieee/std_logic_arith 1325952873 \
      PB ieee/STD_LOGIC_UNSIGNED 1325952875 PB ieee/NUMERIC_STD 1325952877
AR work/pingpong/Behavioral 1574804268 \
      FL /home/student1/r9dhillo/Desktop/mybefinal/pong/pong.vhd EN work/pingpong 1574804267 \
      CP icon CP ila CP DAC CP Sync CP refresh CP VGAcontroller
FL /home/student1/r9dhillo/Desktop/mybefinal/pong/refresh.vhd 2019/11/22.16:41:02 O.87xd
EN work/refresh 1574804263 \
      FL /home/student1/r9dhillo/Desktop/mybefinal/pong/refresh.vhd \
      PB ieee/std_logic_1164 1325952872
AR work/refresh/Behavioral 1574804264 \
      FL /home/student1/r9dhillo/Desktop/mybefinal/pong/refresh.vhd \
      EN work/refresh 1574804263
FL /home/student1/r9dhillo/Desktop/mybefinal/pong/Sync.vhd 2019/11/22.16:28:21 O.87xd
EN work/Sync 1574804261 \
      FL /home/student1/r9dhillo/Desktop/mybefinal/pong/Sync.vhd \
      PB ieee/std_logic_1164 1325952872 PB ieee/std_logic_arith 1325952873 \
      PB ieee/STD_LOGIC_UNSIGNED 1325952875 PB ieee/NUMERIC_STD 1325952877
AR work/Sync/Behavioral 1574804262 \
      FL /home/student1/r9dhillo/Desktop/mybefinal/pong/Sync.vhd EN work/Sync 1574804261
FL /home/student1/r9dhillo/Desktop/mybefinal/pong/VGAcontroller.vhd 2019/11/26.00:00:43 O.87xd
EN work/VGAcontroller 1574804265 \
      FL /home/student1/r9dhillo/Desktop/mybefinal/pong/VGAcontroller.vhd \
      PB ieee/std_logic_1164 1325952872 PB ieee/std_logic_arith 1325952873 \
      PB ieee/STD_LOGIC_UNSIGNED 1325952875 PB ieee/NUMERIC_STD 1325952877
AR work/VGAcontroller/Behavioral 1574804266 \
      FL /home/student1/r9dhillo/Desktop/mybefinal/pong/VGAcontroller.vhd \
      EN work/VGAcontroller 1574804265
FL /home/student2/mhage/Desktop/mybefinal/pong/DAC.vhd 2019/11/22.17:39:41 O.87xd
FL /home/student2/mhage/Desktop/mybefinal/pong/ipcore_dir/icon.vhd 2019/11/22.19:36:38 O.87xd
FL /home/student2/mhage/Desktop/mybefinal/pong/ipcore_dir/ila.vhd 2019/11/22.19:59:37 O.87xd
FL /home/student2/mhage/Desktop/mybefinal/pong/pong.vhd 2019/11/22.20:28:01 O.87xd
FL /home/student2/mhage/Desktop/mybefinal/pong/refresh.vhd 2019/11/22.16:41:02 O.87xd
FL /home/student2/mhage/Desktop/mybefinal/pong/Sync.vhd 2019/11/22.16:28:21 O.87xd
FL /home/student2/mhage/Desktop/mybefinal/pong/VGAcontroller.vhd 2019/11/22.19:27:41 O.87xd
