ARM Linker, 5.03 [Build 76] [MDK-ARM Professional]

==============================================================================

Section Cross References

    startup_lpc17xx.o(STACK) refers (Special) to heapauxi.o(.text) for __use_two_region_memory
    startup_lpc17xx.o(HEAP) refers (Special) to heapauxi.o(.text) for __use_two_region_memory
    startup_lpc17xx.o(RESET) refers (Special) to heapauxi.o(.text) for __use_two_region_memory
    startup_lpc17xx.o(RESET) refers to startup_lpc17xx.o(STACK) for __initial_sp
    startup_lpc17xx.o(RESET) refers to startup_lpc17xx.o(.text) for Reset_Handler
    startup_lpc17xx.o(RESET) refers to irq.o(.text) for SysTick_Handler
    startup_lpc17xx.o(RESET) refers to usbdmain.o(.text) for TIMER0_IRQHandler
    startup_lpc17xx.o(RESET) refers to usbhw.o(.text) for USB_IRQHandler
    startup_lpc17xx.o(.ARM.__at_0x02FC) refers (Special) to heapauxi.o(.text) for __use_two_region_memory
    startup_lpc17xx.o(.text) refers (Special) to heapauxi.o(.text) for __use_two_region_memory
    startup_lpc17xx.o(.text) refers to system_lpc17xx.o(.text) for SystemInit
    startup_lpc17xx.o(.text) refers to __main.o(!!!main) for __main
    startup_lpc17xx.o(.text) refers to startup_lpc17xx.o(HEAP) for Heap_Mem
    startup_lpc17xx.o(.text) refers to startup_lpc17xx.o(STACK) for Stack_Mem
    system_lpc17xx.o(.text) refers to lludivv7m.o(.text) for __aeabi_uldivmod
    system_lpc17xx.o(.text) refers to system_lpc17xx.o(.data) for SystemCoreClock
    glcd_spi_lpc1700.o(.text) refers to glcd_spi_lpc1700.o(.data) for Himax
    glcd_spi_lpc1700.o(.text) refers to glcd_spi_lpc1700.o(.constdata) for Font_6x8_h
    irq.o(.text) refers to irq.o(.data) for ticks
    led.o(.text) refers to led.o(.constdata) for led_mask
    media_center.o(.text) refers to glcd_spi_lpc1700.o(.text) for GLCD_Clear
    media_center.o(.text) refers to kbd.o(.text) for get_button
    media_center.o(.text) refers to photo_gallery.o(.text) for Photo_Gallery
    media_center.o(.text) refers to usbdmain.o(.text) for MP3_Player
    media_center.o(.text) refers to game.o(.text) for Game_Check
    media_center.o(.text) refers to usbhw.o(.text) for USB_Connect
    media_center.o(.text) refers to led.o(.text) for LED_Init
    media_center.o(.text) refers to media_center.o(.data) for sel
    photo_gallery.o(.text) refers to glcd_spi_lpc1700.o(.text) for GLCD_Clear
    photo_gallery.o(.text) refers to kbd.o(.text) for get_button
    photo_gallery.o(.text) refers to photo_viewer.o(.text) for Photo_Viewer
    photo_gallery.o(.text) refers to media_center.o(.text) for Media_Center
    photo_gallery.o(.text) refers to photo_gallery.o(.data) for sel2
    photo_viewer.o(.text) refers to glcd_spi_lpc1700.o(.text) for GLCD_ClearLn
    photo_viewer.o(.text) refers to kbd.o(.text) for get_button
    photo_viewer.o(.text) refers to media_center.o(.text) for Media_Center
    photo_viewer.o(.text) refers to monsterhunter.o(.constdata) for MONSTERHUNTER
    photo_viewer.o(.text) refers to ssbu.o(.constdata) for SSBU
    photo_viewer.o(.text) refers to zelda.o(.constdata) for ZELDA
    photo_viewer.o(.text) refers to death_stranding.o(.constdata) for DEATHSTRANDING
    usbdmain.o(.text) refers to kbd.o(.text) for get_button
    usbdmain.o(.text) refers to usbhw.o(.text) for USB_Connect
    usbdmain.o(.text) refers to system_lpc17xx.o(.text) for SystemClockUpdate
    usbdmain.o(.text) refers to media_center.o(.text) for Media_Center
    usbdmain.o(.text) refers to usbdmain.o(.data) for PotVal
    usbdmain.o(.text) refers to adcuser.o(.data) for VolCur
    usbdmain.o(.text) refers to system_lpc17xx.o(.data) for SystemFrequency
    usbdmain.o(.text) refers to media_center.o(.data) for music
    adcuser.o(.text) refers to usbcore.o(.data) for SetupPacket
    adcuser.o(.text) refers to usbdmain.o(.data) for Mute
    adcuser.o(.text) refers to usbcore.o(.bss) for EP0Buf
    adcuser.o(.text) refers to adcuser.o(.data) for VolCur
    usbcore.o(.text) refers to usbhw.o(.text) for USB_ReadEP
    usbcore.o(.text) refers to usbcore.o(i.USB_ReqGetStatus) for USB_ReqGetStatus
    usbcore.o(.text) refers to usbcore.o(i.USB_ReqSetClrFeature) for USB_ReqSetClrFeature
    usbcore.o(.text) refers to usbcore.o(i.USB_ReqGetDescriptor) for USB_ReqGetDescriptor
    usbcore.o(.text) refers to usbcore.o(i.USB_ReqSetConfiguration) for USB_ReqSetConfiguration
    usbcore.o(.text) refers to usbcore.o(i.USB_ReqSetInterface) for USB_ReqSetInterface
    usbcore.o(.text) refers to adcuser.o(.text) for ADC_IF_GetRequest
    usbcore.o(.text) refers to usbcore.o(.data) for USB_DeviceStatus
    usbcore.o(.text) refers to usbcore.o(.bss) for EP0Buf
    usbhw.o(.text) refers to usbhw.o(.data) for DDMemMap
    usbhw.o(.text) refers to usbhw.o(.bss) for udca
    usbhw.o(.text) refers to usbhw.o(USB_RAM) for UDCA
    usbhw.o(.text) refers to usbcore.o(.data) for USB_DeviceStatus
    usbhw.o(.text) refers to usbuser.o(.text) for USB_Reset_Event
    usbhw.o(.text) refers to usbhw.o(.constdata) for DDAdr
    usbhw.o(.text) refers to usbuser.o(.constdata) for USB_P_EP
    usbuser.o(.text) refers to usbcore.o(.text) for USB_ResetCore
    usbuser.o(.text) refers to usbhw.o(.text) for USB_DMA_BufAdr
    usbuser.o(.text) refers to usbdmain.o(.data) for DataBuf
    usbuser.o(.constdata) refers to usbcore.o(.text) for USB_EndPoint0
    usbuser.o(.constdata) refers to usbuser.o(.text) for USB_EndPoint3
    game.o(.text) refers to glcd_spi_lpc1700.o(.text) for GLCD_Bitmap
    game.o(.text) refers to rt_memcpy_w.o(.text) for __aeabi_memcpy4
    game.o(.text) refers to led.o(.text) for LED_Init
    game.o(.text) refers to kbd.o(.text) for KBD_Init
    game.o(.text) refers to game.o(.data) for resetr
    game.o(.text) refers to enemyright.o(.constdata) for ENEMYRIGHT
    game.o(.text) refers to enemyleft.o(.constdata) for ENEMYLEFT
    game.o(.text) refers to enemydown.o(.constdata) for ENEMYDOWN
    game.o(.text) refers to enemyup.o(.constdata) for ENEMYUP
    game.o(.text) refers to game.o(.constdata) for .constdata
    game.o(.text) refers to blacccc.o(.constdata) for BLACK
    game.o(.text) refers to playertank.o(.constdata) for PLAYER
    game.o(.text) refers to media_center.o(.text) for Media_Center
    __main.o(!!!main) refers to rtentry.o(.ARM.Collect$$rtentry$$00000000) for __rt_entry
    rtentry.o(.ARM.Collect$$rtentry$$00000000) refers (Special) to rtentry2.o(.ARM.Collect$$rtentry$$0000000A) for __rt_entry_li
    rtentry.o(.ARM.Collect$$rtentry$$00000000) refers (Special) to rtentry2.o(.ARM.Collect$$rtentry$$0000000D) for __rt_entry_main
    rtentry.o(.ARM.Collect$$rtentry$$00000000) refers (Special) to rtentry2.o(.ARM.Collect$$rtentry$$0000000C) for __rt_entry_postli_1
    rtentry.o(.ARM.Collect$$rtentry$$00000000) refers (Special) to rtentry2.o(.ARM.Collect$$rtentry$$00000009) for __rt_entry_postsh_1
    rtentry.o(.ARM.Collect$$rtentry$$00000000) refers (Special) to rtentry2.o(.ARM.Collect$$rtentry$$00000002) for __rt_entry_presh_1
    rtentry.o(.ARM.Collect$$rtentry$$00000000) refers (Special) to rtentry4.o(.ARM.Collect$$rtentry$$00000004) for __rt_entry_sh
    aeabi_ldiv0_sigfpe.o(.text) refers to rt_div0.o(.text) for __rt_div0
    rtentry2.o(.ARM.Collect$$rtentry$$00000008) refers to boardinit2.o(.text) for _platform_post_stackheap_init
    rtentry2.o(.ARM.Collect$$rtentry$$0000000A) refers to libinit.o(.ARM.Collect$$libinit$$00000000) for __rt_lib_init
    rtentry2.o(.ARM.Collect$$rtentry$$0000000B) refers to boardinit3.o(.text) for _platform_post_lib_init
    rtentry2.o(.ARM.Collect$$rtentry$$0000000D) refers to media_center.o(.text) for main
    rtentry2.o(.ARM.Collect$$rtentry$$0000000D) refers to exit.o(.text) for exit
    rtentry2.o(.ARM.exidx) refers to rtentry2.o(.ARM.Collect$$rtentry$$00000001) for .ARM.Collect$$rtentry$$00000001
    rtentry2.o(.ARM.exidx) refers to rtentry2.o(.ARM.Collect$$rtentry$$00000008) for .ARM.Collect$$rtentry$$00000008
    rtentry2.o(.ARM.exidx) refers to rtentry2.o(.ARM.Collect$$rtentry$$0000000A) for .ARM.Collect$$rtentry$$0000000A
    rtentry2.o(.ARM.exidx) refers to rtentry2.o(.ARM.Collect$$rtentry$$0000000B) for .ARM.Collect$$rtentry$$0000000B
    rtentry2.o(.ARM.exidx) refers to rtentry2.o(.ARM.Collect$$rtentry$$0000000D) for .ARM.Collect$$rtentry$$0000000D
    rtentry4.o(.ARM.Collect$$rtentry$$00000004) refers to sys_stackheap_outer.o(.text) for __user_setup_stackheap
    rtentry4.o(.ARM.exidx) refers to rtentry4.o(.ARM.Collect$$rtentry$$00000004) for .ARM.Collect$$rtentry$$00000004
    rt_div0.o(.text) refers to defsig_fpe_outer.o(.text) for __rt_SIGFPE
    sys_stackheap_outer.o(.text) refers to libspace.o(.text) for __user_perproc_libspace
    sys_stackheap_outer.o(.text) refers to startup_lpc17xx.o(.text) for __user_initial_stackheap
    exit.o(.text) refers to rtexit.o(.ARM.Collect$$rtexit$$00000000) for __rt_exit
    defsig_fpe_outer.o(.text) refers to defsig_fpe_inner.o(.text) for __rt_SIGFPE_inner
    defsig_fpe_outer.o(.text) refers to defsig_exit.o(.text) for __sig_exit
    defsig_fpe_formal.o(.text) refers to rt_raise.o(.text) for __rt_raise
    libinit.o(.ARM.Collect$$libinit$$00000000) refers (Special) to libinit2.o(.ARM.Collect$$libinit$$0000002C) for __rt_lib_init_alloca_1
    libinit.o(.ARM.Collect$$libinit$$00000000) refers (Special) to libinit2.o(.ARM.Collect$$libinit$$0000002A) for __rt_lib_init_argv_1
    libinit.o(.ARM.Collect$$libinit$$00000000) refers (Special) to libinit2.o(.ARM.Collect$$libinit$$00000019) for __rt_lib_init_atexit_1
    libinit.o(.ARM.Collect$$libinit$$00000000) refers (Special) to libinit2.o(.ARM.Collect$$libinit$$0000001F) for __rt_lib_init_clock_1
    libinit.o(.ARM.Collect$$libinit$$00000000) refers (Special) to libinit2.o(.ARM.Collect$$libinit$$00000030) for __rt_lib_init_cpp_1
    libinit.o(.ARM.Collect$$libinit$$00000000) refers (Special) to libinit2.o(.ARM.Collect$$libinit$$0000002E) for __rt_lib_init_exceptions_1
    libinit.o(.ARM.Collect$$libinit$$00000000) refers (Special) to libinit2.o(.ARM.Collect$$libinit$$00000002) for __rt_lib_init_fp_1
    libinit.o(.ARM.Collect$$libinit$$00000000) refers (Special) to libinit2.o(.ARM.Collect$$libinit$$0000001D) for __rt_lib_init_fp_trap_1
    libinit.o(.ARM.Collect$$libinit$$00000000) refers (Special) to libinit2.o(.ARM.Collect$$libinit$$00000021) for __rt_lib_init_getenv_1
    libinit.o(.ARM.Collect$$libinit$$00000000) refers (Special) to libinit2.o(.ARM.Collect$$libinit$$00000008) for __rt_lib_init_heap_1
    libinit.o(.ARM.Collect$$libinit$$00000000) refers (Special) to libinit2.o(.ARM.Collect$$libinit$$0000000F) for __rt_lib_init_lc_collate_1
    libinit.o(.ARM.Collect$$libinit$$00000000) refers (Special) to libinit2.o(.ARM.Collect$$libinit$$00000011) for __rt_lib_init_lc_ctype_1
    libinit.o(.ARM.Collect$$libinit$$00000000) refers (Special) to libinit2.o(.ARM.Collect$$libinit$$00000013) for __rt_lib_init_lc_monetary_1
    libinit.o(.ARM.Collect$$libinit$$00000000) refers (Special) to libinit2.o(.ARM.Collect$$libinit$$00000015) for __rt_lib_init_lc_numeric_1
    libinit.o(.ARM.Collect$$libinit$$00000000) refers (Special) to libinit2.o(.ARM.Collect$$libinit$$00000017) for __rt_lib_init_lc_time_1
    libinit.o(.ARM.Collect$$libinit$$00000000) refers (Special) to libinit2.o(.ARM.Collect$$libinit$$0000000C) for __rt_lib_init_rand_1
    libinit.o(.ARM.Collect$$libinit$$00000000) refers (Special) to libinit2.o(.ARM.Collect$$libinit$$00000031) for __rt_lib_init_return
    libinit.o(.ARM.Collect$$libinit$$00000000) refers (Special) to libinit2.o(.ARM.Collect$$libinit$$0000001B) for __rt_lib_init_signal_1
    libinit.o(.ARM.Collect$$libinit$$00000000) refers (Special) to libinit2.o(.ARM.Collect$$libinit$$00000023) for __rt_lib_init_stdio_1
    libinit.o(.ARM.Collect$$libinit$$00000000) refers (Special) to libinit2.o(.ARM.Collect$$libinit$$0000000A) for __rt_lib_init_user_alloc_1
    libspace.o(.text) refers to libspace.o(.bss) for __libspace_start
    rtexit.o(.ARM.Collect$$rtexit$$00000000) refers (Special) to rtexit2.o(.ARM.Collect$$rtexit$$00000004) for __rt_exit_exit
    rtexit.o(.ARM.Collect$$rtexit$$00000000) refers (Special) to rtexit2.o(.ARM.Collect$$rtexit$$00000003) for __rt_exit_ls
    rtexit.o(.ARM.Collect$$rtexit$$00000000) refers (Special) to rtexit2.o(.ARM.Collect$$rtexit$$00000002) for __rt_exit_prels_1
    rtexit.o(.ARM.exidx) refers (Special) to rtexit2.o(.ARM.Collect$$rtexit$$00000004) for __rt_exit_exit
    rtexit.o(.ARM.exidx) refers (Special) to rtexit2.o(.ARM.Collect$$rtexit$$00000003) for __rt_exit_ls
    rtexit.o(.ARM.exidx) refers (Special) to rtexit2.o(.ARM.Collect$$rtexit$$00000002) for __rt_exit_prels_1
    rtexit.o(.ARM.exidx) refers to rtexit.o(.ARM.Collect$$rtexit$$00000000) for .ARM.Collect$$rtexit$$00000000
    rt_raise.o(.text) refers to __raise.o(.text) for __raise
    rt_raise.o(.text) refers to sys_exit.o(.text) for _sys_exit
    defsig_exit.o(.text) refers to sys_exit.o(.text) for _sys_exit
    defsig_fpe_inner.o(.text) refers to defsig_general.o(.text) for __default_signal_display
    libinit2.o(.ARM.Collect$$libinit$$0000000E) refers to libinit2.o(.ARM.Collect$$libinit$$0000000D) for .ARM.Collect$$libinit$$0000000D
    libinit2.o(.ARM.Collect$$libinit$$00000010) refers to libinit2.o(.ARM.Collect$$libinit$$0000000D) for .ARM.Collect$$libinit$$0000000D
    libinit2.o(.ARM.Collect$$libinit$$00000012) refers to libinit2.o(.ARM.Collect$$libinit$$0000000D) for .ARM.Collect$$libinit$$0000000D
    libinit2.o(.ARM.Collect$$libinit$$00000014) refers to libinit2.o(.ARM.Collect$$libinit$$0000000D) for .ARM.Collect$$libinit$$0000000D
    libinit2.o(.ARM.Collect$$libinit$$00000016) refers to libinit2.o(.ARM.Collect$$libinit$$0000000D) for .ARM.Collect$$libinit$$0000000D
    libinit2.o(.ARM.Collect$$libinit$$00000024) refers to argv_veneer.o(.emb_text) for __ARM_argv_veneer
    libinit2.o(.ARM.Collect$$libinit$$00000025) refers to argv_veneer.o(.emb_text) for __ARM_argv_veneer
    sys_exit.o(.text) refers (Special) to use_no_semi.o(.text) for __I$use$semihosting
    sys_exit.o(.text) refers (Special) to indicate_semi.o(.text) for __semihosting_library_function
    rtexit2.o(.ARM.Collect$$rtexit$$00000003) refers to libshutdown.o(.ARM.Collect$$libshutdown$$00000000) for __rt_lib_shutdown
    rtexit2.o(.ARM.Collect$$rtexit$$00000004) refers to sys_exit.o(.text) for _sys_exit
    rtexit2.o(.ARM.exidx) refers to rtexit2.o(.ARM.Collect$$rtexit$$00000001) for .ARM.Collect$$rtexit$$00000001
    rtexit2.o(.ARM.exidx) refers to rtexit2.o(.ARM.Collect$$rtexit$$00000003) for .ARM.Collect$$rtexit$$00000003
    rtexit2.o(.ARM.exidx) refers to rtexit2.o(.ARM.Collect$$rtexit$$00000004) for .ARM.Collect$$rtexit$$00000004
    __raise.o(.text) refers to defsig.o(CL$$defsig) for __default_signal_handler
    defsig_general.o(.text) refers to sys_wrch.o(.text) for _ttywrch
    argv_veneer.o(.emb_text) refers to no_argv.o(.text) for __ARM_get_argv
    sys_wrch.o(.text) refers (Special) to use_no_semi.o(.text) for __I$use$semihosting
    sys_wrch.o(.text) refers (Special) to indicate_semi.o(.text) for __semihosting_library_function
    defsig.o(CL$$defsig) refers to defsig_fpe_inner.o(.text) for __rt_SIGFPE_inner
    defsig.o(CL$$defsig) refers to defsig_rtmem_inner.o(.text) for __rt_SIGRTMEM_inner
    _get_argv_nomalloc.o(.text) refers (Special) to hrguard.o(.text) for __heap_region$guard
    _get_argv_nomalloc.o(.text) refers to defsig_rtmem_outer.o(.text) for __rt_SIGRTMEM
    _get_argv_nomalloc.o(.text) refers to sys_command.o(.text) for _sys_command_string
    libshutdown.o(.ARM.Collect$$libshutdown$$00000000) refers (Special) to libshutdown2.o(.ARM.Collect$$libshutdown$$00000006) for __rt_lib_shutdown_fp_trap_1
    libshutdown.o(.ARM.Collect$$libshutdown$$00000000) refers (Special) to libshutdown2.o(.ARM.Collect$$libshutdown$$0000000E) for __rt_lib_shutdown_heap_1
    libshutdown.o(.ARM.Collect$$libshutdown$$00000000) refers (Special) to libshutdown2.o(.ARM.Collect$$libshutdown$$0000000F) for __rt_lib_shutdown_return
    libshutdown.o(.ARM.Collect$$libshutdown$$00000000) refers (Special) to libshutdown2.o(.ARM.Collect$$libshutdown$$00000009) for __rt_lib_shutdown_signal_1
    libshutdown.o(.ARM.Collect$$libshutdown$$00000000) refers (Special) to libshutdown2.o(.ARM.Collect$$libshutdown$$00000003) for __rt_lib_shutdown_stdio_1
    libshutdown.o(.ARM.Collect$$libshutdown$$00000000) refers (Special) to libshutdown2.o(.ARM.Collect$$libshutdown$$0000000B) for __rt_lib_shutdown_user_alloc_1
    sys_command.o(.text) refers (Special) to use_no_semi.o(.text) for __I$use$semihosting
    sys_command.o(.text) refers (Special) to indicate_semi.o(.text) for __semihosting_library_function
    defsig_abrt_inner.o(.text) refers to defsig_general.o(.text) for __default_signal_display
    defsig_rtred_inner.o(.text) refers to defsig_general.o(.text) for __default_signal_display
    defsig_rtmem_inner.o(.text) refers to defsig_general.o(.text) for __default_signal_display
    defsig_rtmem_outer.o(.text) refers to defsig_rtmem_inner.o(.text) for __rt_SIGRTMEM_inner
    defsig_rtmem_outer.o(.text) refers to defsig_exit.o(.text) for __sig_exit
    defsig_rtmem_formal.o(.text) refers to rt_raise.o(.text) for __rt_raise
    defsig_stak_inner.o(.text) refers to defsig_general.o(.text) for __default_signal_display
    defsig_pvfn_inner.o(.text) refers to defsig_general.o(.text) for __default_signal_display
    defsig_cppl_inner.o(.text) refers to defsig_general.o(.text) for __default_signal_display
    defsig_segv_inner.o(.text) refers to defsig_general.o(.text) for __default_signal_display
    defsig_other.o(.text) refers to defsig_general.o(.text) for __default_signal_display
    usbcore.o(i.USB_ReqGetStatus) refers to usbcore.o(.data) for SetupPacket
    usbcore.o(i.USB_ReqGetStatus) refers to usbcore.o(.bss) for EP0Buf
    usbcore.o(i.USB_ReqSetClrFeature) refers to usbhw.o(.text) for USB_WakeUpCfg
    usbcore.o(i.USB_ReqSetClrFeature) refers to usbcore.o(.data) for SetupPacket
    usbcore.o(i.USB_ReqGetDescriptor) refers to usbcore.o(.data) for SetupPacket
    usbcore.o(i.USB_ReqGetDescriptor) refers to usbdesc.o(.constdata) for USB_DeviceDescriptor
    usbcore.o(i.USB_ReqSetConfiguration) refers to usbhw.o(.text) for USB_DisableEP
    usbcore.o(i.USB_ReqSetConfiguration) refers to usbcore.o(.data) for SetupPacket
    usbcore.o(i.USB_ReqSetConfiguration) refers to usbdesc.o(.constdata) for USB_ConfigDescriptor
    usbcore.o(i.USB_ReqSetInterface) refers to usbhw.o(.text) for USB_ConfigEP
    usbcore.o(i.USB_ReqSetInterface) refers to usbcore.o(.data) for SetupPacket
    usbcore.o(i.USB_ReqSetInterface) refers to usbdesc.o(.constdata) for USB_ConfigDescriptor


==============================================================================

Removing Unused input sections from the image.

    Removing core_cm3.o(.emb_text), (32 bytes).
    Removing glcd_spi_lpc1700.o(.rev16_text), (4 bytes).
    Removing glcd_spi_lpc1700.o(.revsh_text), (4 bytes).
    Removing kbd.o(.rev16_text), (4 bytes).
    Removing kbd.o(.revsh_text), (4 bytes).
    Removing kbd.o(.data), (4 bytes).
    Removing media_center.o(.rev16_text), (4 bytes).
    Removing media_center.o(.revsh_text), (4 bytes).
    Removing photo_gallery.o(.rev16_text), (4 bytes).
    Removing photo_gallery.o(.revsh_text), (4 bytes).
    Removing photo_viewer.o(.rev16_text), (4 bytes).
    Removing photo_viewer.o(.revsh_text), (4 bytes).
    Removing adcuser.o(.constdata), (6 bytes).
    Removing game.o(.rev16_text), (4 bytes).
    Removing game.o(.revsh_text), (4 bytes).
    Removing playerdown.o(.constdata), (1051 bytes).
    Removing playerleft.o(.constdata), (1051 bytes).
    Removing playerup.o(.constdata), (1051 bytes).

18 unused section(s) (total 3243 bytes) removed from the image.

==============================================================================

Image Symbol Table

    Local Symbols

    Symbol Name                              Value     Ov Type        Size  Object(Section)

    RESET                                    0x00000000   Section      204  startup_lpc17xx.o(RESET)
    ../clib/angel/boardlib.s                 0x00000000   Number         0  boardshut.o ABSOLUTE
    ../clib/angel/boardlib.s                 0x00000000   Number         0  boardinit1.o ABSOLUTE
    ../clib/angel/boardlib.s                 0x00000000   Number         0  boardinit2.o ABSOLUTE
    ../clib/angel/boardlib.s                 0x00000000   Number         0  boardinit3.o ABSOLUTE
    ../clib/angel/handlers.s                 0x00000000   Number         0  __scatter_zi.o ABSOLUTE
    ../clib/angel/handlers.s                 0x00000000   Number         0  __scatter_copy.o ABSOLUTE
    ../clib/angel/kernel.s                   0x00000000   Number         0  rtentry4.o ABSOLUTE
    ../clib/angel/kernel.s                   0x00000000   Number         0  rtentry2.o ABSOLUTE
    ../clib/angel/kernel.s                   0x00000000   Number         0  rtexit2.o ABSOLUTE
    ../clib/angel/kernel.s                   0x00000000   Number         0  rtentry.o ABSOLUTE
    ../clib/angel/kernel.s                   0x00000000   Number         0  rtexit.o ABSOLUTE
    ../clib/angel/rt.s                       0x00000000   Number         0  aeabi_ldiv0.o ABSOLUTE
    ../clib/angel/rt.s                       0x00000000   Number         0  rt_div0.o ABSOLUTE
    ../clib/angel/rt.s                       0x00000000   Number         0  aeabi_ldiv0_sigfpe.o ABSOLUTE
    ../clib/angel/rt.s                       0x00000000   Number         0  rt_raise.o ABSOLUTE
    ../clib/angel/scatter.s                  0x00000000   Number         0  __scatter.o ABSOLUTE
    ../clib/angel/startup.s                  0x00000000   Number         0  __main.o ABSOLUTE
    ../clib/angel/sys.s                      0x00000000   Number         0  sys_stackheap_outer.o ABSOLUTE
    ../clib/angel/sys.s                      0x00000000   Number         0  use_no_semi.o ABSOLUTE
    ../clib/angel/sys.s                      0x00000000   Number         0  indicate_semi.o ABSOLUTE
    ../clib/angel/sys.s                      0x00000000   Number         0  libspace.o ABSOLUTE
    ../clib/angel/sysapp.c                   0x00000000   Number         0  sys_exit.o ABSOLUTE
    ../clib/angel/sysapp.c                   0x00000000   Number         0  sys_command.o ABSOLUTE
    ../clib/angel/sysapp.c                   0x00000000   Number         0  sys_wrch.o ABSOLUTE
    ../clib/armsys.c                         0x00000000   Number         0  argv_veneer.o ABSOLUTE
    ../clib/armsys.c                         0x00000000   Number         0  argv_veneer.o ABSOLUTE
    ../clib/armsys.c                         0x00000000   Number         0  _get_argv_nomalloc.o ABSOLUTE
    ../clib/armsys.c                         0x00000000   Number         0  no_argv.o ABSOLUTE
    ../clib/heapalloc.c                      0x00000000   Number         0  hrguard.o ABSOLUTE
    ../clib/heapaux.c                        0x00000000   Number         0  heapauxi.o ABSOLUTE
    ../clib/libinit.s                        0x00000000   Number         0  libshutdown2.o ABSOLUTE
    ../clib/libinit.s                        0x00000000   Number         0  libshutdown.o ABSOLUTE
    ../clib/libinit.s                        0x00000000   Number         0  libinit2.o ABSOLUTE
    ../clib/libinit.s                        0x00000000   Number         0  libinit.o ABSOLUTE
    ../clib/longlong.s                       0x00000000   Number         0  lludivv7m.o ABSOLUTE
    ../clib/memcpset.s                       0x00000000   Number         0  rt_memcpy_w.o ABSOLUTE
    ../clib/signal.c                         0x00000000   Number         0  defsig_rtmem_inner.o ABSOLUTE
    ../clib/signal.c                         0x00000000   Number         0  defsig_exit.o ABSOLUTE
    ../clib/signal.c                         0x00000000   Number         0  defsig_pvfn_inner.o ABSOLUTE
    ../clib/signal.c                         0x00000000   Number         0  defsig_fpe_outer.o ABSOLUTE
    ../clib/signal.c                         0x00000000   Number         0  defsig_segv_inner.o ABSOLUTE
    ../clib/signal.c                         0x00000000   Number         0  defsig_cppl_inner.o ABSOLUTE
    ../clib/signal.c                         0x00000000   Number         0  defsig_fpe_formal.o ABSOLUTE
    ../clib/signal.c                         0x00000000   Number         0  defsig_fpe_inner.o ABSOLUTE
    ../clib/signal.c                         0x00000000   Number         0  defsig_rtmem_outer.o ABSOLUTE
    ../clib/signal.c                         0x00000000   Number         0  defsig_other.o ABSOLUTE
    ../clib/signal.c                         0x00000000   Number         0  defsig_rtred_inner.o ABSOLUTE
    ../clib/signal.c                         0x00000000   Number         0  defsig_abrt_inner.o ABSOLUTE
    ../clib/signal.c                         0x00000000   Number         0  __raise.o ABSOLUTE
    ../clib/signal.c                         0x00000000   Number         0  defsig_general.o ABSOLUTE
    ../clib/signal.c                         0x00000000   Number         0  defsig_stak_inner.o ABSOLUTE
    ../clib/signal.c                         0x00000000   Number         0  defsig_rtmem_formal.o ABSOLUTE
    ../clib/signal.s                         0x00000000   Number         0  defsig.o ABSOLUTE
    ../clib/stdlib.c                         0x00000000   Number         0  exit.o ABSOLUTE
    ../fplib/fpinit.s                        0x00000000   Number         0  fpinit.o ABSOLUTE
    GLCD_SPI_LPC1700.c                       0x00000000   Number         0  glcd_spi_lpc1700.o ABSOLUTE
    GLCD_SPI_LPC1700.c                       0x00000000   Number         0  glcd_spi_lpc1700.o ABSOLUTE
    Game.c                                   0x00000000   Number         0  game.o ABSOLUTE
    Game.c                                   0x00000000   Number         0  game.o ABSOLUTE
    IRQ.c                                    0x00000000   Number         0  irq.o ABSOLUTE
    KBD.c                                    0x00000000   Number         0  kbd.o ABSOLUTE
    KBD.c                                    0x00000000   Number         0  kbd.o ABSOLUTE
    LED.c                                    0x00000000   Number         0  led.o ABSOLUTE
    Media_Center.c                           0x00000000   Number         0  media_center.o ABSOLUTE
    Media_Center.c                           0x00000000   Number         0  media_center.o ABSOLUTE
    Photo_Gallery.c                          0x00000000   Number         0  photo_gallery.o ABSOLUTE
    Photo_Gallery.c                          0x00000000   Number         0  photo_gallery.o ABSOLUTE
    Photo_Viewer.c                           0x00000000   Number         0  photo_viewer.o ABSOLUTE
    Photo_Viewer.c                           0x00000000   Number         0  photo_viewer.o ABSOLUTE
    SSBU.c                                   0x00000000   Number         0  ssbu.o ABSOLUTE
    adcuser.c                                0x00000000   Number         0  adcuser.o ABSOLUTE
    blacccc.c                                0x00000000   Number         0  blacccc.o ABSOLUTE
    core_cm3.c                               0x00000000   Number         0  core_cm3.o ABSOLUTE
    core_cm3.c                               0x00000000   Number         0  core_cm3.o ABSOLUTE
    dc.s                                     0x00000000   Number         0  dc.o ABSOLUTE
    death_stranding.c                        0x00000000   Number         0  death_stranding.o ABSOLUTE
    enemydown.c                              0x00000000   Number         0  enemydown.o ABSOLUTE
    enemyleft.c                              0x00000000   Number         0  enemyleft.o ABSOLUTE
    enemyright.c                             0x00000000   Number         0  enemyright.o ABSOLUTE
    enemyup.c                                0x00000000   Number         0  enemyup.o ABSOLUTE
    monsterhunter.c                          0x00000000   Number         0  monsterhunter.o ABSOLUTE
    playerdown.c                             0x00000000   Number         0  playerdown.o ABSOLUTE
    playerleft.c                             0x00000000   Number         0  playerleft.o ABSOLUTE
    playertank.c                             0x00000000   Number         0  playertank.o ABSOLUTE
    playerup.c                               0x00000000   Number         0  playerup.o ABSOLUTE
    startup_LPC17xx.s                        0x00000000   Number         0  startup_lpc17xx.o ABSOLUTE
    system_LPC17xx.c                         0x00000000   Number         0  system_lpc17xx.o ABSOLUTE
    usbcore.c                                0x00000000   Number         0  usbcore.o ABSOLUTE
    usbdesc.c                                0x00000000   Number         0  usbdesc.o ABSOLUTE
    usbdmain.c                               0x00000000   Number         0  usbdmain.o ABSOLUTE
    usbhw.c                                  0x00000000   Number         0  usbhw.o ABSOLUTE
    usbuser.c                                0x00000000   Number         0  usbuser.o ABSOLUTE
    zelda.c                                  0x00000000   Number         0  zelda.o ABSOLUTE
    !!!main                                  0x000000cc   Section        8  __main.o(!!!main)
    !!!scatter                               0x000000d4   Section       52  __scatter.o(!!!scatter)
    !!handler_copy                           0x00000108   Section       26  __scatter_copy.o(!!handler_copy)
    !!handler_zi                             0x00000124   Section       28  __scatter_zi.o(!!handler_zi)
    .ARM.Collect$$libinit$$00000000          0x00000140   Section        2  libinit.o(.ARM.Collect$$libinit$$00000000)
    .ARM.Collect$$libinit$$00000002          0x00000142   Section        0  libinit2.o(.ARM.Collect$$libinit$$00000002)
    .ARM.Collect$$libinit$$00000008          0x00000142   Section        0  libinit2.o(.ARM.Collect$$libinit$$00000008)
    .ARM.Collect$$libinit$$0000000A          0x00000142   Section        0  libinit2.o(.ARM.Collect$$libinit$$0000000A)
    .ARM.Collect$$libinit$$0000000C          0x00000142   Section        0  libinit2.o(.ARM.Collect$$libinit$$0000000C)
    .ARM.Collect$$libinit$$0000000F          0x00000142   Section        0  libinit2.o(.ARM.Collect$$libinit$$0000000F)
    .ARM.Collect$$libinit$$00000011          0x00000142   Section        0  libinit2.o(.ARM.Collect$$libinit$$00000011)
    .ARM.Collect$$libinit$$00000013          0x00000142   Section        0  libinit2.o(.ARM.Collect$$libinit$$00000013)
    .ARM.Collect$$libinit$$00000015          0x00000142   Section        0  libinit2.o(.ARM.Collect$$libinit$$00000015)
    .ARM.Collect$$libinit$$00000017          0x00000142   Section        0  libinit2.o(.ARM.Collect$$libinit$$00000017)
    .ARM.Collect$$libinit$$00000019          0x00000142   Section        0  libinit2.o(.ARM.Collect$$libinit$$00000019)
    .ARM.Collect$$libinit$$0000001B          0x00000142   Section        0  libinit2.o(.ARM.Collect$$libinit$$0000001B)
    .ARM.Collect$$libinit$$0000001D          0x00000142   Section        0  libinit2.o(.ARM.Collect$$libinit$$0000001D)
    .ARM.Collect$$libinit$$0000001F          0x00000142   Section        0  libinit2.o(.ARM.Collect$$libinit$$0000001F)
    .ARM.Collect$$libinit$$00000021          0x00000142   Section        0  libinit2.o(.ARM.Collect$$libinit$$00000021)
    .ARM.Collect$$libinit$$00000023          0x00000142   Section        0  libinit2.o(.ARM.Collect$$libinit$$00000023)
    .ARM.Collect$$libinit$$0000002A          0x00000142   Section        0  libinit2.o(.ARM.Collect$$libinit$$0000002A)
    .ARM.Collect$$libinit$$0000002C          0x00000142   Section        0  libinit2.o(.ARM.Collect$$libinit$$0000002C)
    .ARM.Collect$$libinit$$0000002E          0x00000142   Section        0  libinit2.o(.ARM.Collect$$libinit$$0000002E)
    .ARM.Collect$$libinit$$00000030          0x00000142   Section        0  libinit2.o(.ARM.Collect$$libinit$$00000030)
    .ARM.Collect$$libinit$$00000031          0x00000142   Section        2  libinit2.o(.ARM.Collect$$libinit$$00000031)
    .ARM.Collect$$libshutdown$$00000000      0x00000144   Section        2  libshutdown.o(.ARM.Collect$$libshutdown$$00000000)
    .ARM.Collect$$libshutdown$$00000003      0x00000146   Section        0  libshutdown2.o(.ARM.Collect$$libshutdown$$00000003)
    .ARM.Collect$$libshutdown$$00000006      0x00000146   Section        0  libshutdown2.o(.ARM.Collect$$libshutdown$$00000006)
    .ARM.Collect$$libshutdown$$00000009      0x00000146   Section        0  libshutdown2.o(.ARM.Collect$$libshutdown$$00000009)
    .ARM.Collect$$libshutdown$$0000000B      0x00000146   Section        0  libshutdown2.o(.ARM.Collect$$libshutdown$$0000000B)
    .ARM.Collect$$libshutdown$$0000000E      0x00000146   Section        0  libshutdown2.o(.ARM.Collect$$libshutdown$$0000000E)
    .ARM.Collect$$libshutdown$$0000000F      0x00000146   Section        2  libshutdown2.o(.ARM.Collect$$libshutdown$$0000000F)
    .ARM.Collect$$rtentry$$00000000          0x00000148   Section        0  rtentry.o(.ARM.Collect$$rtentry$$00000000)
    .ARM.Collect$$rtentry$$00000002          0x00000148   Section        0  rtentry2.o(.ARM.Collect$$rtentry$$00000002)
    .ARM.Collect$$rtentry$$00000004          0x00000148   Section        6  rtentry4.o(.ARM.Collect$$rtentry$$00000004)
    .ARM.Collect$$rtentry$$00000009          0x0000014e   Section        0  rtentry2.o(.ARM.Collect$$rtentry$$00000009)
    .ARM.Collect$$rtentry$$0000000A          0x0000014e   Section        4  rtentry2.o(.ARM.Collect$$rtentry$$0000000A)
    .ARM.Collect$$rtentry$$0000000C          0x00000152   Section        0  rtentry2.o(.ARM.Collect$$rtentry$$0000000C)
    .ARM.Collect$$rtentry$$0000000D          0x00000152   Section        8  rtentry2.o(.ARM.Collect$$rtentry$$0000000D)
    .ARM.Collect$$rtexit$$00000000           0x0000015a   Section        2  rtexit.o(.ARM.Collect$$rtexit$$00000000)
    .ARM.Collect$$rtexit$$00000002           0x0000015c   Section        0  rtexit2.o(.ARM.Collect$$rtexit$$00000002)
    .ARM.Collect$$rtexit$$00000003           0x0000015c   Section        4  rtexit2.o(.ARM.Collect$$rtexit$$00000003)
    .ARM.Collect$$rtexit$$00000004           0x00000160   Section        6  rtexit2.o(.ARM.Collect$$rtexit$$00000004)
    .text                                    0x00000168   Section       60  startup_lpc17xx.o(.text)
    .text                                    0x000001a4   Section        0  irq.o(.text)
    .text                                    0x00000220   Section        0  led.o(.text)
    .text                                    0x000002cc   Section        0  heapauxi.o(.text)
    .text                                    0x000002d2   Section        0  exit.o(.text)
    .text                                    0x000002e0   Section        8  libspace.o(.text)
    .text                                    0x000002e8   Section        0  sys_exit.o(.text)
    .text                                    0x000002f4   Section        2  use_no_semi.o(.text)
    .text                                    0x000002f6   Section        0  indicate_semi.o(.text)
    .ARM.__at_0x02FC                         0x000002fc   Section        4  startup_lpc17xx.o(.ARM.__at_0x02FC)
    .text                                    0x00000300   Section        0  system_lpc17xx.o(.text)
    .text                                    0x00000760   Section        0  glcd_spi_lpc1700.o(.text)
    delay                                    0x00000761   Thumb Code    14  glcd_spi_lpc1700.o(.text)
    spi_tran_man                             0x0000076f   Thumb Code   124  glcd_spi_lpc1700.o(.text)
    wr_cmd                                   0x000007eb   Thumb Code    36  glcd_spi_lpc1700.o(.text)
    wr_dat                                   0x0000080f   Thumb Code    36  glcd_spi_lpc1700.o(.text)
    rd_reg                                   0x00000833   Thumb Code    66  glcd_spi_lpc1700.o(.text)
    rd_id_man                                0x00000875   Thumb Code   132  glcd_spi_lpc1700.o(.text)
    spi_tran                                 0x00001293   Thumb Code    26  glcd_spi_lpc1700.o(.text)
    wr_dat_start                             0x000012ad   Thumb Code    16  glcd_spi_lpc1700.o(.text)
    wr_dat_stop                              0x000012bd   Thumb Code     8  glcd_spi_lpc1700.o(.text)
    wr_dat_only                              0x000012c5   Thumb Code    18  glcd_spi_lpc1700.o(.text)
    wr_reg                                   0x000012d7   Thumb Code    20  glcd_spi_lpc1700.o(.text)
    .text                                    0x00001304   Section        0  kbd.o(.text)
    .text                                    0x00001364   Section        0  media_center.o(.text)
    NVIC_EnableIRQ                           0x00001689   Thumb Code    24  media_center.o(.text)
    .text                                    0x00001774   Section        0  photo_gallery.o(.text)
    .text                                    0x00001b70   Section        0  photo_viewer.o(.text)
    .text                                    0x00001d4c   Section        0  usbdmain.o(.text)
    NVIC_DisableIRQ                          0x00001f4b   Thumb Code    18  usbdmain.o(.text)
    .text                                    0x00001fac   Section        0  adcuser.o(.text)
    .text                                    0x00002094   Section        0  usbcore.o(.text)
    .text                                    0x00002470   Section        0  usbhw.o(.text)
    .text                                    0x00002d24   Section        0  usbuser.o(.text)
    .text                                    0x00002e04   Section        0  game.o(.text)
    .text                                    0x00003568   Section      238  lludivv7m.o(.text)
    .text                                    0x00003656   Section      100  rt_memcpy_w.o(.text)
    .text                                    0x000036ba   Section       74  sys_stackheap_outer.o(.text)
    i.USB_ReqGetDescriptor                   0x00003704   Section        0  usbcore.o(i.USB_ReqGetDescriptor)
    i.USB_ReqGetStatus                       0x000037bc   Section        0  usbcore.o(i.USB_ReqGetStatus)
    i.USB_ReqSetClrFeature                   0x0000387c   Section        0  usbcore.o(i.USB_ReqSetClrFeature)
    i.USB_ReqSetConfiguration                0x00003968   Section        0  usbcore.o(i.USB_ReqSetConfiguration)
    i.USB_ReqSetInterface                    0x00003b1c   Section        0  usbcore.o(i.USB_ReqSetInterface)
    .constdata                               0x00003c4c   Section     6272  glcd_spi_lpc1700.o(.constdata)
    .constdata                               0x000054cc   Section       32  led.o(.constdata)
    .constdata                               0x000054ec   Section    66241  monsterhunter.o(.constdata)
    .constdata                               0x000157ad   Section    64801  ssbu.o(.constdata)
    .constdata                               0x000254ce   Section    60481  zelda.o(.constdata)
    .constdata                               0x0003410f   Section    64801  death_stranding.o(.constdata)
    .constdata                               0x00043e30   Section      228  usbdesc.o(.constdata)
    .constdata                               0x00043f14   Section       16  usbhw.o(.constdata)
    .constdata                               0x00043f24   Section       64  usbuser.o(.constdata)
    .constdata                               0x00043f64   Section      160  game.o(.constdata)
    .constdata                               0x00044004   Section     1051  playertank.o(.constdata)
    .constdata                               0x0004441f   Section     1051  blacccc.o(.constdata)
    .constdata                               0x0004483a   Section     1561  enemydown.o(.constdata)
    .constdata                               0x00044e53   Section     1561  enemyleft.o(.constdata)
    .constdata                               0x0004546c   Section     1561  enemyright.o(.constdata)
    .constdata                               0x00045a85   Section     1561  enemyup.o(.constdata)
    .data                                    0x10000000   Section        8  system_lpc17xx.o(.data)
    .data                                    0x10000008   Section        5  glcd_spi_lpc1700.o(.data)
    Color                                    0x10000008   Data           4  glcd_spi_lpc1700.o(.data)
    Himax                                    0x1000000c   Data           1  glcd_spi_lpc1700.o(.data)
    .data                                    0x10000010   Section        7  irq.o(.data)
    .data                                    0x10000018   Section       12  media_center.o(.data)
    .data                                    0x10000024   Section        4  photo_gallery.o(.data)
    .data                                    0x10000028   Section       32  usbdmain.o(.data)
    .data                                    0x10000048   Section        2  adcuser.o(.data)
    .data                                    0x1000004c   Section       40  usbcore.o(.data)
    .data                                    0x10000074   Section        8  usbhw.o(.data)
    .data                                    0x1000007c   Section      152  game.o(.data)
    .bss                                     0x10000114   Section       64  usbcore.o(.bss)
    .bss                                     0x10000154   Section      128  usbhw.o(.bss)
    .bss                                     0x100001d4   Section       96  libspace.o(.bss)
    HEAP                                     0x10000238   Section        0  startup_lpc17xx.o(HEAP)
    STACK                                    0x10000238   Section      512  startup_lpc17xx.o(STACK)
    Heap_Mem                                 0x10000238   Data           0  startup_lpc17xx.o(HEAP)
    Stack_Mem                                0x10000238   Data         512  startup_lpc17xx.o(STACK)
    USB_RAM                                  0x10000438   Section      544  usbhw.o(USB_RAM)
    __initial_sp                             0x10000438   Data           0  startup_lpc17xx.o(STACK)

    Global Symbols

    Symbol Name                              Value     Ov Type        Size  Object(Section)

    BuildAttributes$$THM_ISAv4$P$D$K$B$S$PE$A:L22UL41UL21$X:L11$S22US41US21$IEEE1$IW$USESV6$~STKCKD$USESV7$~SHL$OSPACE$ROPI$EBA8$UX$STANDARDLIB$REQ8$PRES8$EABIv2 0x00000000   Number         0  anon$$obj.o ABSOLUTE
    __ARM_use_no_argv                        0x00000000   Number         0  media_center.o ABSOLUTE
    __Vectors                                0x00000000   Data           4  startup_lpc17xx.o(RESET)
    __ARM_exceptions_init                     - Undefined Weak Reference
    __alloca_initialize                       - Undefined Weak Reference
    __cpp_initialize__aeabi_                  - Undefined Weak Reference
    __cxa_finalize                            - Undefined Weak Reference
    __rt_locale                               - Undefined Weak Reference
    __sigvec_lookup                           - Undefined Weak Reference
    _atexit_init                              - Undefined Weak Reference
    _call_atexit_fns                          - Undefined Weak Reference
    _clock_init                               - Undefined Weak Reference
    _fp_trap_init                             - Undefined Weak Reference
    _fp_trap_shutdown                         - Undefined Weak Reference
    _get_lc_collate                           - Undefined Weak Reference
    _get_lc_ctype                             - Undefined Weak Reference
    _get_lc_monetary                          - Undefined Weak Reference
    _get_lc_numeric                           - Undefined Weak Reference
    _get_lc_time                              - Undefined Weak Reference
    _getenv_init                              - Undefined Weak Reference
    _handle_redirection                       - Undefined Weak Reference
    _init_alloc                               - Undefined Weak Reference
    _init_user_alloc                          - Undefined Weak Reference
    _initio                                   - Undefined Weak Reference
    _rand_init                                - Undefined Weak Reference
    _signal_finish                            - Undefined Weak Reference
    _signal_init                              - Undefined Weak Reference
    _terminate_alloc                          - Undefined Weak Reference
    _terminate_user_alloc                     - Undefined Weak Reference
    _terminateio                              - Undefined Weak Reference
    __main                                   0x000000cd   Thumb Code     8  __main.o(!!!main)
    __scatterload                            0x000000d5   Thumb Code     0  __scatter.o(!!!scatter)
    __scatterload_rt2                        0x000000d5   Thumb Code    44  __scatter.o(!!!scatter)
    __scatterload_rt2_thumb_only             0x000000d5   Thumb Code     0  __scatter.o(!!!scatter)
    __scatterload_null                       0x000000e3   Thumb Code     0  __scatter.o(!!!scatter)
    __scatterload_copy                       0x00000109   Thumb Code    26  __scatter_copy.o(!!handler_copy)
    __scatterload_zeroinit                   0x00000125   Thumb Code    28  __scatter_zi.o(!!handler_zi)
    __rt_lib_init                            0x00000141   Thumb Code     0  libinit.o(.ARM.Collect$$libinit$$00000000)
    __rt_lib_init_alloca_1                   0x00000143   Thumb Code     0  libinit2.o(.ARM.Collect$$libinit$$0000002C)
    __rt_lib_init_argv_1                     0x00000143   Thumb Code     0  libinit2.o(.ARM.Collect$$libinit$$0000002A)
    __rt_lib_init_atexit_1                   0x00000143   Thumb Code     0  libinit2.o(.ARM.Collect$$libinit$$00000019)
    __rt_lib_init_clock_1                    0x00000143   Thumb Code     0  libinit2.o(.ARM.Collect$$libinit$$0000001F)
    __rt_lib_init_cpp_1                      0x00000143   Thumb Code     0  libinit2.o(.ARM.Collect$$libinit$$00000030)
    __rt_lib_init_exceptions_1               0x00000143   Thumb Code     0  libinit2.o(.ARM.Collect$$libinit$$0000002E)
    __rt_lib_init_fp_1                       0x00000143   Thumb Code     0  libinit2.o(.ARM.Collect$$libinit$$00000002)
    __rt_lib_init_fp_trap_1                  0x00000143   Thumb Code     0  libinit2.o(.ARM.Collect$$libinit$$0000001D)
    __rt_lib_init_getenv_1                   0x00000143   Thumb Code     0  libinit2.o(.ARM.Collect$$libinit$$00000021)
    __rt_lib_init_heap_1                     0x00000143   Thumb Code     0  libinit2.o(.ARM.Collect$$libinit$$00000008)
    __rt_lib_init_lc_collate_1               0x00000143   Thumb Code     0  libinit2.o(.ARM.Collect$$libinit$$0000000F)
    __rt_lib_init_lc_ctype_1                 0x00000143   Thumb Code     0  libinit2.o(.ARM.Collect$$libinit$$00000011)
    __rt_lib_init_lc_monetary_1              0x00000143   Thumb Code     0  libinit2.o(.ARM.Collect$$libinit$$00000013)
    __rt_lib_init_lc_numeric_1               0x00000143   Thumb Code     0  libinit2.o(.ARM.Collect$$libinit$$00000015)
    __rt_lib_init_lc_time_1                  0x00000143   Thumb Code     0  libinit2.o(.ARM.Collect$$libinit$$00000017)
    __rt_lib_init_rand_1                     0x00000143   Thumb Code     0  libinit2.o(.ARM.Collect$$libinit$$0000000C)
    __rt_lib_init_return                     0x00000143   Thumb Code     0  libinit2.o(.ARM.Collect$$libinit$$00000031)
    __rt_lib_init_signal_1                   0x00000143   Thumb Code     0  libinit2.o(.ARM.Collect$$libinit$$0000001B)
    __rt_lib_init_stdio_1                    0x00000143   Thumb Code     0  libinit2.o(.ARM.Collect$$libinit$$00000023)
    __rt_lib_init_user_alloc_1               0x00000143   Thumb Code     0  libinit2.o(.ARM.Collect$$libinit$$0000000A)
    __rt_lib_shutdown                        0x00000145   Thumb Code     0  libshutdown.o(.ARM.Collect$$libshutdown$$00000000)
    __rt_lib_shutdown_fp_trap_1              0x00000147   Thumb Code     0  libshutdown2.o(.ARM.Collect$$libshutdown$$00000006)
    __rt_lib_shutdown_heap_1                 0x00000147   Thumb Code     0  libshutdown2.o(.ARM.Collect$$libshutdown$$0000000E)
    __rt_lib_shutdown_return                 0x00000147   Thumb Code     0  libshutdown2.o(.ARM.Collect$$libshutdown$$0000000F)
    __rt_lib_shutdown_signal_1               0x00000147   Thumb Code     0  libshutdown2.o(.ARM.Collect$$libshutdown$$00000009)
    __rt_lib_shutdown_stdio_1                0x00000147   Thumb Code     0  libshutdown2.o(.ARM.Collect$$libshutdown$$00000003)
    __rt_lib_shutdown_user_alloc_1           0x00000147   Thumb Code     0  libshutdown2.o(.ARM.Collect$$libshutdown$$0000000B)
    __rt_entry                               0x00000149   Thumb Code     0  rtentry.o(.ARM.Collect$$rtentry$$00000000)
    __rt_entry_presh_1                       0x00000149   Thumb Code     0  rtentry2.o(.ARM.Collect$$rtentry$$00000002)
    __rt_entry_sh                            0x00000149   Thumb Code     0  rtentry4.o(.ARM.Collect$$rtentry$$00000004)
    __rt_entry_li                            0x0000014f   Thumb Code     0  rtentry2.o(.ARM.Collect$$rtentry$$0000000A)
    __rt_entry_postsh_1                      0x0000014f   Thumb Code     0  rtentry2.o(.ARM.Collect$$rtentry$$00000009)
    __rt_entry_main                          0x00000153   Thumb Code     0  rtentry2.o(.ARM.Collect$$rtentry$$0000000D)
    __rt_entry_postli_1                      0x00000153   Thumb Code     0  rtentry2.o(.ARM.Collect$$rtentry$$0000000C)
    __rt_exit                                0x0000015b   Thumb Code     0  rtexit.o(.ARM.Collect$$rtexit$$00000000)
    __rt_exit_ls                             0x0000015d   Thumb Code     0  rtexit2.o(.ARM.Collect$$rtexit$$00000003)
    __rt_exit_prels_1                        0x0000015d   Thumb Code     0  rtexit2.o(.ARM.Collect$$rtexit$$00000002)
    __rt_exit_exit                           0x00000161   Thumb Code     0  rtexit2.o(.ARM.Collect$$rtexit$$00000004)
    Reset_Handler                            0x00000169   Thumb Code     8  startup_lpc17xx.o(.text)
    NMI_Handler                              0x00000171   Thumb Code     2  startup_lpc17xx.o(.text)
    HardFault_Handler                        0x00000173   Thumb Code     2  startup_lpc17xx.o(.text)
    MemManage_Handler                        0x00000175   Thumb Code     2  startup_lpc17xx.o(.text)
    BusFault_Handler                         0x00000177   Thumb Code     2  startup_lpc17xx.o(.text)
    UsageFault_Handler                       0x00000179   Thumb Code     2  startup_lpc17xx.o(.text)
    SVC_Handler                              0x0000017b   Thumb Code     2  startup_lpc17xx.o(.text)
    DebugMon_Handler                         0x0000017d   Thumb Code     2  startup_lpc17xx.o(.text)
    PendSV_Handler                           0x0000017f   Thumb Code     2  startup_lpc17xx.o(.text)
    ADC_IRQHandler                           0x00000183   Thumb Code     0  startup_lpc17xx.o(.text)
    BOD_IRQHandler                           0x00000183   Thumb Code     0  startup_lpc17xx.o(.text)
    CANActivity_IRQHandler                   0x00000183   Thumb Code     0  startup_lpc17xx.o(.text)
    CAN_IRQHandler                           0x00000183   Thumb Code     0  startup_lpc17xx.o(.text)
    DMA_IRQHandler                           0x00000183   Thumb Code     0  startup_lpc17xx.o(.text)
    EINT0_IRQHandler                         0x00000183   Thumb Code     0  startup_lpc17xx.o(.text)
    EINT1_IRQHandler                         0x00000183   Thumb Code     0  startup_lpc17xx.o(.text)
    EINT2_IRQHandler                         0x00000183   Thumb Code     0  startup_lpc17xx.o(.text)
    EINT3_IRQHandler                         0x00000183   Thumb Code     0  startup_lpc17xx.o(.text)
    ENET_IRQHandler                          0x00000183   Thumb Code     0  startup_lpc17xx.o(.text)
    I2C0_IRQHandler                          0x00000183   Thumb Code     0  startup_lpc17xx.o(.text)
    I2C1_IRQHandler                          0x00000183   Thumb Code     0  startup_lpc17xx.o(.text)
    I2C2_IRQHandler                          0x00000183   Thumb Code     0  startup_lpc17xx.o(.text)
    I2S_IRQHandler                           0x00000183   Thumb Code     0  startup_lpc17xx.o(.text)
    MCPWM_IRQHandler                         0x00000183   Thumb Code     0  startup_lpc17xx.o(.text)
    PLL0_IRQHandler                          0x00000183   Thumb Code     0  startup_lpc17xx.o(.text)
    PLL1_IRQHandler                          0x00000183   Thumb Code     0  startup_lpc17xx.o(.text)
    PWM1_IRQHandler                          0x00000183   Thumb Code     0  startup_lpc17xx.o(.text)
    QEI_IRQHandler                           0x00000183   Thumb Code     0  startup_lpc17xx.o(.text)
    RIT_IRQHandler                           0x00000183   Thumb Code     0  startup_lpc17xx.o(.text)
    RTC_IRQHandler                           0x00000183   Thumb Code     0  startup_lpc17xx.o(.text)
    SPI_IRQHandler                           0x00000183   Thumb Code     0  startup_lpc17xx.o(.text)
    SSP0_IRQHandler                          0x00000183   Thumb Code     0  startup_lpc17xx.o(.text)
    SSP1_IRQHandler                          0x00000183   Thumb Code     0  startup_lpc17xx.o(.text)
    TIMER1_IRQHandler                        0x00000183   Thumb Code     0  startup_lpc17xx.o(.text)
    TIMER2_IRQHandler                        0x00000183   Thumb Code     0  startup_lpc17xx.o(.text)
    TIMER3_IRQHandler                        0x00000183   Thumb Code     0  startup_lpc17xx.o(.text)
    UART0_IRQHandler                         0x00000183   Thumb Code     0  startup_lpc17xx.o(.text)
    UART1_IRQHandler                         0x00000183   Thumb Code     0  startup_lpc17xx.o(.text)
    UART2_IRQHandler                         0x00000183   Thumb Code     0  startup_lpc17xx.o(.text)
    UART3_IRQHandler                         0x00000183   Thumb Code     0  startup_lpc17xx.o(.text)
    USBActivity_IRQHandler                   0x00000183   Thumb Code     0  startup_lpc17xx.o(.text)
    WDT_IRQHandler                           0x00000183   Thumb Code     0  startup_lpc17xx.o(.text)
    __user_initial_stackheap                 0x00000185   Thumb Code     0  startup_lpc17xx.o(.text)
    SysTick_Handler                          0x000001a5   Thumb Code   108  irq.o(.text)
    LED_Init                                 0x00000221   Thumb Code    38  led.o(.text)
    LED_On                                   0x00000247   Thumb Code    40  led.o(.text)
    LED_Off                                  0x0000026f   Thumb Code    40  led.o(.text)
    LED_Out                                  0x00000297   Thumb Code    38  led.o(.text)
    __use_two_region_memory                  0x000002cd   Thumb Code     2  heapauxi.o(.text)
    __rt_heap_escrow$2region                 0x000002cf   Thumb Code     2  heapauxi.o(.text)
    __rt_heap_expand$2region                 0x000002d1   Thumb Code     2  heapauxi.o(.text)
    exit                                     0x000002d3   Thumb Code    12  exit.o(.text)
    __user_libspace                          0x000002e1   Thumb Code     8  libspace.o(.text)
    __user_perproc_libspace                  0x000002e1   Thumb Code     0  libspace.o(.text)
    __user_perthread_libspace                0x000002e1   Thumb Code     0  libspace.o(.text)
    _sys_exit                                0x000002e9   Thumb Code     8  sys_exit.o(.text)
    __I$use$semihosting                      0x000002f5   Thumb Code     0  use_no_semi.o(.text)
    __use_no_semihosting_swi                 0x000002f5   Thumb Code     2  use_no_semi.o(.text)
    __semihosting_library_function           0x000002f7   Thumb Code     0  indicate_semi.o(.text)
    SystemCoreClockUpdate                    0x00000301   Thumb Code   424  system_lpc17xx.o(.text)
    SystemInit                               0x000004a9   Thumb Code   290  system_lpc17xx.o(.text)
    SystemClockUpdate                        0x000005cb   Thumb Code   398  system_lpc17xx.o(.text)
    GLCD_Init                                0x000008f9   Thumb Code  1514  glcd_spi_lpc1700.o(.text)
    GLCD_SetWindow                           0x00000ee3   Thumb Code   168  glcd_spi_lpc1700.o(.text)
    GLCD_WindowMax                           0x00000f8b   Thumb Code    26  glcd_spi_lpc1700.o(.text)
    GLCD_PutPixel                            0x00000fa5   Thumb Code   118  glcd_spi_lpc1700.o(.text)
    GLCD_SetTextColor                        0x0000101b   Thumb Code     6  glcd_spi_lpc1700.o(.text)
    GLCD_SetBackColor                        0x00001021   Thumb Code     6  glcd_spi_lpc1700.o(.text)
    GLCD_Clear                               0x00001027   Thumb Code    42  glcd_spi_lpc1700.o(.text)
    GLCD_DrawChar                            0x00001051   Thumb Code   150  glcd_spi_lpc1700.o(.text)
    GLCD_DisplayChar                         0x000010e7   Thumb Code    84  glcd_spi_lpc1700.o(.text)
    GLCD_DisplayString                       0x0000113b   Thumb Code    40  glcd_spi_lpc1700.o(.text)
    GLCD_ClearLn                             0x00001163   Thumb Code    94  glcd_spi_lpc1700.o(.text)
    GLCD_Bargraph                            0x000011c1   Thumb Code    98  glcd_spi_lpc1700.o(.text)
    GLCD_Bitmap                              0x00001223   Thumb Code    82  glcd_spi_lpc1700.o(.text)
    GLCD_ScrollVertical                      0x00001275   Thumb Code     2  glcd_spi_lpc1700.o(.text)
    GLCD_WrCmd                               0x00001277   Thumb Code    12  glcd_spi_lpc1700.o(.text)
    GLCD_WrReg                               0x00001283   Thumb Code    16  glcd_spi_lpc1700.o(.text)
    KBD_Init                                 0x00001305   Thumb Code    42  kbd.o(.text)
    KBD_get                                  0x0000132f   Thumb Code    12  kbd.o(.text)
    get_button                               0x0000133b   Thumb Code    20  kbd.o(.text)
    delay                                    0x00001365   Thumb Code    14  media_center.o(.text)
    Media_Center                             0x00001373   Thumb Code   684  media_center.o(.text)
    MP3_Player2                              0x0000161f   Thumb Code    34  media_center.o(.text)
    main                                     0x00001641   Thumb Code    72  media_center.o(.text)
    delay2                                   0x00001775   Thumb Code    14  photo_gallery.o(.text)
    Photo_Gallery                            0x00001783   Thumb Code   790  photo_gallery.o(.text)
    Photo_Viewer                             0x00001b71   Thumb Code   316  photo_viewer.o(.text)
    get_potval                               0x00001d4d   Thumb Code    54  usbdmain.o(.text)
    TIMER0_IRQHandler                        0x00001d83   Thumb Code   252  usbdmain.o(.text)
    MP3_Player                               0x00001e7f   Thumb Code   204  usbdmain.o(.text)
    ADC_IF_GetRequest                        0x00001fad   Thumb Code   128  adcuser.o(.text)
    ADC_IF_SetRequest                        0x0000202d   Thumb Code    80  adcuser.o(.text)
    ADC_EP_GetRequest                        0x0000207d   Thumb Code     4  adcuser.o(.text)
    ADC_EP_SetRequest                        0x00002081   Thumb Code     4  adcuser.o(.text)
    USB_ResetCore                            0x00002095   Thumb Code    34  usbcore.o(.text)
    USB_SetupStage                           0x000020b7   Thumb Code    12  usbcore.o(.text)
    USB_DataInStage                          0x000020c3   Thumb Code    52  usbcore.o(.text)
    USB_DataOutStage                         0x000020f7   Thumb Code    34  usbcore.o(.text)
    USB_StatusInStage                        0x00002119   Thumb Code    14  usbcore.o(.text)
    USB_StatusOutStage                       0x00002127   Thumb Code    12  usbcore.o(.text)
    USB_EndPoint0                            0x00002133   Thumb Code   784  usbcore.o(.text)
    EPAdr                                    0x00002471   Thumb Code    16  usbhw.o(.text)
    WrCmd                                    0x00002481   Thumb Code    26  usbhw.o(.text)
    WrCmdDat                                 0x0000249b   Thumb Code    50  usbhw.o(.text)
    WrCmdEP                                  0x000024cd   Thumb Code    70  usbhw.o(.text)
    RdCmdDat                                 0x00002513   Thumb Code    32  usbhw.o(.text)
    USB_SetAddress                           0x00002533   Thumb Code    42  usbhw.o(.text)
    USB_Reset                                0x0000255d   Thumb Code   170  usbhw.o(.text)
    USB_Init                                 0x00002607   Thumb Code   138  usbhw.o(.text)
    USB_Connect                              0x00002691   Thumb Code    28  usbhw.o(.text)
    USB_Suspend                              0x000026ad   Thumb Code     2  usbhw.o(.text)
    USB_Resume                               0x000026af   Thumb Code     2  usbhw.o(.text)
    USB_WakeUp                               0x000026b1   Thumb Code    22  usbhw.o(.text)
    USB_WakeUpCfg                            0x000026c7   Thumb Code     2  usbhw.o(.text)
    USB_Configure                            0x000026c9   Thumb Code    54  usbhw.o(.text)
    USB_ConfigEP                             0x000026ff   Thumb Code    66  usbhw.o(.text)
    USB_DirCtrlEP                            0x00002741   Thumb Code     2  usbhw.o(.text)
    USB_EnableEP                             0x00002743   Thumb Code    26  usbhw.o(.text)
    USB_DisableEP                            0x0000275d   Thumb Code    26  usbhw.o(.text)
    USB_ResetEP                              0x00002777   Thumb Code    26  usbhw.o(.text)
    USB_SetStallEP                           0x00002791   Thumb Code    26  usbhw.o(.text)
    USB_ClrStallEP                           0x000027ab   Thumb Code    26  usbhw.o(.text)
    USB_ClearEPBuf                           0x000027c5   Thumb Code    14  usbhw.o(.text)
    USB_ReadEP                               0x000027d3   Thumb Code    92  usbhw.o(.text)
    USB_WriteEP                              0x0000282f   Thumb Code   226  usbhw.o(.text)
    USB_DMA_Setup                            0x00002911   Thumb Code   248  usbhw.o(.text)
    USB_DMA_Enable                           0x00002a09   Thumb Code    20  usbhw.o(.text)
    USB_DMA_Disable                          0x00002a1d   Thumb Code    20  usbhw.o(.text)
    USB_DMA_Status                           0x00002a31   Thumb Code    76  usbhw.o(.text)
    USB_DMA_BufAdr                           0x00002a7d   Thumb Code    30  usbhw.o(.text)
    USB_DMA_BufCnt                           0x00002a9b   Thumb Code    30  usbhw.o(.text)
    USB_GetFrame                             0x00002ab9   Thumb Code    30  usbhw.o(.text)
    USB_IRQHandler                           0x00002ad7   Thumb Code   494  usbhw.o(.text)
    USB_Reset_Event                          0x00002d25   Thumb Code     8  usbuser.o(.text)
    USB_SOF_Event                            0x00002d2d   Thumb Code     2  usbuser.o(.text)
    USB_EndPoint1                            0x00002d2f   Thumb Code     2  usbuser.o(.text)
    USB_EndPoint2                            0x00002d31   Thumb Code     2  usbuser.o(.text)
    USB_EndPoint3                            0x00002d33   Thumb Code   164  usbuser.o(.text)
    USB_EndPoint4                            0x00002dd7   Thumb Code     2  usbuser.o(.text)
    USB_EndPoint5                            0x00002dd9   Thumb Code     2  usbuser.o(.text)
    USB_EndPoint6                            0x00002ddb   Thumb Code     2  usbuser.o(.text)
    USB_EndPoint7                            0x00002ddd   Thumb Code     2  usbuser.o(.text)
    USB_EndPoint8                            0x00002ddf   Thumb Code     2  usbuser.o(.text)
    USB_EndPoint9                            0x00002de1   Thumb Code     2  usbuser.o(.text)
    USB_EndPoint10                           0x00002de3   Thumb Code     2  usbuser.o(.text)
    USB_EndPoint11                           0x00002de5   Thumb Code     2  usbuser.o(.text)
    USB_EndPoint12                           0x00002de7   Thumb Code     2  usbuser.o(.text)
    USB_EndPoint13                           0x00002de9   Thumb Code     2  usbuser.o(.text)
    USB_EndPoint14                           0x00002deb   Thumb Code     2  usbuser.o(.text)
    USB_EndPoint15                           0x00002ded   Thumb Code     2  usbuser.o(.text)
    delay3                                   0x00002e05   Thumb Code    14  game.o(.text)
    Enemyspawnright                          0x00002e13   Thumb Code    38  game.o(.text)
    Enemyspawnleft                           0x00002e39   Thumb Code    38  game.o(.text)
    Enemyspawnup                             0x00002e5f   Thumb Code    38  game.o(.text)
    Enemyspawndown                           0x00002e85   Thumb Code    38  game.o(.text)
    Game                                     0x00002eab   Thumb Code  1208  game.o(.text)
    Instructions                             0x00003363   Thumb Code   108  game.o(.text)
    Game_Check                               0x000033cf   Thumb Code    84  game.o(.text)
    Game_Over                                0x00003423   Thumb Code    60  game.o(.text)
    __aeabi_uldivmod                         0x00003569   Thumb Code     0  lludivv7m.o(.text)
    _ll_udiv                                 0x00003569   Thumb Code   238  lludivv7m.o(.text)
    __aeabi_memcpy4                          0x00003657   Thumb Code     0  rt_memcpy_w.o(.text)
    __aeabi_memcpy8                          0x00003657   Thumb Code     0  rt_memcpy_w.o(.text)
    __rt_memcpy_w                            0x00003657   Thumb Code   100  rt_memcpy_w.o(.text)
    _memcpy_lastbytes_aligned                0x0000369f   Thumb Code     0  rt_memcpy_w.o(.text)
    __user_setup_stackheap                   0x000036bb   Thumb Code    74  sys_stackheap_outer.o(.text)
    USB_ReqGetDescriptor                     0x00003705   Thumb Code   164  usbcore.o(i.USB_ReqGetDescriptor)
    USB_ReqGetStatus                         0x000037bd   Thumb Code   160  usbcore.o(i.USB_ReqGetStatus)
    USB_ReqSetClrFeature                     0x0000387d   Thumb Code   210  usbcore.o(i.USB_ReqSetClrFeature)
    USB_ReqSetConfiguration                  0x00003969   Thumb Code   400  usbcore.o(i.USB_ReqSetConfiguration)
    USB_ReqSetInterface                      0x00003b1d   Thumb Code   278  usbcore.o(i.USB_ReqSetInterface)
    Font_6x8_h                               0x00003c4c   Data         896  glcd_spi_lpc1700.o(.constdata)
    Font_16x24_h                             0x00003fcc   Data        5376  glcd_spi_lpc1700.o(.constdata)
    led_mask                                 0x000054cc   Data          32  led.o(.constdata)
    MONSTERHUNTER                            0x000054ec   Data       66241  monsterhunter.o(.constdata)
    SSBU                                     0x000157ad   Data       64801  ssbu.o(.constdata)
    ZELDA                                    0x000254ce   Data       60481  zelda.o(.constdata)
    DEATHSTRANDING                           0x0003410f   Data       64801  death_stranding.o(.constdata)
    USB_DeviceDescriptor                     0x00043e30   Data          18  usbdesc.o(.constdata)
    USB_ConfigDescriptor                     0x00043e42   Data         110  usbdesc.o(.constdata)
    USB_StringDescriptor                     0x00043eb0   Data         100  usbdesc.o(.constdata)
    DDAdr                                    0x00043f14   Data           8  usbhw.o(.constdata)
    DDSz                                     0x00043f1c   Data           8  usbhw.o(.constdata)
    USB_P_EP                                 0x00043f24   Data          64  usbuser.o(.constdata)
    PLAYER                                   0x00044004   Data        1051  playertank.o(.constdata)
    BLACK                                    0x0004441f   Data        1051  blacccc.o(.constdata)
    ENEMYDOWN                                0x0004483a   Data        1561  enemydown.o(.constdata)
    ENEMYLEFT                                0x00044e53   Data        1561  enemyleft.o(.constdata)
    ENEMYRIGHT                               0x0004546c   Data        1561  enemyright.o(.constdata)
    ENEMYUP                                  0x00045a85   Data        1561  enemyup.o(.constdata)
    Region$$Table$$Base                      0x000460a0   Number         0  anon$$obj.o(Region$$Table)
    Region$$Table$$Limit                     0x000460c0   Number         0  anon$$obj.o(Region$$Table)
    SystemCoreClock                          0x10000000   Data           4  system_lpc17xx.o(.data)
    SystemFrequency                          0x10000004   Data           4  system_lpc17xx.o(.data)
    ticks                                    0x10000010   Data           4  irq.o(.data)
    ClockLEDOn                               0x10000014   Data           1  irq.o(.data)
    ClockLEDOff                              0x10000015   Data           1  irq.o(.data)
    ClockANI                                 0x10000016   Data           1  irq.o(.data)
    sel                                      0x10000018   Data           4  media_center.o(.data)
    music                                    0x1000001c   Data           4  media_center.o(.data)
    k                                        0x10000020   Data           4  media_center.o(.data)
    sel2                                     0x10000024   Data           4  photo_gallery.o(.data)
    InfoBuf                                  0x10000028   Data           4  usbdmain.o(.data)
    DataBuf                                  0x1000002c   Data           4  usbdmain.o(.data)
    Mute                                     0x10000030   Data           1  usbdmain.o(.data)
    Volume                                   0x10000034   Data           4  usbdmain.o(.data)
    DataOut                                  0x10000038   Data           2  usbdmain.o(.data)
    DataIn                                   0x1000003a   Data           2  usbdmain.o(.data)
    DataRun                                  0x1000003c   Data           1  usbdmain.o(.data)
    PotVal                                   0x1000003e   Data           2  usbdmain.o(.data)
    VUM                                      0x10000040   Data           4  usbdmain.o(.data)
    Tick                                     0x10000044   Data           4  usbdmain.o(.data)
    VolCur                                   0x10000048   Data           2  adcuser.o(.data)
    USB_DeviceStatus                         0x1000004c   Data           2  usbcore.o(.data)
    USB_DeviceAddress                        0x1000004e   Data           1  usbcore.o(.data)
    USB_Configuration                        0x1000004f   Data           1  usbcore.o(.data)
    USB_EndPointMask                         0x10000050   Data           4  usbcore.o(.data)
    USB_EndPointHalt                         0x10000054   Data           4  usbcore.o(.data)
    USB_EndPointStall                        0x10000058   Data           4  usbcore.o(.data)
    USB_NumInterfaces                        0x1000005c   Data           1  usbcore.o(.data)
    USB_AltSetting                           0x1000005d   Data           4  usbcore.o(.data)
    EP0Data                                  0x10000064   Data           8  usbcore.o(.data)
    SetupPacket                              0x1000006c   Data           8  usbcore.o(.data)
    DDMemMap                                 0x10000074   Data           8  usbhw.o(.data)
    once                                     0x1000007c   Data           4  game.o(.data)
    game_over                                0x10000080   Data           4  game.o(.data)
    score                                    0x10000084   Data           4  game.o(.data)
    i                                        0x10000088   Data           4  game.o(.data)
    spawn                                    0x1000008c   Data           4  game.o(.data)
    speed                                    0x10000090   Data           4  game.o(.data)
    counter                                  0x10000094   Data           4  game.o(.data)
    enemies                                  0x10000098   Data           4  game.o(.data)
    spawning                                 0x1000009c   Data          80  game.o(.data)
    player_x                                 0x100000ec   Data           4  game.o(.data)
    player_y                                 0x100000f0   Data           4  game.o(.data)
    spawnright                               0x100000f4   Data           4  game.o(.data)
    spawnleft                                0x100000f8   Data           4  game.o(.data)
    spawnup                                  0x100000fc   Data           4  game.o(.data)
    spawndown                                0x10000100   Data           4  game.o(.data)
    resetr                                   0x10000104   Data           4  game.o(.data)
    resetl                                   0x10000108   Data           4  game.o(.data)
    resetu                                   0x1000010c   Data           4  game.o(.data)
    resetd                                   0x10000110   Data           4  game.o(.data)
    EP0Buf                                   0x10000114   Data          64  usbcore.o(.bss)
    udca                                     0x10000154   Data         128  usbhw.o(.bss)
    __libspace_start                         0x100001d4   Data          96  libspace.o(.bss)
    __temporary_stack_top$libspace           0x10000234   Data           0  libspace.o(.bss)
    UDCA                                     0x10000438   Data         128  usbhw.o(USB_RAM)
    DD_NISO_Mem                              0x100004b8   Data         256  usbhw.o(USB_RAM)
    DD_ISO_Mem                               0x100005b8   Data         160  usbhw.o(USB_RAM)



==============================================================================

Memory Map of the image

  Image Entry point : 0x000000cd

  Load Region LR_IROM1 (Base: 0x00000000, Size: 0x000461d4, Max: 0x00080000, ABSOLUTE)

    Execution Region ER_IROM1 (Base: 0x00000000, Size: 0x000460c0, Max: 0x00080000, ABSOLUTE)

    Base Addr    Size         Type   Attr      Idx    E Section Name        Object

    0x00000000   0x000000cc   Data   RO            3    RESET               startup_lpc17xx.o
    0x000000cc   0x00000008   Code   RO          620  * !!!main             c_w.l(__main.o)
    0x000000d4   0x00000034   Code   RO          784    !!!scatter          c_w.l(__scatter.o)
    0x00000108   0x0000001a   Code   RO          786    !!handler_copy      c_w.l(__scatter_copy.o)
    0x00000122   0x00000002   PAD
    0x00000124   0x0000001c   Code   RO          788    !!handler_zi        c_w.l(__scatter_zi.o)
    0x00000140   0x00000002   Code   RO          657    .ARM.Collect$$libinit$$00000000  c_w.l(libinit.o)
    0x00000142   0x00000000   Code   RO          670    .ARM.Collect$$libinit$$00000002  c_w.l(libinit2.o)
    0x00000142   0x00000000   Code   RO          673    .ARM.Collect$$libinit$$00000008  c_w.l(libinit2.o)
    0x00000142   0x00000000   Code   RO          675    .ARM.Collect$$libinit$$0000000A  c_w.l(libinit2.o)
    0x00000142   0x00000000   Code   RO          677    .ARM.Collect$$libinit$$0000000C  c_w.l(libinit2.o)
    0x00000142   0x00000000   Code   RO          680    .ARM.Collect$$libinit$$0000000F  c_w.l(libinit2.o)
    0x00000142   0x00000000   Code   RO          682    .ARM.Collect$$libinit$$00000011  c_w.l(libinit2.o)
    0x00000142   0x00000000   Code   RO          684    .ARM.Collect$$libinit$$00000013  c_w.l(libinit2.o)
    0x00000142   0x00000000   Code   RO          686    .ARM.Collect$$libinit$$00000015  c_w.l(libinit2.o)
    0x00000142   0x00000000   Code   RO          688    .ARM.Collect$$libinit$$00000017  c_w.l(libinit2.o)
    0x00000142   0x00000000   Code   RO          690    .ARM.Collect$$libinit$$00000019  c_w.l(libinit2.o)
    0x00000142   0x00000000   Code   RO          692    .ARM.Collect$$libinit$$0000001B  c_w.l(libinit2.o)
    0x00000142   0x00000000   Code   RO          694    .ARM.Collect$$libinit$$0000001D  c_w.l(libinit2.o)
    0x00000142   0x00000000   Code   RO          696    .ARM.Collect$$libinit$$0000001F  c_w.l(libinit2.o)
    0x00000142   0x00000000   Code   RO          698    .ARM.Collect$$libinit$$00000021  c_w.l(libinit2.o)
    0x00000142   0x00000000   Code   RO          700    .ARM.Collect$$libinit$$00000023  c_w.l(libinit2.o)
    0x00000142   0x00000000   Code   RO          704    .ARM.Collect$$libinit$$0000002A  c_w.l(libinit2.o)
    0x00000142   0x00000000   Code   RO          706    .ARM.Collect$$libinit$$0000002C  c_w.l(libinit2.o)
    0x00000142   0x00000000   Code   RO          708    .ARM.Collect$$libinit$$0000002E  c_w.l(libinit2.o)
    0x00000142   0x00000000   Code   RO          710    .ARM.Collect$$libinit$$00000030  c_w.l(libinit2.o)
    0x00000142   0x00000002   Code   RO          711    .ARM.Collect$$libinit$$00000031  c_w.l(libinit2.o)
    0x00000144   0x00000002   Code   RO          742    .ARM.Collect$$libshutdown$$00000000  c_w.l(libshutdown.o)
    0x00000146   0x00000000   Code   RO          769    .ARM.Collect$$libshutdown$$00000003  c_w.l(libshutdown2.o)
    0x00000146   0x00000000   Code   RO          772    .ARM.Collect$$libshutdown$$00000006  c_w.l(libshutdown2.o)
    0x00000146   0x00000000   Code   RO          775    .ARM.Collect$$libshutdown$$00000009  c_w.l(libshutdown2.o)
    0x00000146   0x00000000   Code   RO          777    .ARM.Collect$$libshutdown$$0000000B  c_w.l(libshutdown2.o)
    0x00000146   0x00000000   Code   RO          780    .ARM.Collect$$libshutdown$$0000000E  c_w.l(libshutdown2.o)
    0x00000146   0x00000002   Code   RO          781    .ARM.Collect$$libshutdown$$0000000F  c_w.l(libshutdown2.o)
    0x00000148   0x00000000   Code   RO          622    .ARM.Collect$$rtentry$$00000000  c_w.l(rtentry.o)
    0x00000148   0x00000000   Code   RO          628    .ARM.Collect$$rtentry$$00000002  c_w.l(rtentry2.o)
    0x00000148   0x00000006   Code   RO          640    .ARM.Collect$$rtentry$$00000004  c_w.l(rtentry4.o)
    0x0000014e   0x00000000   Code   RO          630    .ARM.Collect$$rtentry$$00000009  c_w.l(rtentry2.o)
    0x0000014e   0x00000004   Code   RO          631    .ARM.Collect$$rtentry$$0000000A  c_w.l(rtentry2.o)
    0x00000152   0x00000000   Code   RO          633    .ARM.Collect$$rtentry$$0000000C  c_w.l(rtentry2.o)
    0x00000152   0x00000008   Code   RO          634    .ARM.Collect$$rtentry$$0000000D  c_w.l(rtentry2.o)
    0x0000015a   0x00000002   Code   RO          661    .ARM.Collect$$rtexit$$00000000  c_w.l(rtexit.o)
    0x0000015c   0x00000000   Code   RO          715    .ARM.Collect$$rtexit$$00000002  c_w.l(rtexit2.o)
    0x0000015c   0x00000004   Code   RO          716    .ARM.Collect$$rtexit$$00000003  c_w.l(rtexit2.o)
    0x00000160   0x00000006   Code   RO          717    .ARM.Collect$$rtexit$$00000004  c_w.l(rtexit2.o)
    0x00000166   0x00000002   PAD
    0x00000168   0x0000003c   Code   RO            5    .text               startup_lpc17xx.o
    0x000001a4   0x0000007c   Code   RO          101    .text               irq.o
    0x00000220   0x000000ac   Code   RO          113    .text               led.o
    0x000002cc   0x00000006   Code   RO          618    .text               c_w.l(heapauxi.o)
    0x000002d2   0x0000000c   Code   RO          646    .text               c_w.l(exit.o)
    0x000002de   0x00000002   PAD
    0x000002e0   0x00000008   Code   RO          658    .text               c_w.l(libspace.o)
    0x000002e8   0x0000000c   Code   RO          712    .text               c_w.l(sys_exit.o)
    0x000002f4   0x00000002   Code   RO          731    .text               c_w.l(use_no_semi.o)
    0x000002f6   0x00000000   Code   RO          733    .text               c_w.l(indicate_semi.o)
    0x000002f6   0x00000006   PAD
    0x000002fc   0x00000004   Code   RO            4    .ARM.__at_0x02FC    startup_lpc17xx.o
    0x00000300   0x00000460   Code   RO           13    .text               system_lpc17xx.o
    0x00000760   0x00000ba4   Code   RO           53    .text               glcd_spi_lpc1700.o
    0x00001304   0x00000060   Code   RO          143    .text               kbd.o
    0x00001364   0x00000410   Code   RO          180    .text               media_center.o
    0x00001774   0x000003fc   Code   RO          283    .text               photo_gallery.o
    0x00001b70   0x000001dc   Code   RO          313    .text               photo_viewer.o
    0x00001d4c   0x00000260   Code   RO          332    .text               usbdmain.o
    0x00001fac   0x000000e8   Code   RO          360    .text               adcuser.o
    0x00002094   0x000003dc   Code   RO          386    .text               usbcore.o
    0x00002470   0x000008b4   Code   RO          464    .text               usbhw.o
    0x00002d24   0x000000e0   Code   RO          488    .text               usbuser.o
    0x00002e04   0x00000764   Code   RO          508    .text               game.o
    0x00003568   0x000000ee   Code   RO          614    .text               c_w.l(lludivv7m.o)
    0x00003656   0x00000064   Code   RO          616    .text               c_w.l(rt_memcpy_w.o)
    0x000036ba   0x0000004a   Code   RO          644    .text               c_w.l(sys_stackheap_outer.o)
    0x00003704   0x000000b8   Code   RO          411    i.USB_ReqGetDescriptor  usbcore.o
    0x000037bc   0x000000c0   Code   RO          399    i.USB_ReqGetStatus  usbcore.o
    0x0000387c   0x000000ec   Code   RO          405    i.USB_ReqSetClrFeature  usbcore.o
    0x00003968   0x000001b4   Code   RO          417    i.USB_ReqSetConfiguration  usbcore.o
    0x00003b1c   0x00000130   Code   RO          423    i.USB_ReqSetInterface  usbcore.o
    0x00003c4c   0x00001880   Data   RO           54    .constdata          glcd_spi_lpc1700.o
    0x000054cc   0x00000020   Data   RO          114    .constdata          led.o
    0x000054ec   0x000102c1   Data   RO          245    .constdata          monsterhunter.o
    0x000157ad   0x0000fd21   Data   RO          254    .constdata          ssbu.o
    0x000254ce   0x0000ec41   Data   RO          263    .constdata          zelda.o
    0x0003410f   0x0000fd21   Data   RO          272    .constdata          death_stranding.o
    0x00043e30   0x000000e4   Data   RO          452    .constdata          usbdesc.o
    0x00043f14   0x00000010   Data   RO          466    .constdata          usbhw.o
    0x00043f24   0x00000040   Data   RO          489    .constdata          usbuser.o
    0x00043f64   0x000000a0   Data   RO          509    .constdata          game.o
    0x00044004   0x0000041b   Data   RO          531    .constdata          playertank.o
    0x0004441f   0x0000041b   Data   RO          540    .constdata          blacccc.o
    0x0004483a   0x00000619   Data   RO          549    .constdata          enemydown.o
    0x00044e53   0x00000619   Data   RO          558    .constdata          enemyleft.o
    0x0004546c   0x00000619   Data   RO          567    .constdata          enemyright.o
    0x00045a85   0x00000619   Data   RO          576    .constdata          enemyup.o
    0x0004609e   0x00000002   PAD
    0x000460a0   0x00000020   Data   RO          782    Region$$Table       anon$$obj.o


    Execution Region RW_IRAM1 (Base: 0x10000000, Size: 0x00000658, Max: 0x00008000, ABSOLUTE)

    Base Addr    Size         Type   Attr      Idx    E Section Name        Object

    0x10000000   0x00000008   Data   RW           14    .data               system_lpc17xx.o
    0x10000008   0x00000005   Data   RW           55    .data               glcd_spi_lpc1700.o
    0x1000000d   0x00000003   PAD
    0x10000010   0x00000007   Data   RW          102    .data               irq.o
    0x10000017   0x00000001   PAD
    0x10000018   0x0000000c   Data   RW          181    .data               media_center.o
    0x10000024   0x00000004   Data   RW          284    .data               photo_gallery.o
    0x10000028   0x00000020   Data   RW          333    .data               usbdmain.o
    0x10000048   0x00000002   Data   RW          362    .data               adcuser.o
    0x1000004a   0x00000002   PAD
    0x1000004c   0x00000028   Data   RW          388    .data               usbcore.o
    0x10000074   0x00000008   Data   RW          467    .data               usbhw.o
    0x1000007c   0x00000098   Data   RW          510    .data               game.o
    0x10000114   0x00000040   Zero   RW          387    .bss                usbcore.o
    0x10000154   0x00000080   Zero   RW          465    .bss                usbhw.o
    0x100001d4   0x00000060   Zero   RW          659    .bss                c_w.l(libspace.o)
    0x10000234   0x00000004   PAD
    0x10000238   0x00000000   Zero   RW            2    HEAP                startup_lpc17xx.o
    0x10000238   0x00000200   Zero   RW            1    STACK               startup_lpc17xx.o
    0x10000438   0x00000220   Zero   RW          468    USB_RAM             usbhw.o


==============================================================================

Image component sizes


      Code (inc. data)   RO Data    RW Data    ZI Data      Debug   Object Name

       232         16          0          2          0       1528   adcuser.o
         0          0       1051          0          0        472   blacccc.o
         0          0      64801          0          0        545   death_stranding.o
         0          0       1561          0          0        504   enemydown.o
         0          0       1561          0          0        508   enemyleft.o
         0          0       1561          0          0        513   enemyright.o
         0          0       1561          0          0        490   enemyup.o
      1892        362        160        152          0       4052   game.o
      2980         62       6272          5          0       8808   glcd_spi_lpc1700.o
       124         16          0          7          0        674   irq.o
        96         22          0          0          0      17342   kbd.o
       172         16         32          0          0       1289   led.o
      1040        212          0         12          0      30703   media_center.o
         0          0      66241          0          0        540   monsterhunter.o
      1020        216          0          4          0       1082   photo_gallery.o
       476        160          0          0          0        603   photo_viewer.o
         0          0       1051          0          0        485   playertank.o
         0          0      64801          0          0        479   ssbu.o
        64         26        204          0        512        896   startup_lpc17xx.o
      1120         90          0          8          0      20583   system_lpc17xx.o
      2340        206          0         40         64       7835   usbcore.o
         0          0        228          0          0        573   usbdesc.o
       608         80          0         32          0       6863   usbdmain.o
      2228        256         16          8        672      12983   usbhw.o
       224         22         64          0          0       3131   usbuser.o
         0          0      60481          0          0        488   zelda.o

    ----------------------------------------------------------------------
     14616       1762     271680        276       1248     123969   Object Totals
         0          0         32          0          0          0   (incl. Generated)
         0          0          2          6          0          0   (incl. Padding)

    ----------------------------------------------------------------------

      Code (inc. data)   RO Data    RW Data    ZI Data      Debug   Library Member Name

         8          0          0          0          0         68   __main.o
        52          8          0          0          0          0   __scatter.o
        26          0          0          0          0          0   __scatter_copy.o
        28          0          0          0          0          0   __scatter_zi.o
        12          0          0          0          0         72   exit.o
         6          0          0          0          0        152   heapauxi.o
         0          0          0          0          0          0   indicate_semi.o
         2          0          0          0          0          0   libinit.o
         2          0          0          0          0          0   libinit2.o
         2          0          0          0          0          0   libshutdown.o
         2          0          0          0          0          0   libshutdown2.o
         8          4          0          0         96         68   libspace.o
       238          0          0          0          0        100   lludivv7m.o
       100          0          0          0          0         80   rt_memcpy_w.o
         0          0          0          0          0          0   rtentry.o
        12          0          0          0          0          0   rtentry2.o
         6          0          0          0          0          0   rtentry4.o
         2          0          0          0          0          0   rtexit.o
        10          0          0          0          0          0   rtexit2.o
        12          4          0          0          0         68   sys_exit.o
        74          0          0          0          0         80   sys_stackheap_outer.o
         2          0          0          0          0         68   use_no_semi.o

    ----------------------------------------------------------------------
       616         16          0          0        100        756   Library Totals
        12          0          0          0          4          0   (incl. Padding)

    ----------------------------------------------------------------------

      Code (inc. data)   RO Data    RW Data    ZI Data      Debug   Library Name

       604         16          0          0         96        756   c_w.l

    ----------------------------------------------------------------------
       616         16          0          0        100        756   Library Totals

    ----------------------------------------------------------------------

==============================================================================


      Code (inc. data)   RO Data    RW Data    ZI Data      Debug   

     15232       1778     271680        276       1348     122593   Grand Totals
     15232       1778     271680        276       1348     122593   ELF Image Totals
     15232       1778     271680        276          0          0   ROM Totals

==============================================================================

    Total RO  Size (Code + RO Data)               286912 ( 280.19kB)
    Total RW  Size (RW Data + ZI Data)              1624 (   1.59kB)
    Total ROM Size (Code + RO Data + RW Data)     287188 ( 280.46kB)

==============================================================================

