<html>
<body>
<pre>
<h1>µVision Build Log</h1>
<h2>Project:</h2>
S:\coe718\lab3a_2\lab3a2.uvproj
Project File Date:  10/07/2019

<h2>Output:</h2>
Rebuild target 'Target 1'
assembling startup_LPC17xx.s...
compiling system_LPC17xx.c...
compiling RTX_Conf_CM.c...
RTX_Conf_CM.c(277): warning:  #1-D: last line of file ends without a newline
   *---------------------------------------------------------------------------*/
RTX_Conf_CM.c: 1 warning, 0 errors
compiling Demo2.c...
KBD.h(30): warning:  #1-D: last line of file ends without a newline
  #endif
Demo2.c(119): warning:  #1294-D: Old-style function p1_led
  void p1_led (led_bit){
Demo2.c(135): warning:  #1294-D: Old-style function p2_led
  void p2_led (led_bit){
Demo2.c(152): warning:  #1294-D: Old-style function p1_led_off
  void p1_led_off (led_bit){
Demo2.c(169): warning:  #1294-D: Old-style function p2_led_off
  void p2_led_off (led_bit){
Demo2.c(491): warning:  #1-D: last line of file ends without a newline
  }
Demo2.c: 6 warnings, 0 errors
compiling LED.c...
compiling KBD.c...
KBD.h(30): warning:  #1-D: last line of file ends without a newline
  #endif
KBD.c(47): warning:  #1-D: last line of file ends without a newline
  }
KBD.c: 2 warnings, 0 errors
compiling Bitbanding.c...
KBD.h(30): warning:  #1-D: last line of file ends without a newline
  #endif
Bitbanding.c: 1 warning, 0 errors
compiling GLCD_SPI_LPC1700.c...
linking...
Program Size: Code=11452 RO-data=6588 RW-data=184 ZI-data=3736  
".\lab3a2.axf" - 0 Error(s), 10 Warning(s).
</pre>
</body>
</html>
\lab3a2.axf" 
Erase Done.
Programming Done.
Verify OK.
