ARM Linker, 5.03 [Build 76] [MDK-ARM Professional]

==============================================================================

Section Cross References

    startup_lpc17xx.o(STACK) refers (Special) to heapauxi.o(.text) for __use_two_region_memory
    startup_lpc17xx.o(HEAP) refers (Special) to heapauxi.o(.text) for __use_two_region_memory
    startup_lpc17xx.o(RESET) refers (Special) to heapauxi.o(.text) for __use_two_region_memory
    startup_lpc17xx.o(RESET) refers to startup_lpc17xx.o(STACK) for __initial_sp
    startup_lpc17xx.o(RESET) refers to startup_lpc17xx.o(.text) for Reset_Handler
    startup_lpc17xx.o(RESET) refers to hal_cm3.o(.emb_text) for SVC_Handler
    startup_lpc17xx.o(.ARM.__at_0x02FC) refers (Special) to heapauxi.o(.text) for __use_two_region_memory
    startup_lpc17xx.o(.text) refers (Special) to heapauxi.o(.text) for __use_two_region_memory
    startup_lpc17xx.o(.text) refers to system_lpc17xx.o(.text) for SystemInit
    startup_lpc17xx.o(.text) refers to __main.o(!!!main) for __main
    startup_lpc17xx.o(.text) refers to startup_lpc17xx.o(HEAP) for Heap_Mem
    startup_lpc17xx.o(.text) refers to startup_lpc17xx.o(STACK) for Stack_Mem
    system_lpc17xx.o(.text) refers to lludivv7m.o(.text) for __aeabi_uldivmod
    system_lpc17xx.o(.text) refers to system_lpc17xx.o(.data) for SystemCoreClock
    rtx_conf_cm.o(.emb_text) refers to sys_stackheap_outer.o(.text) for __user_setup_stackheap
    rtx_conf_cm.o(.emb_text) refers to libinit.o(.ARM.Collect$$libinit$$00000000) for __rt_lib_init
    rtx_conf_cm.o(.emb_text) refers to rt_cmsis.o(i.osKernelInitialize) for osKernelInitialize
    rtx_conf_cm.o(.emb_text) refers to rt_cmsis.o(i.osThreadCreate) for osThreadCreate
    rtx_conf_cm.o(.emb_text) refers to rt_cmsis.o(i.osKernelStart) for osKernelStart
    rtx_conf_cm.o(.emb_text) refers to exit.o(.text) for exit
    rtx_conf_cm.o(.emb_text) refers to rtx_conf_cm.o(.data) for os_thread_def_main
    rtx_conf_cm.o(.text) refers to rt_task.o(i.rt_tsk_self) for rt_tsk_self
    rtx_conf_cm.o(.text) refers to rt_mutex.o(i.rt_mut_init) for rt_mut_init
    rtx_conf_cm.o(.text) refers to rtx_conf_cm.o(.bss) for .bss
    rtx_conf_cm.o(.text) refers to libspace.o(.bss) for __libspace_start
    rtx_conf_cm.o(.text) refers to rtx_conf_cm.o(.data) for .data
    rtx_conf_cm.o(.text) refers to rt_mutex.o(i.rt_mut_wait) for rt_mut_wait
    rtx_conf_cm.o(.text) refers to rt_mutex.o(i.rt_mut_release) for rt_mut_release
    rtx_conf_cm.o(.constdata) refers to rt_cmsis.o(i.osTimerThread) for osTimerThread
    rtx_conf_cm.o(.constdata) refers to rtx_conf_cm.o(.bss) for os_messageQ_q_osTimerMessageQ
    rtx_conf_cm.o(.data) refers to demo2.o(.text) for main
    demo2.o(.text) refers to _printf_percent.o(.ARM.Collect$$_printf_percent$$00000000) for _printf_percent
    demo2.o(.text) refers to _printf_d.o(.ARM.Collect$$_printf_percent$$00000009) for _printf_d
    demo2.o(.text) refers to _printf_dec.o(.text) for _printf_int_dec
    demo2.o(.text) refers to glcd_spi_lpc1700.o(.text) for GLCD_DisplayString
    demo2.o(.text) refers to noretval__2sprintf.o(.text) for __2sprintf
    demo2.o(.text) refers to demo2.o(.data) for bb_word_address
    demo2.o(.text) refers to rt_task.o(i.rt_tsk_self) for rt_tsk_self
    demo2.o(.text) refers to rt_task.o(i.rt_tsk_pass) for rt_tsk_pass
    demo2.o(.text) refers to rt_task.o(i.rt_tsk_prio) for rt_tsk_prio
    demo2.o(.text) refers to rt_event.o(i.rt_evt_wait) for rt_evt_wait
    demo2.o(.text) refers to rt_time.o(i.rt_dly_wait) for rt_dly_wait
    demo2.o(.text) refers to rt_task.o(i.rt_tsk_delete) for rt_tsk_delete
    demo2.o(.text) refers to demo2.o(.bss) for text
    demo2.o(.text) refers to rt_event.o(i.rt_evt_set) for rt_evt_set
    demo2.o(.text) refers to rt_mutex.o(i.rt_mut_wait) for rt_mut_wait
    demo2.o(.text) refers to rt_task.o(i.rt_tsk_create) for rt_tsk_create
    demo2.o(.text) refers to system_lpc17xx.o(.text) for SystemInit
    led.o(.text) refers to demo2.o(.text) for LED_Off
    led.o(.text) refers to led.o(.constdata) for led_mask
    glcd_spi_lpc1700.o(.text) refers to glcd_spi_lpc1700.o(.data) for Himax
    glcd_spi_lpc1700.o(.text) refers to glcd_spi_lpc1700.o(.constdata) for Font_6x8_h
    rt_cmsis.o(i.isrMessagePut) refers to rt_mailbox.o(i.rt_mbx_check) for rt_mbx_check
    rt_cmsis.o(i.isrMessagePut) refers to rt_mailbox.o(i.isr_mbx_send) for isr_mbx_send
    rt_cmsis.o(i.osDelay) refers to rt_cmsis.o(i.svcDelay) for svcDelay
    rt_cmsis.o(i.osKernelInitialize) refers to rt_cmsis.o(i.svcKernelInitialize) for svcKernelInitialize
    rt_cmsis.o(i.osKernelRunning) refers to rt_cmsis.o(i.svcKernelRunning) for svcKernelRunning
    rt_cmsis.o(i.osKernelRunning) refers to rt_cmsis.o(.data) for .data
    rt_cmsis.o(i.osKernelStart) refers to rtx_conf_cm.o(.constdata) for os_flags
    rt_cmsis.o(i.osKernelStart) refers to rt_cmsis.o(i.svcKernelStart) for svcKernelStart
[...]
    libshutdown.o(.ARM.Collect$$libshutdown$$00000000) refers (Special) to libshutdown2.o(.ARM.Collect$$libshutdown$$0000000F) for __rt_lib_shutdown_return
    libshutdown.o(.ARM.Collect$$libshutdown$$00000000) refers (Special) to libshutdown2.o(.ARM.Collect$$libshutdown$$00000009) for __rt_lib_shutdown_signal_1
    libshutdown.o(.ARM.Collect$$libshutdown$$00000000) refers (Special) to libshutdown2.o(.ARM.Collect$$libshutdown$$00000003) for __rt_lib_shutdown_stdio_1
    libshutdown.o(.ARM.Collect$$libshutdown$$00000000) refers (Special) to libshutdown2.o(.ARM.Collect$$libshutdown$$0000000B) for __rt_lib_shutdown_user_alloc_1
    sys_command.o(.text) refers (Special) to use_no_semi.o(.text) for __I$use$semihosting
    sys_command.o(.text) refers (Special) to indicate_semi.o(.text) for __semihosting_library_function
    rt_raise.o(.text) refers to __raise.o(.text) for __raise
    rt_raise.o(.text) refers to sys_exit.o(.text) for _sys_exit
    defsig_exit.o(.text) refers to sys_exit.o(.text) for _sys_exit
    defsig_fpe_inner.o(.text) refers to defsig_general.o(.text) for __default_signal_display
    defsig_rtmem_outer.o(.text) refers to defsig_rtmem_inner.o(.text) for __rt_SIGRTMEM_inner
    defsig_rtmem_outer.o(.text) refers to defsig_exit.o(.text) for __sig_exit
    defsig_rtmem_formal.o(.text) refers to rt_raise.o(.text) for __rt_raise
    __raise.o(.text) refers to defsig.o(CL$$defsig) for __default_signal_handler
    defsig_general.o(.text) refers to sys_wrch.o(.text) for _ttywrch
    defsig_rtmem_inner.o(.text) refers to defsig_general.o(.text) for __default_signal_display
    sys_wrch.o(.text) refers (Special) to use_no_semi.o(.text) for __I$use$semihosting
    sys_wrch.o(.text) refers (Special) to indicate_semi.o(.text) for __semihosting_library_function
    defsig.o(CL$$defsig) refers to defsig_fpe_inner.o(.text) for __rt_SIGFPE_inner
    defsig.o(CL$$defsig) refers to defsig_rtmem_inner.o(.text) for __rt_SIGRTMEM_inner
    defsig_abrt_inner.o(.text) refers to defsig_general.o(.text) for __default_signal_display
    defsig_rtred_inner.o(.text) refers to defsig_general.o(.text) for __default_signal_display
    defsig_stak_inner.o(.text) refers to defsig_general.o(.text) for __default_signal_display
    defsig_pvfn_inner.o(.text) refers to defsig_general.o(.text) for __default_signal_display
    defsig_cppl_inner.o(.text) refers to defsig_general.o(.text) for __default_signal_display
    defsig_segv_inner.o(.text) refers to defsig_general.o(.text) for __default_signal_display
    defsig_other.o(.text) refers to defsig_general.o(.text) for __default_signal_display


==============================================================================

Removing Unused input sections from the image.

    Removing system_lpc17xx.o(.rev16_text), (4 bytes).
    Removing system_lpc17xx.o(.revsh_text), (4 bytes).
    Removing demo2.o(.rev16_text), (4 bytes).
    Removing demo2.o(.revsh_text), (4 bytes).
    Removing led.o(.rev16_text), (4 bytes).
    Removing led.o(.revsh_text), (4 bytes).
    Removing led.o(.text), (108 bytes).
    Removing led.o(.constdata), (32 bytes).
    Removing kbd.o(.rev16_text), (4 bytes).
    Removing kbd.o(.revsh_text), (4 bytes).
    Removing kbd.o(.text), (96 bytes).
    Removing kbd.o(.data), (4 bytes).
    Removing bitbanding.o(.rev16_text), (4 bytes).
    Removing bitbanding.o(.revsh_text), (4 bytes).
    Removing glcd_spi_lpc1700.o(.rev16_text), (4 bytes).
    Removing glcd_spi_lpc1700.o(.revsh_text), (4 bytes).
    Removing rt_cmsis.o(.rev16_text), (4 bytes).
    Removing rt_cmsis.o(.revsh_text), (4 bytes).
    Removing rt_cmsis.o(i.osDelay), (24 bytes).
    Removing rt_cmsis.o(i.osKernelRunning), (36 bytes).
    Removing rt_cmsis.o(i.osKernelSysTick), (24 bytes).
    Removing rt_cmsis.o(i.osMailAlloc), (32 bytes).
    Removing rt_cmsis.o(i.osMailCAlloc), (32 bytes).
    Removing rt_cmsis.o(i.osMailCreate), (48 bytes).
    Removing rt_cmsis.o(i.osMailFree), (28 bytes).
    Removing rt_cmsis.o(i.osMailGet), (22 bytes).
    Removing rt_cmsis.o(i.osMailPut), (20 bytes).
    Removing rt_cmsis.o(i.osMessageCreate), (48 bytes).
    Removing rt_cmsis.o(i.osMessagePut), (24 bytes).
    Removing rt_cmsis.o(i.osMutexCreate), (48 bytes).
    Removing rt_cmsis.o(i.osMutexDelete), (24 bytes).
    Removing rt_cmsis.o(i.osMutexRelease), (24 bytes).
    Removing rt_cmsis.o(i.osMutexWait), (24 bytes).
    Removing rt_cmsis.o(i.osPoolAlloc), (36 bytes).
    Removing rt_cmsis.o(i.osPoolCAlloc), (36 bytes).
    Removing rt_cmsis.o(i.osPoolCreate), (48 bytes).
    Removing rt_cmsis.o(i.osPoolFree), (32 bytes).
    Removing rt_cmsis.o(i.osSemaphoreCreate), (48 bytes).
    Removing rt_cmsis.o(i.osSemaphoreDelete), (24 bytes).
    Removing rt_cmsis.o(i.osSemaphoreRelease), (60 bytes).
    Removing rt_cmsis.o(i.osSemaphoreWait), (24 bytes).
    Removing rt_cmsis.o(i.osSignalClear), (24 bytes).
    Removing rt_cmsis.o(i.osSignalSet), (52 bytes).
    Removing rt_cmsis.o(i.osSignalWait), (24 bytes).
    Removing rt_cmsis.o(i.osThreadGetId), (24 bytes).
    Removing rt_cmsis.o(i.osThreadGetPriority), (24 bytes).
    Removing rt_cmsis.o(i.osThreadSetPriority), (24 bytes).
    Removing rt_cmsis.o(i.osThreadTerminate), (24 bytes).
    Removing rt_cmsis.o(i.osThreadYield), (24 bytes).
    Removing rt_cmsis.o(i.osTimerCreate), (52 bytes).
    Removing rt_cmsis.o(i.osTimerDelete), (24 bytes).
    Removing rt_cmsis.o(i.osTimerStart), (24 bytes).
    Removing rt_cmsis.o(i.osTimerStop), (24 bytes).
    Removing rt_cmsis.o(i.osWait), (4 bytes).
    Removing rt_cmsis.o(i.rt_clr_box), (20 bytes).
    Removing rt_cmsis.o(i.rt_timer_remove), (60 bytes).
    Removing rt_cmsis.o(i.svcDelay), (20 bytes).
    Removing rt_cmsis.o(i.svcKernelRunning), (12 bytes).
    Removing rt_cmsis.o(i.svcKernelSysTick), (56 bytes).
    Removing rt_cmsis.o(i.svcMailCreate), (66 bytes).
    Removing rt_cmsis.o(i.svcMessagePut), (54 bytes).
    Removing rt_cmsis.o(i.svcMutexCreate), (28 bytes).
    Removing rt_cmsis.o(i.svcMutexDelete), (26 bytes).
    Removing rt_cmsis.o(i.svcMutexRelease), (34 bytes).
    Removing rt_cmsis.o(i.svcMutexWait), (54 bytes).
    Removing rt_cmsis.o(i.svcPoolCreate), (40 bytes).
    Removing rt_cmsis.o(i.svcSemaphoreCreate), (36 bytes).
    Removing rt_cmsis.o(i.svcSemaphoreDelete), (26 bytes).
    Removing rt_cmsis.o(i.svcSemaphoreRelease), (40 bytes).
    Removing rt_cmsis.o(i.svcSemaphoreWait), (50 bytes).
    Removing rt_cmsis.o(i.svcSignalClear), (36 bytes).
    Removing rt_cmsis.o(i.svcSignalSet), (36 bytes).
    Removing rt_cmsis.o(i.svcSignalWait), (84 bytes).
    Removing rt_cmsis.o(i.svcThreadGetPriority), (18 bytes).
    Removing rt_cmsis.o(i.svcThreadSetPriority), (46 bytes).
    Removing rt_cmsis.o(i.svcThreadYield), (10 bytes).
    Removing rt_cmsis.o(i.svcTimerCreate), (52 bytes).
    Removing rt_cmsis.o(i.svcTimerDelete), (40 bytes).
    Removing rt_cmsis.o(i.svcTimerStart), (72 bytes).
    Removing rt_cmsis.o(i.svcTimerStop), (36 bytes).
    Removing rt_cmsis.o(i.sysMailAlloc), (112 bytes).
    Removing rt_cmsis.o(i.sysMailFree), (102 bytes).
    Removing rt_cmsis.o(i.sysPoolAlloc), (32 bytes).
    Removing rt_cmsis.o(i.sysPoolFree), (20 bytes).
    Removing rt_event.o(i.isr_evt_set), (40 bytes).
    Removing rt_event.o(i.rt_evt_clr), (28 bytes).
    Removing rt_event.o(i.rt_evt_get), (12 bytes).
    Removing rt_time.o(i.rt_itv_set), (24 bytes).
    Removing rt_time.o(i.rt_itv_wait), (44 bytes).
    Removing rt_time.o(i.rt_time_get), (12 bytes).
    Removing rt_mutex.o(i.rt_mut_delete), (120 bytes).
    Removing rt_system.o(.emb_text), (0 bytes).
    Removing rt_system.o(i.os_tick_ovf), (16 bytes).
    Removing rt_system.o(i.os_tick_val), (20 bytes).
    Removing rt_system.o(i.rt_resume), (128 bytes).
    Removing rt_system.o(i.rt_suspend), (28 bytes).
    Removing rt_system.o(i.rt_tsk_lock), (80 bytes).
    Removing rt_system.o(i.rt_tsk_unlock), (80 bytes).
    Removing rt_mailbox.o(i.rt_mbx_send), (152 bytes).
    Removing rt_semaphore.o(i.isr_sem_send), (16 bytes).
    Removing rt_semaphore.o(i.rt_sem_delete), (92 bytes).
    Removing rt_semaphore.o(i.rt_sem_init), (12 bytes).
    Removing rt_semaphore.o(i.rt_sem_send), (42 bytes).
    Removing rt_semaphore.o(i.rt_sem_wait), (60 bytes).
    Removing rt_membox.o(i._calloc_box), (30 bytes).

105 unused section(s) (total 3764 bytes) removed from the image.

==============================================================================

Image Symbol Table

    Local Symbols

    Symbol Name                              Value     Ov Type        Size  Object(Section)

    RESET                                    0x00000000   Section      204  startup_lpc17xx.o(RESET)
    ../clib/angel/boardlib.s                 0x00000000   Number         0  boardshut.o ABSOLUTE
    ../clib/angel/handlers.s                 0x00000000   Number         0  __scatter_zi.o ABSOLUTE
    ../clib/angel/handlers.s                 0x00000000   Number         0  __scatter_copy.o ABSOLUTE
    ../clib/angel/kernel.s                   0x00000000   Number         0  rtexit.o ABSOLUTE
    ../clib/angel/kernel.s                   0x00000000   Number         0  rtexit2.o ABSOLUTE
    ../clib/angel/rt.s                       0x00000000   Number         0  rt_raise.o ABSOLUTE
    ../clib/angel/rt.s                       0x00000000   Number         0  rt_div0.o ABSOLUTE
    ../clib/angel/rt.s                       0x00000000   Number         0  aeabi_ldiv0_sigfpe.o ABSOLUTE
    ../clib/angel/rt.s                       0x00000000   Number         0  aeabi_ldiv0.o ABSOLUTE
    ../clib/angel/scatter.s                  0x00000000   Number         0  __scatter.o ABSOLUTE
    ../clib/angel/startup.s                  0x00000000   Number         0  __main.o ABSOLUTE
    ../clib/angel/sys.s                      0x00000000   Number         0  indicate_semi.o ABSOLUTE
    ../clib/angel/sys.s                      0x00000000   Number         0  sys_stackheap_outer.o ABSOLUTE
    ../clib/angel/sys.s                      0x00000000   Number         0  libspace.o ABSOLUTE
    ../clib/angel/sys.s                      0x00000000   Number         0  use_no_semi.o ABSOLUTE
    ../clib/angel/sysapp.c                   0x00000000   Number         0  sys_wrch.o ABSOLUTE
    ../clib/angel/sysapp.c                   0x00000000   Number         0  sys_exit.o ABSOLUTE
    ../clib/angel/sysapp.c                   0x00000000   Number         0  sys_command.o ABSOLUTE
    ../clib/armsys.c                         0x00000000   Number         0  _get_argv_nomalloc.o ABSOLUTE
    ../clib/armsys.c                         0x00000000   Number         0  argv_veneer.o ABSOLUTE
    ../clib/armsys.c                         0x00000000   Number         0  argv_veneer.o ABSOLUTE
    ../clib/armsys.c                         0x00000000   Number         0  no_argv.o ABSOLUTE
    ../clib/heapalloc.c                      0x00000000   Number         0  hrguard.o ABSOLUTE
    ../clib/heapaux.c                        0x00000000   Number         0  heapauxi.o ABSOLUTE
    ../clib/libinit.s                        0x00000000   Number         0  libinit.o ABSOLUTE
    ../clib/libinit.s                        0x00000000   Number         0  libshutdown.o ABSOLUTE
    ../clib/libinit.s                        0x00000000   Number         0  libshutdown2.o ABSOLUTE
    ../clib/libinit.s                        0x00000000   Number         0  libinit2.o ABSOLUTE
    ../clib/longlong.s                       0x00000000   Number         0  lludivv7m.o ABSOLUTE
    ../clib/printf.c                         0x00000000   Number         0  __2sprintf.o ABSOLUTE
    ../clib/printf.c                         0x00000000   Number         0  _printf_dec.o ABSOLUTE
    ../clib/printf.c                         0x00000000   Number         0  __printf_ss.o ABSOLUTE
    ../clib/printf.c                         0x00000000   Number         0  _sputc.o ABSOLUTE
    ../clib/printf.c                         0x00000000   Number         0  __printf_flags_ss.o ABSOLUTE
    ../clib/printf.c                         0x00000000   Number         0  __printf_wp.o ABSOLUTE
    ../clib/printf.c                         0x00000000   Number         0  __printf_nopercent.o ABSOLUTE
    ../clib/printf.c                         0x00000000   Number         0  __printf_ss_wp.o ABSOLUTE
    ../clib/printf.c                         0x00000000   Number         0  __printf_flags_ss_wp.o ABSOLUTE
    ../clib/printf.c                         0x00000000   Number         0  __printf_flags_wp.o ABSOLUTE
    ../clib/printf.c                         0x00000000   Number         0  noretval__2sprintf.o ABSOLUTE
    ../clib/printf.c                         0x00000000   Number         0  __printf.o ABSOLUTE
    ../clib/printf.c                         0x00000000   Number         0  __printf_flags.o ABSOLUTE
    ../clib/printf.c                         0x00000000   Number         0  _printf_intcommon.o ABSOLUTE
    ../clib/printf.c                         0x00000000   Number         0  _printf_char_common.o ABSOLUTE
    ../clib/printf_percent.s                 0x00000000   Number         0  _printf_percent_end.o ABSOLUTE
    ../clib/printf_percent.s                 0x00000000   Number         0  _printf_d.o ABSOLUTE
    ../clib/printf_percent.s                 0x00000000   Number         0  _printf_percent.o ABSOLUTE
    ../clib/signal.c                         0x00000000   Number         0  __raise.o ABSOLUTE
    ../clib/signal.c                         0x00000000   Number         0  defsig_rtmem_formal.o ABSOLUTE
    ../clib/signal.c                         0x00000000   Number         0  defsig_rtmem_outer.o ABSOLUTE
    ../clib/signal.c                         0x00000000   Number         0  defsig_fpe_inner.o ABSOLUTE
    ../clib/signal.c                         0x00000000   Number         0  defsig_exit.o ABSOLUTE
    ../clib/signal.c                         0x00000000   Number         0  defsig_fpe_formal.o ABSOLUTE
    ../clib/signal.c                         0x00000000   Number         0  defsig_fpe_outer.o ABSOLUTE
    ../clib/signal.c                         0x00000000   Number         0  defsig_general.o ABSOLUTE
    ../clib/signal.c                         0x00000000   Number         0  defsig_other.o ABSOLUTE
    ../clib/signal.c                         0x00000000   Number         0  defsig_segv_inner.o ABSOLUTE
    ../clib/signal.c                         0x00000000   Number         0  defsig_cppl_inner.o ABSOLUTE
    ../clib/signal.c                         0x00000000   Number         0  defsig_pvfn_inner.o ABSOLUTE
    ../clib/signal.c                         0x00000000   Number         0  defsig_stak_inner.o ABSOLUTE
    ../clib/signal.c                         0x00000000   Number         0  defsig_rtred_inner.o ABSOLUTE
    ../clib/signal.c                         0x00000000   Number         0  defsig_abrt_inner.o ABSOLUTE
    ../clib/signal.c                         0x00000000   Number         0  defsig_rtmem_inner.o ABSOLUTE
    ../clib/signal.s                         0x00000000   Number         0  defsig.o ABSOLUTE
    ../clib/stdlib.c                         0x00000000   Number         0  exit.o ABSOLUTE
    ../fplib/fpinit.s                        0x00000000   Number         0  fpinit.o ABSOLUTE
    ..\HAL_CM.c                              0x00000000   Number         0  hal_cm.o ABSOLUTE
    ..\\rt_CMSIS.c                           0x00000000   Number         0  rt_cmsis.o ABSOLUTE
    ..\\rt_System.c                          0x00000000   Number         0  rt_system.o ABSOLUTE
    ..\rt_CMSIS.c                            0x00000000   Number         0  rt_cmsis.o ABSOLUTE
    ..\rt_Event.c                            0x00000000   Number         0  rt_event.o ABSOLUTE
    ..\rt_List.c                             0x00000000   Number         0  rt_list.o ABSOLUTE
    ..\rt_Mailbox.c                          0x00000000   Number         0  rt_mailbox.o ABSOLUTE
    ..\rt_MemBox.c                           0x00000000   Number         0  rt_membox.o ABSOLUTE
    ..\rt_Memory.c                           0x00000000   Number         0  rt_memory.o ABSOLUTE
    ..\rt_Mutex.c                            0x00000000   Number         0  rt_mutex.o ABSOLUTE
    ..\rt_Robin.c                            0x00000000   Number         0  rt_robin.o ABSOLUTE
    ..\rt_Semaphore.c                        0x00000000   Number         0  rt_semaphore.o ABSOLUTE
    ..\rt_System.c                           0x00000000   Number         0  rt_system.o ABSOLUTE
    ..\rt_Task.c                             0x00000000   Number         0  rt_task.o ABSOLUTE
    ..\rt_Time.c                             0x00000000   Number         0  rt_time.o ABSOLUTE
    Bitbanding.c                             0x00000000   Number         0  bitbanding.o ABSOLUTE
    Bitbanding.c                             0x00000000   Number         0  bitbanding.o ABSOLUTE
    Demo2.c                                  0x00000000   Number         0  demo2.o ABSOLUTE
    Demo2.c                                  0x00000000   Number         0  demo2.o ABSOLUTE
    GLCD_SPI_LPC1700.c                       0x00000000   Number         0  glcd_spi_lpc1700.o ABSOLUTE
    GLCD_SPI_LPC1700.c                       0x00000000   Number         0  glcd_spi_lpc1700.o ABSOLUTE
    HAL_CM3.c                                0x00000000   Number         0  hal_cm3.o ABSOLUTE
    HAL_CM3.c                                0x00000000   Number         0  hal_cm3.o ABSOLUTE
    KBD.c                                    0x00000000   Number         0  kbd.o ABSOLUTE
    KBD.c                                    0x00000000   Number         0  kbd.o ABSOLUTE
    LED.c                                    0x00000000   Number         0  led.o ABSOLUTE
    LED.c                                    0x00000000   Number         0  led.o ABSOLUTE
    RTX_Conf_CM.c                            0x00000000   Number         0  rtx_conf_cm.o ABSOLUTE
    RTX_Conf_CM.c                            0x00000000   Number         0  rtx_conf_cm.o ABSOLUTE
    SVC_Table.s                              0x00000000   Number         0  SVC_Table.o ABSOLUTE
    dc.s                                     0x00000000   Number         0  dc.o ABSOLUTE
    startup_LPC17xx.s                        0x00000000   Number         0  startup_lpc17xx.o ABSOLUTE
    system_LPC17xx.c                         0x00000000   Number         0  system_lpc17xx.o ABSOLUTE
    system_LPC17xx.c                         0x00000000   Number         0  system_lpc17xx.o ABSOLUTE
    !!!main                                  0x000000cc   Section        8  __main.o(!!!main)
    !!!scatter                               0x000000d4   Section       52  __scatter.o(!!!scatter)
    !!handler_copy                           0x00000108   Section       26  __scatter_copy.o(!!handler_copy)
    !!handler_zi                             0x00000124   Section       28  __scatter_zi.o(!!handler_zi)
    .ARM.Collect$$_printf_percent$$00000000  0x00000140   Section        0  _printf_percent.o(.ARM.Collect$$_printf_percent$$00000000)
    .ARM.Collect$$_printf_percent$$00000009  0x00000140   Section        6  _printf_d.o(.ARM.Collect$$_printf_percent$$00000009)
    .ARM.Collect$$_printf_percent$$00000017  0x00000146   Section        4  _printf_percent_end.o(.ARM.Collect$$_printf_percent$$00000017)
    .ARM.Collect$$libinit$$00000000          0x0000014a   Section        2  libinit.o(.ARM.Collect$$libinit$$00000000)
    .ARM.Collect$$libinit$$00000002          0x0000014c   Section        0  libinit2.o(.ARM.Collect$$libinit$$00000002)
    .ARM.Collect$$libinit$$00000008          0x0000014c   Section        0  libinit2.o(.ARM.Collect$$libinit$$00000008)
    .ARM.Collect$$libinit$$0000000A          0x0000014c   Section        0  libinit2.o(.ARM.Collect$$libinit$$0000000A)
    .ARM.Collect$$libinit$$0000000C          0x0000014c   Section        0  libinit2.o(.ARM.Collect$$libinit$$0000000C)
    .ARM.Collect$$libinit$$0000000F          0x0000014c   Section        0  libinit2.o(.ARM.Collect$$libinit$$0000000F)
    .ARM.Collect$$libinit$$00000011          0x0000014c   Section        0  libinit2.o(.ARM.Collect$$libinit$$00000011)
    .ARM.Collect$$libinit$$00000013          0x0000014c   Section        0  libinit2.o(.ARM.Collect$$libinit$$00000013)
    .ARM.Collect$$libinit$$00000015          0x0000014c   Section        0  libinit2.o(.ARM.Collect$$libinit$$00000015)
    .ARM.Collect$$libinit$$00000017          0x0000014c   Section        0  libinit2.o(.ARM.Collect$$libinit$$00000017)
    .ARM.Collect$$libinit$$00000019          0x0000014c   Section        0  libinit2.o(.ARM.Collect$$libinit$$00000019)
    .ARM.Collect$$libinit$$0000001B          0x0000014c   Section        0  libinit2.o(.ARM.Collect$$libinit$$0000001B)
    .ARM.Collect$$libinit$$0000001D          0x0000014c   Section        0  libinit2.o(.ARM.Collect$$libinit$$0000001D)
    .ARM.Collect$$libinit$$0000001F          0x0000014c   Section        0  libinit2.o(.ARM.Collect$$libinit$$0000001F)
    .ARM.Collect$$libinit$$00000021          0x0000014c   Section        0  libinit2.o(.ARM.Collect$$libinit$$00000021)
    .ARM.Collect$$libinit$$00000023          0x0000014c   Section        0  libinit2.o(.ARM.Collect$$libinit$$00000023)
    .ARM.Collect$$libinit$$0000002A          0x0000014c   Section        0  libinit2.o(.ARM.Collect$$libinit$$0000002A)
    .ARM.Collect$$libinit$$0000002C          0x0000014c   Section        0  libinit2.o(.ARM.Collect$$libinit$$0000002C)
    .ARM.Collect$$libinit$$0000002E          0x0000014c   Section        0  libinit2.o(.ARM.Collect$$libinit$$0000002E)
    .ARM.Collect$$libinit$$00000030          0x0000014c   Section        0  libinit2.o(.ARM.Collect$$libinit$$00000030)
    .ARM.Collect$$libinit$$00000031          0x0000014c   Section        2  libinit2.o(.ARM.Collect$$libinit$$00000031)
    .ARM.Collect$$libshutdown$$00000000      0x0000014e   Section        2  libshutdown.o(.ARM.Collect$$libshutdown$$00000000)
    .ARM.Collect$$libshutdown$$00000003      0x00000150   Section        0  libshutdown2.o(.ARM.Collect$$libshutdown$$00000003)
    .ARM.Collect$$libshutdown$$00000006      0x00000150   Section        0  libshutdown2.o(.ARM.Collect$$libshutdown$$00000006)
    .ARM.Collect$$libshutdown$$00000009      0x00000150   Section        0  libshutdown2.o(.ARM.Collect$$libshutdown$$00000009)
    .ARM.Collect$$libshutdown$$0000000B      0x00000150   Section        0  libshutdown2.o(.ARM.Collect$$libshutdown$$0000000B)
    .ARM.Collect$$libshutdown$$0000000E      0x00000150   Section        0  libshutdown2.o(.ARM.Collect$$libshutdown$$0000000E)
    .ARM.Collect$$libshutdown$$0000000F      0x00000150   Section        2  libshutdown2.o(.ARM.Collect$$libshutdown$$0000000F)
    .ARM.Collect$$rtexit$$00000000           0x00000152   Section        2  rtexit.o(.ARM.Collect$$rtexit$$00000000)
    .ARM.Collect$$rtexit$$00000002           0x00000154   Section        0  rtexit2.o(.ARM.Collect$$rtexit$$00000002)
    .ARM.Collect$$rtexit$$00000003           0x00000154   Section        4  rtexit2.o(.ARM.Collect$$rtexit$$00000003)
    .ARM.Collect$$rtexit$$00000004           0x00000158   Section        6  rtexit2.o(.ARM.Collect$$rtexit$$00000004)
    .emb_text                                0x00000160   Section       36  rtx_conf_cm.o(.emb_text)
    .emb_text                                0x00000184   Section      304  hal_cm3.o(.emb_text)
    .text                                    0x000002b4   Section       60  startup_lpc17xx.o(.text)
    .text                                    0x000002f0   Section        8  libspace.o(.text)
    .text                                    0x000002f8   Section        2  use_no_semi.o(.text)
    .text                                    0x000002fa   Section        0  indicate_semi.o(.text)
    i.os_tick_irqack                         0x000002fa   Section        0  rt_system.o(i.os_tick_irqack)
    .ARM.__at_0x02FC                         0x000002fc   Section        4  startup_lpc17xx.o(.ARM.__at_0x02FC)
    .text                                    0x00000300   Section        0  system_lpc17xx.o(.text)
    .text                                    0x00000610   Section        0  rtx_conf_cm.o(.text)
    __tagsym$$used                           0x00000659   Number         0  rtx_conf_cm.o(.text)
    __tagsym$$used                           0x00000673   Number         0  rtx_conf_cm.o(.text)
    .text                                    0x000006a0   Section        0  demo2.o(.text)
    .text                                    0x00000c58   Section        0  glcd_spi_lpc1700.o(.text)
    delay                                    0x00000c59   Thumb Code    14  glcd_spi_lpc1700.o(.text)
    spi_tran_man                             0x00000c67   Thumb Code   124  glcd_spi_lpc1700.o(.text)
    wr_cmd                                   0x00000ce3   Thumb Code    36  glcd_spi_lpc1700.o(.text)
    wr_dat                                   0x00000d07   Thumb Code    36  glcd_spi_lpc1700.o(.text)
    rd_reg                                   0x00000d2b   Thumb Code    66  glcd_spi_lpc1700.o(.text)
    rd_id_man                                0x00000d6d   Thumb Code   132  glcd_spi_lpc1700.o(.text)
    spi_tran                                 0x0000178b   Thumb Code    26  glcd_spi_lpc1700.o(.text)
    wr_dat_start                             0x000017a5   Thumb Code    16  glcd_spi_lpc1700.o(.text)
    wr_dat_stop                              0x000017b5   Thumb Code     8  glcd_spi_lpc1700.o(.text)
    wr_dat_only                              0x000017bd   Thumb Code    18  glcd_spi_lpc1700.o(.text)
    wr_reg                                   0x000017cf   Thumb Code    20  glcd_spi_lpc1700.o(.text)
    .text                                    0x000017fc   Section       74  sys_stackheap_outer.o(.text)
    .text                                    0x00001846   Section      238  lludivv7m.o(.text)
    .text                                    0x00001934   Section        0  noretval__2sprintf.o(.text)
    .text                                    0x0000195c   Section        0  __printf.o(.text)
    .text                                    0x000019c4   Section        0  _printf_dec.o(.text)
    .text                                    0x00001a3c   Section        0  exit.o(.text)
    .text                                    0x00001a48   Section        0  heapauxi.o(.text)
    .text                                    0x00001a4e   Section        0  _printf_intcommon.o(.text)
    .text                                    0x00001b08   Section        0  _printf_char_common.o(.text)
    _printf_input_char                       0x00001b09   Thumb Code    10  _printf_char_common.o(.text)
    .text                                    0x00001b38   Section        0  _sputc.o(.text)
    .text                                    0x00001b44   Section        0  sys_exit.o(.text)
    SVC_TABLE                                0x00001b50   Section        4  SVC_Table.o(SVC_TABLE)
    i._init_box                              0x00001b54   Section        0  rt_membox.o(i._init_box)
    i.dbg_init                               0x00001b9c   Section        0  hal_cm.o(i.dbg_init)
    i.dbg_task_notify                        0x00001bcc   Section        0  hal_cm.o(i.dbg_task_notify)
    i.dbg_task_switch                        0x00001bec   Section        0  hal_cm.o(i.dbg_task_switch)
    i.isrMessagePut                          0x00001bfc   Section        0  rt_cmsis.o(i.isrMessagePut)
    isrMessagePut                            0x00001bfd   Thumb Code    44  rt_cmsis.o(i.isrMessagePut)
    i.isr_mbx_receive                        0x00001c28   Section        0  rt_mailbox.o(i.isr_mbx_receive)
    i.isr_mbx_send                           0x00001c78   Section        0  rt_mailbox.o(i.isr_mbx_send)
    i.osKernelInitialize                     0x00001c88   Section        0  rt_cmsis.o(i.osKernelInitialize)
    i.osKernelStart                          0x00001cac   Section        0  rt_cmsis.o(i.osKernelStart)
    i.osMessageGet                           0x00001d18   Section        0  rt_cmsis.o(i.osMessageGet)
    i.osThreadCreate                         0x00001d5c   Section        0  rt_cmsis.o(i.osThreadCreate)
    i.osThreadExit                           0x00001d8c   Section        0  rt_cmsis.o(i.osThreadExit)
    i.osTimerCall                            0x00001da4   Section        0  rt_cmsis.o(i.osTimerCall)
    i.osTimerThread                          0x00001db0   Section        0  rt_cmsis.o(i.osTimerThread)
    i.os_tick_init                           0x00001ddc   Section        0  rt_system.o(i.os_tick_init)
    i.rt_alloc_box                           0x00001e04   Section        0  rt_membox.o(i.rt_alloc_box)
    i.rt_alloc_mem                           0x00001e1e   Section        0  rt_memory.o(i.rt_alloc_mem)
    i.rt_block                               0x00001e5c   Section        0  rt_task.o(i.rt_block)
    i.rt_chk_robin                           0x00001e94   Section        0  rt_robin.o(i.rt_chk_robin)
    i.rt_dec_dly                             0x00001edc   Section        0  rt_list.o(i.rt_dec_dly)
    i.rt_dispatch                            0x00001f4c   Section        0  rt_task.o(i.rt_dispatch)
    i.rt_dly_wait                            0x00001f90   Section        0  rt_time.o(i.rt_dly_wait)
    i.rt_evt_psh                             0x00001f98   Section        0  rt_event.o(i.rt_evt_psh)
    i.rt_evt_set                             0x00001fe8   Section        0  rt_event.o(i.rt_evt_set)
    i.rt_evt_wait                            0x00002044   Section        0  rt_event.o(i.rt_evt_wait)
    i.rt_free_box                            0x00002080   Section        0  rt_membox.o(i.rt_free_box)
    i.rt_free_mem                            0x000020a0   Section        0  rt_memory.o(i.rt_free_mem)
    i.rt_get_first                           0x000020c8   Section        0  rt_list.o(i.rt_get_first)
    i.rt_get_same_rdy_prio                   0x000020f0   Section        0  rt_list.o(i.rt_get_same_rdy_prio)
    i.rt_id2obj                              0x00002114   Section        0  rt_cmsis.o(i.rt_id2obj)
    rt_id2obj                                0x00002115   Thumb Code     8  rt_cmsis.o(i.rt_id2obj)
    i.rt_init_context                        0x0000211c   Section        0  rt_task.o(i.rt_init_context)
    rt_init_context                          0x0000211d   Thumb Code    60  rt_task.o(i.rt_init_context)
    i.rt_init_mem                            0x0000215c   Section        0  rt_memory.o(i.rt_init_mem)
    i.rt_init_robin                          0x00002178   Section        0  rt_robin.o(i.rt_init_robin)
    i.rt_init_stack                          0x00002190   Section        0  hal_cm.o(i.rt_init_stack)
    i.rt_mbx_check                           0x000021e0   Section        0  rt_mailbox.o(i.rt_mbx_check)
    i.rt_mbx_init                            0x000021e8   Section        0  rt_mailbox.o(i.rt_mbx_init)
    i.rt_mbx_psh                             0x00002204   Section        0  rt_mailbox.o(i.rt_mbx_psh)
    i.rt_mbx_wait                            0x000022f4   Section        0  rt_mailbox.o(i.rt_mbx_wait)
    i.rt_ms2tick                             0x000023a4   Section        0  rt_cmsis.o(i.rt_ms2tick)
    rt_ms2tick                               0x000023a5   Thumb Code    50  rt_cmsis.o(i.rt_ms2tick)
    i.rt_mut_init                            0x000023e0   Section        0  rt_mutex.o(i.rt_mut_init)
    i.rt_mut_release                         0x000023f0   Section        0  rt_mutex.o(i.rt_mut_release)
    i.rt_mut_wait                            0x00002490   Section        0  rt_mutex.o(i.rt_mut_wait)
    i.rt_pop_req                             0x000024f4   Section        0  rt_system.o(i.rt_pop_req)
    i.rt_psh_req                             0x0000256c   Section        0  rt_system.o(i.rt_psh_req)
    i.rt_psq_enq                             0x0000258c   Section        0  rt_list.o(i.rt_psq_enq)
    i.rt_put_dly                             0x000025e4   Section        0  rt_list.o(i.rt_put_dly)
    i.rt_put_prio                            0x0000262c   Section        0  rt_list.o(i.rt_put_prio)
    i.rt_put_rdy_first                       0x00002664   Section        0  rt_list.o(i.rt_put_rdy_first)
    i.rt_resort_prio                         0x00002678   Section        0  rt_list.o(i.rt_resort_prio)
    i.rt_ret_val                             0x000026ac   Section        0  hal_cm.o(i.rt_ret_val)
    i.rt_ret_val2                            0x000026b2   Section        0  hal_cm.o(i.rt_ret_val2)
    i.rt_rmv_dly                             0x000026ba   Section        0  rt_list.o(i.rt_rmv_dly)
    i.rt_rmv_list                            0x000026e4   Section        0  rt_list.o(i.rt_rmv_list)
    i.rt_sem_psh                             0x00002714   Section        0  rt_semaphore.o(i.rt_sem_psh)
    i.rt_stk_check                           0x00002748   Section        0  rt_system.o(i.rt_stk_check)
    i.rt_switch_req                          0x0000276c   Section        0  rt_task.o(i.rt_switch_req)
    i.rt_sys_init                            0x00002794   Section        0  rt_task.o(i.rt_sys_init)
    i.rt_sys_start                           0x000028a0   Section        0  rt_task.o(i.rt_sys_start)
    i.rt_systick                             0x000028d4   Section        0  rt_system.o(i.rt_systick)
    i.rt_tid2ptcb                            0x00002910   Section        0  rt_cmsis.o(i.rt_tid2ptcb)
    rt_tid2ptcb                              0x00002911   Thumb Code    18  rt_cmsis.o(i.rt_tid2ptcb)
    i.rt_timer_insert                        0x00002924   Section        0  rt_cmsis.o(i.rt_timer_insert)
    rt_timer_insert                          0x00002925   Thumb Code    50  rt_cmsis.o(i.rt_timer_insert)
    i.rt_tsk_create                          0x0000295c   Section        0  rt_task.o(i.rt_tsk_create)
    i.rt_tsk_delete                          0x000029e0   Section        0  rt_task.o(i.rt_tsk_delete)
    i.rt_tsk_pass                            0x00002a9c   Section        0  rt_task.o(i.rt_tsk_pass)
    i.rt_tsk_prio                            0x00002acc   Section        0  rt_task.o(i.rt_tsk_prio)
    i.rt_tsk_self                            0x00002b40   Section        0  rt_task.o(i.rt_tsk_self)
    i.svcKernelInitialize                    0x00002b50   Section        0  rt_cmsis.o(i.svcKernelInitialize)
    i.svcKernelStart                         0x00002bc0   Section        0  rt_cmsis.o(i.svcKernelStart)
    i.svcMessageCreate                       0x00002bf8   Section        0  rt_cmsis.o(i.svcMessageCreate)
    i.svcMessageGet                          0x00002c1c   Section        0  rt_cmsis.o(i.svcMessageGet)
    i.svcThreadCreate                        0x00002c58   Section        0  rt_cmsis.o(i.svcThreadCreate)
    i.svcThreadGetId                         0x00002cc8   Section        0  rt_cmsis.o(i.svcThreadGetId)
    i.svcThreadTerminate                     0x00002ce4   Section        0  rt_cmsis.o(i.svcThreadTerminate)
    i.svcTimerCall                           0x00002d1c   Section        0  rt_cmsis.o(i.svcTimerCall)
    i.sysTimerTick                           0x00002d34   Section        0  rt_cmsis.o(i.sysTimerTick)
    .constdata                               0x00002d88   Section       78  rtx_conf_cm.o(.constdata)
    __tagsym$$used                           0x00002da4   Number         0  rtx_conf_cm.o(.constdata)
    __tagsym$$used                           0x00002da8   Number         0  rtx_conf_cm.o(.constdata)
    .constdata                               0x00002dd6   Section     6272  glcd_spi_lpc1700.o(.constdata)
    .data                                    0x10000000   Section        4  system_lpc17xx.o(.data)
    .data                                    0x10000004   Section       40  rtx_conf_cm.o(.data)
    nr_mutex                                 0x10000028   Data           4  rtx_conf_cm.o(.data)
    .data                                    0x1000002c   Section       92  demo2.o(.data)
    .data                                    0x10000088   Section        5  glcd_spi_lpc1700.o(.data)
    Color                                    0x10000088   Data           4  glcd_spi_lpc1700.o(.data)
    Himax                                    0x1000008c   Data           1  glcd_spi_lpc1700.o(.data)
    .data                                    0x10000090   Section        8  rt_cmsis.o(.data)
    .data                                    0x10000098   Section        8  rt_task.o(.data)
    .data                                    0x100000a0   Section        4  rt_time.o(.data)
    .data                                    0x100000a4   Section        8  rt_system.o(.data)
    os_lock                                  0x100000a4   Data           1  rt_system.o(.data)
    os_psh_flag                              0x100000a5   Data           1  rt_system.o(.data)
    pend_flags                               0x100000a6   Data           1  rt_system.o(.data)
    .data                                    0x100000ac   Section        8  rt_robin.o(.data)
    .data                                    0x100000b4   Section        1  hal_cm.o(.data)
    .bss                                     0x100000b8   Section     2960  rtx_conf_cm.o(.bss)
    std_libspace                             0x10000948   Data         672  rtx_conf_cm.o(.bss)
    std_libmutex                             0x10000be8   Data          96  rtx_conf_cm.o(.bss)
    .bss                                     0x10000c48   Section       68  demo2.o(.bss)
    .bss                                     0x10000c8c   Section       48  rt_task.o(.bss)
    .bss                                     0x10000cbc   Section       48  rt_list.o(.bss)
    .bss                                     0x10000cec   Section       96  libspace.o(.bss)
    HEAP                                     0x10000d50   Section        0  startup_lpc17xx.o(HEAP)
    STACK                                    0x10000d50   Section      512  startup_lpc17xx.o(STACK)
    Heap_Mem                                 0x10000d50   Data           0  startup_lpc17xx.o(HEAP)
    Stack_Mem                                0x10000d50   Data         512  startup_lpc17xx.o(STACK)
    __initial_sp                             0x10000f50   Data           0  startup_lpc17xx.o(STACK)

    Global Symbols

    Symbol Name                              Value     Ov Type        Size  Object(Section)

    BuildAttributes$$THM_ISAv4$P$D$K$B$S$PE$A:L22UL41UL21$X:L11$S22US41US21$IEEE1$IW$USESV6$~STKCKD$USESV7$~SHL$OSPACE$ROPI$EBA8$UX$STANDARDLIB$REQ8$PRES8$EABIv2 0x00000000   Number         0  anon$$obj.o ABSOLUTE
    __ARM_use_no_argv                        0x00000000   Number         0  demo2.o ABSOLUTE
    __Vectors                                0x00000000   Data           4  startup_lpc17xx.o(RESET)
    __ARM_exceptions_init                     - Undefined Weak Reference
    __alloca_initialize                       - Undefined Weak Reference
    __cpp_initialize__aeabi_                  - Undefined Weak Reference
    __cxa_finalize                            - Undefined Weak Reference
    __rt_locale                               - Undefined Weak Reference
    __sigvec_lookup                           - Undefined Weak Reference
    _atexit_init                              - Undefined Weak Reference
    _call_atexit_fns                          - Undefined Weak Reference
    _clock_init                               - Undefined Weak Reference
    _fp_trap_init                             - Undefined Weak Reference
    _fp_trap_shutdown                         - Undefined Weak Reference
    _get_lc_collate                           - Undefined Weak Reference
    _get_lc_ctype                             - Undefined Weak Reference
    _get_lc_monetary                          - Undefined Weak Reference
    _get_lc_numeric                           - Undefined Weak Reference
    _get_lc_time                              - Undefined Weak Reference
    _getenv_init                              - Undefined Weak Reference
    _handle_redirection                       - Undefined Weak Reference
    _init_alloc                               - Undefined Weak Reference
    _init_user_alloc                          - Undefined Weak Reference
    _initio                                   - Undefined Weak Reference
    _printf_post_padding                      - Undefined Weak Reference
    _printf_pre_padding                       - Undefined Weak Reference
    _printf_truncate_signed                   - Undefined Weak Reference
    _printf_truncate_unsigned                 - Undefined Weak Reference
    _rand_init                                - Undefined Weak Reference
    _signal_finish                            - Undefined Weak Reference
    _signal_init                              - Undefined Weak Reference
    _terminate_alloc                          - Undefined Weak Reference
    _terminate_user_alloc                     - Undefined Weak Reference
    _terminateio                              - Undefined Weak Reference
    __main                                   0x000000cd   Thumb Code     8  __main.o(!!!main)
    __scatterload                            0x000000d5   Thumb Code     0  __scatter.o(!!!scatter)
    __scatterload_rt2                        0x000000d5   Thumb Code    44  __scatter.o(!!!scatter)
    __scatterload_rt2_thumb_only             0x000000d5   Thumb Code     0  __scatter.o(!!!scatter)
    __scatterload_null                       0x000000e3   Thumb Code     0  __scatter.o(!!!scatter)
    __scatterload_copy                       0x00000109   Thumb Code    26  __scatter_copy.o(!!handler_copy)
    __scatterload_zeroinit                   0x00000125   Thumb Code    28  __scatter_zi.o(!!handler_zi)
    _printf_d                                0x00000141   Thumb Code     0  _printf_d.o(.ARM.Collect$$_printf_percent$$00000009)
    _printf_percent                          0x00000141   Thumb Code     0  _printf_percent.o(.ARM.Collect$$_printf_percent$$00000000)
    _printf_percent_end                      0x00000147   Thumb Code     0  _printf_percent_end.o(.ARM.Collect$$_printf_percent$$00000017)
    __rt_lib_init                            0x0000014b   Thumb Code     0  libinit.o(.ARM.Collect$$libinit$$00000000)
    __rt_lib_init_alloca_1                   0x0000014d   Thumb Code     0  libinit2.o(.ARM.Collect$$libinit$$0000002C)
    __rt_lib_init_argv_1                     0x0000014d   Thumb Code     0  libinit2.o(.ARM.Collect$$libinit$$0000002A)
    __rt_lib_init_atexit_1                   0x0000014d   Thumb Code     0  libinit2.o(.ARM.Collect$$libinit$$00000019)
    __rt_lib_init_clock_1                    0x0000014d   Thumb Code     0  libinit2.o(.ARM.Collect$$libinit$$0000001F)
    __rt_lib_init_cpp_1                      0x0000014d   Thumb Code     0  libinit2.o(.ARM.Collect$$libinit$$00000030)
    __rt_lib_init_exceptions_1               0x0000014d   Thumb Code     0  libinit2.o(.ARM.Collect$$libinit$$0000002E)
    __rt_lib_init_fp_1                       0x0000014d   Thumb Code     0  libinit2.o(.ARM.Collect$$libinit$$00000002)
    __rt_lib_init_fp_trap_1                  0x0000014d   Thumb Code     0  libinit2.o(.ARM.Collect$$libinit$$0000001D)
    __rt_lib_init_getenv_1                   0x0000014d   Thumb Code     0  libinit2.o(.ARM.Collect$$libinit$$00000021)
    __rt_lib_init_heap_1                     0x0000014d   Thumb Code     0  libinit2.o(.ARM.Collect$$libinit$$00000008)
    __rt_lib_init_lc_collate_1               0x0000014d   Thumb Code     0  libinit2.o(.ARM.Collect$$libinit$$0000000F)
    __rt_lib_init_lc_ctype_1                 0x0000014d   Thumb Code     0  libinit2.o(.ARM.Collect$$libinit$$00000011)
    __rt_lib_init_lc_monetary_1              0x0000014d   Thumb Code     0  libinit2.o(.ARM.Collect$$libinit$$00000013)
    __rt_lib_init_lc_numeric_1               0x0000014d   Thumb Code     0  libinit2.o(.ARM.Collect$$libinit$$00000015)
    __rt_lib_init_lc_time_1                  0x0000014d   Thumb Code     0  libinit2.o(.ARM.Collect$$libinit$$00000017)
    __rt_lib_init_rand_1                     0x0000014d   Thumb Code     0  libinit2.o(.ARM.Collect$$libinit$$0000000C)
    __rt_lib_init_return                     0x0000014d   Thumb Code     0  libinit2.o(.ARM.Collect$$libinit$$00000031)
    __rt_lib_init_signal_1                   0x0000014d   Thumb Code     0  libinit2.o(.ARM.Collect$$libinit$$0000001B)
    __rt_lib_init_stdio_1                    0x0000014d   Thumb Code     0  libinit2.o(.ARM.Collect$$libinit$$00000023)
    __rt_lib_init_user_alloc_1               0x0000014d   Thumb Code     0  libinit2.o(.ARM.Collect$$libinit$$0000000A)
    __rt_lib_shutdown                        0x0000014f   Thumb Code     0  libshutdown.o(.ARM.Collect$$libshutdown$$00000000)
    __rt_lib_shutdown_fp_trap_1              0x00000151   Thumb Code     0  libshutdown2.o(.ARM.Collect$$libshutdown$$00000006)
    __rt_lib_shutdown_heap_1                 0x00000151   Thumb Code     0  libshutdown2.o(.ARM.Collect$$libshutdown$$0000000E)
    __rt_lib_shutdown_return                 0x00000151   Thumb Code     0  libshutdown2.o(.ARM.Collect$$libshutdown$$0000000F)
    __rt_lib_shutdown_signal_1               0x00000151   Thumb Code     0  libshutdown2.o(.ARM.Collect$$libshutdown$$00000009)
    __rt_lib_shutdown_stdio_1                0x00000151   Thumb Code     0  libshutdown2.o(.ARM.Collect$$libshutdown$$00000003)
    __rt_lib_shutdown_user_alloc_1           0x00000151   Thumb Code     0  libshutdown2.o(.ARM.Collect$$libshutdown$$0000000B)
    __rt_exit                                0x00000153   Thumb Code     0  rtexit.o(.ARM.Collect$$rtexit$$00000000)
    __rt_exit_ls                             0x00000155   Thumb Code     0  rtexit2.o(.ARM.Collect$$rtexit$$00000003)
    __rt_exit_prels_1                        0x00000155   Thumb Code     0  rtexit2.o(.ARM.Collect$$rtexit$$00000002)
    __rt_exit_exit                           0x00000159   Thumb Code     0  rtexit2.o(.ARM.Collect$$rtexit$$00000004)
    __rt_entry                               0x00000161   Thumb Code    32  rtx_conf_cm.o(.emb_text)
    rt_set_PSP                               0x00000185   Thumb Code     6  hal_cm3.o(.emb_text)
    rt_get_PSP                               0x0000018b   Thumb Code     6  hal_cm3.o(.emb_text)
    os_set_env                               0x00000191   Thumb Code    24  hal_cm3.o(.emb_text)
    _alloc_box                               0x000001ad   Thumb Code    28  hal_cm3.o(.emb_text)
    _free_box                                0x000001cd   Thumb Code    28  hal_cm3.o(.emb_text)
    SVC_Handler                              0x000001ed   Thumb Code   108  hal_cm3.o(.emb_text)
    PendSV_Handler                           0x00000265   Thumb Code    56  hal_cm3.o(.emb_text)
    SysTick_Handler                          0x000002a1   Thumb Code     8  hal_cm3.o(.emb_text)
    OS_Tick_Handler                          0x000002a9   Thumb Code    12  hal_cm3.o(.emb_text)
    Reset_Handler                            0x000002b5   Thumb Code     8  startup_lpc17xx.o(.text)
    NMI_Handler                              0x000002bd   Thumb Code     2  startup_lpc17xx.o(.text)
    HardFault_Handler                        0x000002bf   Thumb Code     2  startup_lpc17xx.o(.text)
    MemManage_Handler                        0x000002c1   Thumb Code     2  startup_lpc17xx.o(.text)
    BusFault_Handler                         0x000002c3   Thumb Code     2  startup_lpc17xx.o(.text)
    UsageFault_Handler                       0x000002c5   Thumb Code     2  startup_lpc17xx.o(.text)
    DebugMon_Handler                         0x000002c9   Thumb Code     2  startup_lpc17xx.o(.text)
    ADC_IRQHandler                           0x000002cf   Thumb Code     0  startup_lpc17xx.o(.text)
    BOD_IRQHandler                           0x000002cf   Thumb Code     0  startup_lpc17xx.o(.text)
    CANActivity_IRQHandler                   0x000002cf   Thumb Code     0  startup_lpc17xx.o(.text)
    CAN_IRQHandler                           0x000002cf   Thumb Code     0  startup_lpc17xx.o(.text)
    DMA_IRQHandler                           0x000002cf   Thumb Code     0  startup_lpc17xx.o(.text)
    EINT0_IRQHandler                         0x000002cf   Thumb Code     0  startup_lpc17xx.o(.text)
    EINT1_IRQHandler                         0x000002cf   Thumb Code     0  startup_lpc17xx.o(.text)
    EINT2_IRQHandler                         0x000002cf   Thumb Code     0  startup_lpc17xx.o(.text)
    EINT3_IRQHandler                         0x000002cf   Thumb Code     0  startup_lpc17xx.o(.text)
    ENET_IRQHandler                          0x000002cf   Thumb Code     0  startup_lpc17xx.o(.text)
    I2C0_IRQHandler                          0x000002cf   Thumb Code     0  startup_lpc17xx.o(.text)
    I2C1_IRQHandler                          0x000002cf   Thumb Code     0  startup_lpc17xx.o(.text)
    I2C2_IRQHandler                          0x000002cf   Thumb Code     0  startup_lpc17xx.o(.text)
    I2S_IRQHandler                           0x000002cf   Thumb Code     0  startup_lpc17xx.o(.text)
    MCPWM_IRQHandler                         0x000002cf   Thumb Code     0  startup_lpc17xx.o(.text)
    PLL0_IRQHandler                          0x000002cf   Thumb Code     0  startup_lpc17xx.o(.text)
    PLL1_IRQHandler                          0x000002cf   Thumb Code     0  startup_lpc17xx.o(.text)
    PWM1_IRQHandler                          0x000002cf   Thumb Code     0  startup_lpc17xx.o(.text)
    QEI_IRQHandler                           0x000002cf   Thumb Code     0  startup_lpc17xx.o(.text)
    RIT_IRQHandler                           0x000002cf   Thumb Code     0  startup_lpc17xx.o(.text)
    RTC_IRQHandler                           0x000002cf   Thumb Code     0  startup_lpc17xx.o(.text)
    SPI_IRQHandler                           0x000002cf   Thumb Code     0  startup_lpc17xx.o(.text)
    SSP0_IRQHandler                          0x000002cf   Thumb Code     0  startup_lpc17xx.o(.text)
    SSP1_IRQHandler                          0x000002cf   Thumb Code     0  startup_lpc17xx.o(.text)
    TIMER0_IRQHandler                        0x000002cf   Thumb Code     0  startup_lpc17xx.o(.text)
    TIMER1_IRQHandler                        0x000002cf   Thumb Code     0  startup_lpc17xx.o(.text)
    TIMER2_IRQHandler                        0x000002cf   Thumb Code     0  startup_lpc17xx.o(.text)
    TIMER3_IRQHandler                        0x000002cf   Thumb Code     0  startup_lpc17xx.o(.text)
    UART0_IRQHandler                         0x000002cf   Thumb Code     0  startup_lpc17xx.o(.text)
    UART1_IRQHandler                         0x000002cf   Thumb Code     0  startup_lpc17xx.o(.text)
    UART2_IRQHandler                         0x000002cf   Thumb Code     0  startup_lpc17xx.o(.text)
    UART3_IRQHandler                         0x000002cf   Thumb Code     0  startup_lpc17xx.o(.text)
    USBActivity_IRQHandler                   0x000002cf   Thumb Code     0  startup_lpc17xx.o(.text)
    USB_IRQHandler                           0x000002cf   Thumb Code     0  startup_lpc17xx.o(.text)
    WDT_IRQHandler                           0x000002cf   Thumb Code     0  startup_lpc17xx.o(.text)
    __user_initial_stackheap                 0x000002d1   Thumb Code     0  startup_lpc17xx.o(.text)
    __user_libspace                          0x000002f1   Thumb Code     8  libspace.o(.text)
    __user_perproc_libspace                  0x000002f1   Thumb Code     0  libspace.o(.text)
    __I$use$semihosting                      0x000002f9   Thumb Code     0  use_no_semi.o(.text)
    __use_no_semihosting_swi                 0x000002f9   Thumb Code     2  use_no_semi.o(.text)
    __semihosting_library_function           0x000002fb   Thumb Code     0  indicate_semi.o(.text)
    os_tick_irqack                           0x000002fb   Thumb Code     2  rt_system.o(i.os_tick_irqack)
    SystemCoreClockUpdate                    0x00000301   Thumb Code   424  system_lpc17xx.o(.text)
    __RL_RTX_VER                             0x00000450   Number         0  rt_system.o ABSOLUTE
    SystemInit                               0x000004a9   Thumb Code   282  system_lpc17xx.o(.text)
    os_idle_demon                            0x00000611   Thumb Code     4  rtx_conf_cm.o(.text)
    os_error                                 0x00000615   Thumb Code     4  rtx_conf_cm.o(.text)
    __user_perthread_libspace                0x00000619   Thumb Code    26  rtx_conf_cm.o(.text)
    _mutex_initialize                        0x00000633   Thumb Code    38  rtx_conf_cm.o(.text)
    _mutex_acquire                           0x00000659   Thumb Code    26  rtx_conf_cm.o(.text)
    _mutex_release                           0x00000673   Thumb Code    22  rtx_conf_cm.o(.text)
    fputc                                    0x000006a1   Thumb Code    30  demo2.o(.text)
    LED_Init                                 0x000006bf   Thumb Code    38  demo2.o(.text)
    p1_led                                   0x000006e5   Thumb Code    18  demo2.o(.text)
    p2_led                                   0x000006f7   Thumb Code    18  demo2.o(.text)
    p1_led_off                               0x00000709   Thumb Code    18  demo2.o(.text)
    p2_led_off                               0x0000071b   Thumb Code    18  demo2.o(.text)
    LED_Off                                  0x0000072d   Thumb Code    24  demo2.o(.text)
    delay                                    0x00000745   Thumb Code    14  demo2.o(.text)
    mem_manage                               0x00000753   Thumb Code   146  demo2.o(.text)
    cpu_manage                               0x000007e5   Thumb Code   192  demo2.o(.text)
    app                                      0x000008a5   Thumb Code   158  demo2.o(.text)
    dev_manage                               0x00000943   Thumb Code   108  demo2.o(.text)
    user_int                                 0x000009af   Thumb Code   166  demo2.o(.text)
    main                                     0x00000a55   Thumb Code   500  demo2.o(.text)
    GLCD_Init                                0x00000df1   Thumb Code  1514  glcd_spi_lpc1700.o(.text)
    GLCD_SetWindow                           0x000013db   Thumb Code   168  glcd_spi_lpc1700.o(.text)
    GLCD_WindowMax                           0x00001483   Thumb Code    26  glcd_spi_lpc1700.o(.text)
    GLCD_PutPixel                            0x0000149d   Thumb Code   118  glcd_spi_lpc1700.o(.text)
    GLCD_SetTextColor                        0x00001513   Thumb Code     6  glcd_spi_lpc1700.o(.text)
    GLCD_SetBackColor                        0x00001519   Thumb Code     6  glcd_spi_lpc1700.o(.text)
    GLCD_Clear                               0x0000151f   Thumb Code    42  glcd_spi_lpc1700.o(.text)
    GLCD_DrawChar                            0x00001549   Thumb Code   150  glcd_spi_lpc1700.o(.text)
    GLCD_DisplayChar                         0x000015df   Thumb Code    84  glcd_spi_lpc1700.o(.text)
    GLCD_DisplayString                       0x00001633   Thumb Code    40  glcd_spi_lpc1700.o(.text)
    GLCD_ClearLn                             0x0000165b   Thumb Code    94  glcd_spi_lpc1700.o(.text)
    GLCD_Bargraph                            0x000016b9   Thumb Code    98  glcd_spi_lpc1700.o(.text)
    GLCD_Bitmap                              0x0000171b   Thumb Code    82  glcd_spi_lpc1700.o(.text)
    GLCD_ScrollVertical                      0x0000176d   Thumb Code     2  glcd_spi_lpc1700.o(.text)
    GLCD_WrCmd                               0x0000176f   Thumb Code    12  glcd_spi_lpc1700.o(.text)
    GLCD_WrReg                               0x0000177b   Thumb Code    16  glcd_spi_lpc1700.o(.text)
    __user_setup_stackheap                   0x000017fd   Thumb Code    74  sys_stackheap_outer.o(.text)
    __aeabi_uldivmod                         0x00001847   Thumb Code     0  lludivv7m.o(.text)
    _ll_udiv                                 0x00001847   Thumb Code   238  lludivv7m.o(.text)
    __2sprintf                               0x00001935   Thumb Code    34  noretval__2sprintf.o(.text)
    __printf                                 0x0000195d   Thumb Code   104  __printf.o(.text)
    _printf_int_dec                          0x000019c5   Thumb Code   102  _printf_dec.o(.text)
    exit                                     0x00001a3d   Thumb Code    12  exit.o(.text)
    __use_two_region_memory                  0x00001a49   Thumb Code     2  heapauxi.o(.text)
    __rt_heap_escrow$2region                 0x00001a4b   Thumb Code     2  heapauxi.o(.text)
    __rt_heap_expand$2region                 0x00001a4d   Thumb Code     2  heapauxi.o(.text)
    _printf_int_common                       0x00001a4f   Thumb Code   184  _printf_intcommon.o(.text)
    _printf_char_common                      0x00001b13   Thumb Code    32  _printf_char_common.o(.text)
    _sputc                                   0x00001b39   Thumb Code    10  _sputc.o(.text)
    _sys_exit                                0x00001b45   Thumb Code     8  sys_exit.o(.text)
    SVC_Count                                0x00001b50   Data           4  SVC_Table.o(SVC_TABLE)
    SVC_Table                                0x00001b54   Data           0  SVC_Table.o(SVC_TABLE)
    _init_box                                0x00001b55   Thumb Code    70  rt_membox.o(i._init_box)
    dbg_init                                 0x00001b9d   Thumb Code    34  hal_cm.o(i.dbg_init)
    dbg_task_notify                          0x00001bcd   Thumb Code    32  hal_cm.o(i.dbg_task_notify)
    dbg_task_switch                          0x00001bed   Thumb Code    16  hal_cm.o(i.dbg_task_switch)
    isr_mbx_receive                          0x00001c29   Thumb Code    80  rt_mailbox.o(i.isr_mbx_receive)
    isr_mbx_send                             0x00001c79   Thumb Code    14  rt_mailbox.o(i.isr_mbx_send)
    osKernelInitialize                       0x00001c89   Thumb Code    30  rt_cmsis.o(i.osKernelInitialize)
    osKernelStart                            0x00001cad   Thumb Code    98  rt_cmsis.o(i.osKernelStart)
    osMessageGet                             0x00001d19   Thumb Code    62  rt_cmsis.o(i.osMessageGet)
    osThreadCreate                           0x00001d5d   Thumb Code    38  rt_cmsis.o(i.osThreadCreate)
    osThreadExit                             0x00001d8d   Thumb Code    14  rt_cmsis.o(i.osThreadExit)
    osTimerCall                              0x00001da5   Thumb Code     8  rt_cmsis.o(i.osTimerCall)
    osTimerThread                            0x00001db1   Thumb Code    38  rt_cmsis.o(i.osTimerThread)
    os_tick_init                             0x00001ddd   Thumb Code    32  rt_system.o(i.os_tick_init)
    rt_alloc_box                             0x00001e05   Thumb Code    26  rt_membox.o(i.rt_alloc_box)
    rt_alloc_mem                             0x00001e1f   Thumb Code    60  rt_memory.o(i.rt_alloc_mem)
    rt_block                                 0x00001e5d   Thumb Code    48  rt_task.o(i.rt_block)
    rt_chk_robin                             0x00001e95   Thumb Code    60  rt_robin.o(i.rt_chk_robin)
    rt_dec_dly                               0x00001edd   Thumb Code   102  rt_list.o(i.rt_dec_dly)
    rt_dispatch                              0x00001f4d   Thumb Code    60  rt_task.o(i.rt_dispatch)
    rt_dly_wait                              0x00001f91   Thumb Code     6  rt_time.o(i.rt_dly_wait)
    rt_evt_psh                               0x00001f99   Thumb Code    76  rt_event.o(i.rt_evt_psh)
    rt_evt_set                               0x00001fe9   Thumb Code    88  rt_event.o(i.rt_evt_set)
    rt_evt_wait                              0x00002045   Thumb Code    56  rt_event.o(i.rt_evt_wait)
    rt_free_box                              0x00002081   Thumb Code    32  rt_membox.o(i.rt_free_box)
    rt_free_mem                              0x000020a1   Thumb Code    40  rt_memory.o(i.rt_free_mem)
    rt_get_first                             0x000020c9   Thumb Code    40  rt_list.o(i.rt_get_first)
    rt_get_same_rdy_prio                     0x000020f1   Thumb Code    26  rt_list.o(i.rt_get_same_rdy_prio)
    rt_init_mem                              0x0000215d   Thumb Code    26  rt_memory.o(i.rt_init_mem)
    rt_init_robin                            0x00002179   Thumb Code    14  rt_robin.o(i.rt_init_robin)
    rt_init_stack                            0x00002191   Thumb Code    70  hal_cm.o(i.rt_init_stack)
    rt_mbx_check                             0x000021e1   Thumb Code     8  rt_mailbox.o(i.rt_mbx_check)
    rt_mbx_init                              0x000021e9   Thumb Code    28  rt_mailbox.o(i.rt_mbx_init)
    rt_mbx_psh                               0x00002205   Thumb Code   234  rt_mailbox.o(i.rt_mbx_psh)
    rt_mbx_wait                              0x000022f5   Thumb Code   170  rt_mailbox.o(i.rt_mbx_wait)
    rt_mut_init                              0x000023e1   Thumb Code    16  rt_mutex.o(i.rt_mut_init)
    rt_mut_release                           0x000023f1   Thumb Code   150  rt_mutex.o(i.rt_mut_release)
    rt_mut_wait                              0x00002491   Thumb Code    96  rt_mutex.o(i.rt_mut_wait)
    rt_pop_req                               0x000024f5   Thumb Code   106  rt_system.o(i.rt_pop_req)
    rt_psh_req                               0x0000256d   Thumb Code    22  rt_system.o(i.rt_psh_req)
    rt_psq_enq                               0x0000258d   Thumb Code    82  rt_list.o(i.rt_psq_enq)
    rt_put_dly                               0x000025e5   Thumb Code    68  rt_list.o(i.rt_put_dly)
    rt_put_prio                              0x0000262d   Thumb Code    54  rt_list.o(i.rt_put_prio)
    rt_put_rdy_first                         0x00002665   Thumb Code    14  rt_list.o(i.rt_put_rdy_first)
    rt_resort_prio                           0x00002679   Thumb Code    46  rt_list.o(i.rt_resort_prio)
    rt_ret_val                               0x000026ad   Thumb Code     6  hal_cm.o(i.rt_ret_val)
    rt_ret_val2                              0x000026b3   Thumb Code     8  hal_cm.o(i.rt_ret_val2)
    rt_rmv_dly                               0x000026bb   Thumb Code    40  rt_list.o(i.rt_rmv_dly)
    rt_rmv_list                              0x000026e5   Thumb Code    44  rt_list.o(i.rt_rmv_list)
    rt_sem_psh                               0x00002715   Thumb Code    48  rt_semaphore.o(i.rt_sem_psh)
    rt_stk_check                             0x00002749   Thumb Code    28  rt_system.o(i.rt_stk_check)
    rt_switch_req                            0x0000276d   Thumb Code    30  rt_task.o(i.rt_switch_req)
    rt_sys_init                              0x00002795   Thumb Code   200  rt_task.o(i.rt_sys_init)
    rt_sys_start                             0x000028a1   Thumb Code    44  rt_task.o(i.rt_sys_start)
    rt_systick                               0x000028d5   Thumb Code    48  rt_system.o(i.rt_systick)
    rt_tsk_create                            0x0000295d   Thumb Code   116  rt_task.o(i.rt_tsk_create)
    rt_tsk_delete                            0x000029e1   Thumb Code   162  rt_task.o(i.rt_tsk_delete)
    rt_tsk_pass                              0x00002a9d   Thumb Code    38  rt_task.o(i.rt_tsk_pass)
    rt_tsk_prio                              0x00002acd   Thumb Code    98  rt_task.o(i.rt_tsk_prio)
    rt_tsk_self                              0x00002b41   Thumb Code    12  rt_task.o(i.rt_tsk_self)
    svcKernelInitialize                      0x00002b51   Thumb Code    78  rt_cmsis.o(i.svcKernelInitialize)
    svcKernelStart                           0x00002bc1   Thumb Code    46  rt_cmsis.o(i.svcKernelStart)
    svcMessageCreate                         0x00002bf9   Thumb Code    36  rt_cmsis.o(i.svcMessageCreate)
    svcMessageGet                            0x00002c1d   Thumb Code    58  rt_cmsis.o(i.svcMessageGet)
    svcThreadCreate                          0x00002c59   Thumb Code   100  rt_cmsis.o(i.svcThreadCreate)
    svcThreadGetId                           0x00002cc9   Thumb Code    22  rt_cmsis.o(i.svcThreadGetId)
    svcThreadTerminate                       0x00002ce5   Thumb Code    50  rt_cmsis.o(i.svcThreadTerminate)
    svcTimerCall                             0x00002d1d   Thumb Code    24  rt_cmsis.o(i.svcTimerCall)
    sysTimerTick                             0x00002d35   Thumb Code    76  rt_cmsis.o(i.sysTimerTick)
    os_maxtaskrun                            0x00002d88   Data           2  rtx_conf_cm.o(.constdata)
    os_stackinfo                             0x00002d8c   Data           4  rtx_conf_cm.o(.constdata)
    os_rrobin                                0x00002d90   Data           4  rtx_conf_cm.o(.constdata)
    os_tickfreq                              0x00002d94   Data           4  rtx_conf_cm.o(.constdata)
    os_tickus_i                              0x00002d98   Data           2  rtx_conf_cm.o(.constdata)
    os_tickus_f                              0x00002d9a   Data           2  rtx_conf_cm.o(.constdata)
    os_trv                                   0x00002d9c   Data           4  rtx_conf_cm.o(.constdata)
    os_flags                                 0x00002da0   Data           1  rtx_conf_cm.o(.constdata)
    os_clockrate                             0x00002da4   Data           4  rtx_conf_cm.o(.constdata)
    os_timernum                              0x00002da8   Data           4  rtx_conf_cm.o(.constdata)
    mp_tcb_size                              0x00002dac   Data           2  rtx_conf_cm.o(.constdata)
    mp_stk_size                              0x00002db0   Data           4  rtx_conf_cm.o(.constdata)
    os_stack_sz                              0x00002db4   Data           4  rtx_conf_cm.o(.constdata)
    os_fifo_size                             0x00002db8   Data           1  rtx_conf_cm.o(.constdata)
    os_thread_def_osTimerThread              0x00002dbc   Data          16  rtx_conf_cm.o(.constdata)
    os_messageQ_def_osTimerMessageQ          0x00002dcc   Data           8  rtx_conf_cm.o(.constdata)
    mp_tmr_size                              0x00002dd4   Data           2  rtx_conf_cm.o(.constdata)
    Font_6x8_h                               0x00002dd6   Data         896  glcd_spi_lpc1700.o(.constdata)
    Font_16x24_h                             0x00003156   Data        5376  glcd_spi_lpc1700.o(.constdata)
    Region$$Table$$Base                      0x00004658   Number         0  anon$$obj.o(Region$$Table)
    Region$$Table$$Limit                     0x00004678   Number         0  anon$$obj.o(Region$$Table)
    SystemCoreClock                          0x10000000   Data           4  system_lpc17xx.o(.data)
    countIDLE                                0x10000004   Data           4  rtx_conf_cm.o(.data)
    os_tmr                                   0x10000008   Data           4  rtx_conf_cm.o(.data)
    m_tmr                                    0x1000000c   Data           4  rtx_conf_cm.o(.data)
    os_thread_def_main                       0x10000010   Data          16  rtx_conf_cm.o(.data)
    osThreadId_osTimerThread                 0x10000020   Data           4  rtx_conf_cm.o(.data)
    osMessageQId_osTimerMessageQ             0x10000024   Data           4  rtx_conf_cm.o(.data)
    r1                                       0x1000002c   Data           4  demo2.o(.data)
    r2                                       0x10000030   Data           4  demo2.o(.data)
    r3                                       0x10000034   Data           4  demo2.o(.data)
    i                                        0x10000038   Data           4  demo2.o(.data)
    __stdout                                 0x1000003c   Data           4  demo2.o(.data)
    __stdin                                  0x10000040   Data           4  demo2.o(.data)
    bit                                      0x10000044   Data           4  demo2.o(.data)
    bit2                                     0x10000048   Data           4  demo2.o(.data)
    id1                                      0x1000004c   Data           4  demo2.o(.data)
    id2                                      0x10000050   Data           4  demo2.o(.data)
    id3                                      0x10000054   Data           4  demo2.o(.data)
    id4                                      0x10000058   Data           4  demo2.o(.data)
    id5                                      0x1000005c   Data           4  demo2.o(.data)
    mem_count                                0x10000060   Data           4  demo2.o(.data)
    cpu_count                                0x10000064   Data           4  demo2.o(.data)
    app_count                                0x10000068   Data           4  demo2.o(.data)
    dev_count                                0x1000006c   Data           4  demo2.o(.data)
    user_count                               0x10000070   Data           4  demo2.o(.data)
    cnt1                                     0x10000074   Data           4  demo2.o(.data)
    cnt2                                     0x10000078   Data           4  demo2.o(.data)
    cnt3                                     0x1000007c   Data           4  demo2.o(.data)
    bb_word_address                          0x10000080   Data           4  demo2.o(.data)
    j                                        0x10000084   Data           4  demo2.o(.data)
    os_initialized                           0x10000090   Data           1  rt_cmsis.o(.data)
    os_running                               0x10000091   Data           1  rt_cmsis.o(.data)
    os_timer_head                            0x10000094   Data           4  rt_cmsis.o(.data)
    os_tsk                                   0x10000098   Data           8  rt_task.o(.data)
    os_time                                  0x100000a0   Data           4  rt_time.o(.data)
    os_tick_irqn                             0x100000a8   Data           4  rt_system.o(.data)
    os_robin                                 0x100000ac   Data           8  rt_robin.o(.data)
    dbg_msg                                  0x100000b4   Data           1  hal_cm.o(.data)
    mp_tcb                                   0x100000b8   Data         348  rtx_conf_cm.o(.bss)
    mp_stk                                   0x10000218   Data        1216  rtx_conf_cm.o(.bss)
    os_stack_mem                             0x100006d8   Data         432  rtx_conf_cm.o(.bss)
    os_fifo                                  0x10000888   Data         132  rtx_conf_cm.o(.bss)
    os_active_TCB                            0x1000090c   Data          28  rtx_conf_cm.o(.bss)
    os_messageQ_q_osTimerMessageQ            0x10000928   Data          32  rtx_conf_cm.o(.bss)
    mutex                                    0x10000c48   Data          16  demo2.o(.bss)
    text                                     0x10000c58   Data          10  demo2.o(.bss)
    logger                                   0x10000c64   Data          40  demo2.o(.bss)
    os_idle_TCB                              0x10000c8c   Data          48  rt_task.o(.bss)
    os_rdy                                   0x10000cbc   Data          24  rt_list.o(.bss)
    os_dly                                   0x10000cd4   Data          24  rt_list.o(.bss)
    __libspace_start                         0x10000cec   Data          96  libspace.o(.bss)
    __temporary_stack_top$libspace           0x10000d4c   Data           0  libspace.o(.bss)



==============================================================================

Memory Map of the image

  Image Entry point : 0x000000cd

  Load Region LR_IROM1 (Base: 0x00000000, Size: 0x00004730, Max: 0x00080000, ABSOLUTE)

    Execution Region ER_IROM1 (Base: 0x00000000, Size: 0x00004678, Max: 0x00080000, ABSOLUTE)

    Base Addr    Size         Type   Attr      Idx    E Section Name        Object

    0x00000000   0x000000cc   Data   RO            3    RESET               startup_lpc17xx.o
    0x000000cc   0x00000008   Code   RO         1460  * !!!main             c_w.l(__main.o)
    0x000000d4   0x00000034   Code   RO         1604    !!!scatter          c_w.l(__scatter.o)
    0x00000108   0x0000001a   Code   RO         1606    !!handler_copy      c_w.l(__scatter_copy.o)
    0x00000122   0x00000002   PAD
    0x00000124   0x0000001c   Code   RO         1608    !!handler_zi        c_w.l(__scatter_zi.o)
    0x00000140   0x00000000   Code   RO         1454    .ARM.Collect$$_printf_percent$$00000000  c_w.l(_printf_percent.o)
    0x00000140   0x00000006   Code   RO         1453    .ARM.Collect$$_printf_percent$$00000009  c_w.l(_printf_d.o)
    0x00000146   0x00000004   Code   RO         1474    .ARM.Collect$$_printf_percent$$00000017  c_w.l(_printf_percent_end.o)
    0x0000014a   0x00000002   Code   RO         1459    .ARM.Collect$$libinit$$00000000  c_w.l(libinit.o)
    0x0000014c   0x00000000   Code   RO         1476    .ARM.Collect$$libinit$$00000002  c_w.l(libinit2.o)
    0x0000014c   0x00000000   Code   RO         1479    .ARM.Collect$$libinit$$00000008  c_w.l(libinit2.o)
    0x0000014c   0x00000000   Code   RO         1481    .ARM.Collect$$libinit$$0000000A  c_w.l(libinit2.o)
    0x0000014c   0x00000000   Code   RO         1483    .ARM.Collect$$libinit$$0000000C  c_w.l(libinit2.o)
    0x0000014c   0x00000000   Code   RO         1486    .ARM.Collect$$libinit$$0000000F  c_w.l(libinit2.o)
    0x0000014c   0x00000000   Code   RO         1488    .ARM.Collect$$libinit$$00000011  c_w.l(libinit2.o)
    0x0000014c   0x00000000   Code   RO         1490    .ARM.Collect$$libinit$$00000013  c_w.l(libinit2.o)
    0x0000014c   0x00000000   Code   RO         1492    .ARM.Collect$$libinit$$00000015  c_w.l(libinit2.o)
    0x0000014c   0x00000000   Code   RO         1494    .ARM.Collect$$libinit$$00000017  c_w.l(libinit2.o)
    0x0000014c   0x00000000   Code   RO         1496    .ARM.Collect$$libinit$$00000019  c_w.l(libinit2.o)
    0x0000014c   0x00000000   Code   RO         1498    .ARM.Collect$$libinit$$0000001B  c_w.l(libinit2.o)
    0x0000014c   0x00000000   Code   RO         1500    .ARM.Collect$$libinit$$0000001D  c_w.l(libinit2.o)
    0x0000014c   0x00000000   Code   RO         1502    .ARM.Collect$$libinit$$0000001F  c_w.l(libinit2.o)
    0x0000014c   0x00000000   Code   RO         1504    .ARM.Collect$$libinit$$00000021  c_w.l(libinit2.o)
    0x0000014c   0x00000000   Code   RO         1506    .ARM.Collect$$libinit$$00000023  c_w.l(libinit2.o)
    0x0000014c   0x00000000   Code   RO         1510    .ARM.Collect$$libinit$$0000002A  c_w.l(libinit2.o)
    0x0000014c   0x00000000   Code   RO         1512    .ARM.Collect$$libinit$$0000002C  c_w.l(libinit2.o)
    0x0000014c   0x00000000   Code   RO         1514    .ARM.Collect$$libinit$$0000002E  c_w.l(libinit2.o)
    0x0000014c   0x00000000   Code   RO         1516    .ARM.Collect$$libinit$$00000030  c_w.l(libinit2.o)
    0x0000014c   0x00000002   Code   RO         1517    .ARM.Collect$$libinit$$00000031  c_w.l(libinit2.o)
    0x0000014e   0x00000002   Code   RO         1545    .ARM.Collect$$libshutdown$$00000000  c_w.l(libshutdown.o)
    0x00000150   0x00000000   Code   RO         1565    .ARM.Collect$$libshutdown$$00000003  c_w.l(libshutdown2.o)
    0x00000150   0x00000000   Code   RO         1568    .ARM.Collect$$libshutdown$$00000006  c_w.l(libshutdown2.o)
    0x00000150   0x00000000   Code   RO         1571    .ARM.Collect$$libshutdown$$00000009  c_w.l(libshutdown2.o)
    0x00000150   0x00000000   Code   RO         1573    .ARM.Collect$$libshutdown$$0000000B  c_w.l(libshutdown2.o)
    0x00000150   0x00000000   Code   RO         1576    .ARM.Collect$$libshutdown$$0000000E  c_w.l(libshutdown2.o)
    0x00000150   0x00000002   Code   RO         1577    .ARM.Collect$$libshutdown$$0000000F  c_w.l(libshutdown2.o)
    0x00000152   0x00000002   Code   RO         1462    .ARM.Collect$$rtexit$$00000000  c_w.l(rtexit.o)
    0x00000154   0x00000000   Code   RO         1519    .ARM.Collect$$rtexit$$00000002  c_w.l(rtexit2.o)
    0x00000154   0x00000004   Code   RO         1520    .ARM.Collect$$rtexit$$00000003  c_w.l(rtexit2.o)
    0x00000158   0x00000006   Code   RO         1521    .ARM.Collect$$rtexit$$00000004  c_w.l(rtexit2.o)
    0x0000015e   0x00000002   PAD
    0x00000160   0x00000024   Code   RO           56    .emb_text           rtx_conf_cm.o
    0x00000184   0x00000130   Code   RO         1403    .emb_text           RTX_CM3.lib(hal_cm3.o)
    0x000002b4   0x0000003c   Code   RO            5    .text               startup_lpc17xx.o
    0x000002f0   0x00000008   Code   RO         1418    .text               c_w.l(libspace.o)
    0x000002f8   0x00000002   Code   RO         1548    .text               c_w.l(use_no_semi.o)
    0x000002fa   0x00000000   Code   RO         1550    .text               c_w.l(indicate_semi.o)
    0x000002fa   0x00000002   Code   RO         1025    i.os_tick_irqack    RTX_CM3.lib(rt_system.o)
    0x000002fc   0x00000004   Code   RO            4    .ARM.__at_0x02FC    startup_lpc17xx.o
    0x00000300   0x00000310   Code   RO           15    .text               system_lpc17xx.o
    0x00000610   0x00000090   Code   RO           57    .text               rtx_conf_cm.o
    0x000006a0   0x000005b8   Code   RO           89    .text               demo2.o
    0x00000c58   0x00000ba4   Code   RO          222    .text               glcd_spi_lpc1700.o
    0x000017fc   0x0000004a   Code   RO         1421    .text               c_w.l(sys_stackheap_outer.o)
    0x00001846   0x000000ee   Code   RO         1423    .text               c_w.l(lludivv7m.o)
    0x00001934   0x00000028   Code   RO         1427    .text               c_w.l(noretval__2sprintf.o)
    0x0000195c   0x00000068   Code   RO         1429    .text               c_w.l(__printf.o)
    0x000019c4   0x00000078   Code   RO         1431    .text               c_w.l(_printf_dec.o)
    0x00001a3c   0x0000000c   Code   RO         1455    .text               c_w.l(exit.o)
    0x00001a48   0x00000006   Code   RO         1457    .text               c_w.l(heapauxi.o)
    0x00001a4e   0x000000b8   Code   RO         1468    .text               c_w.l(_printf_intcommon.o)
    0x00001b06   0x00000002   PAD
    0x00001b08   0x00000030   Code   RO         1470    .text               c_w.l(_printf_char_common.o)
    0x00001b38   0x0000000a   Code   RO         1472    .text               c_w.l(_sputc.o)
    0x00001b42   0x00000002   PAD
    0x00001b44   0x0000000c   Code   RO         1533    .text               c_w.l(sys_exit.o)
    0x00001b50   0x00000004   Code   RO         1413    SVC_TABLE           RTX_CM3.lib(SVC_Table.o)
    0x00001b54   0x00000046   Code   RO         1302    i._init_box         RTX_CM3.lib(rt_membox.o)
    0x00001b9a   0x00000002   PAD
    0x00001b9c   0x00000030   Code   RO         1355    i.dbg_init          RTX_CM3.lib(hal_cm.o)
    0x00001bcc   0x00000020   Code   RO         1356    i.dbg_task_notify   RTX_CM3.lib(hal_cm.o)
    0x00001bec   0x00000010   Code   RO         1357    i.dbg_task_switch   RTX_CM3.lib(hal_cm.o)
    0x00001bfc   0x0000002c   Code   RO          259    i.isrMessagePut     RTX_CM3.lib(rt_cmsis.o)
    0x00001c28   0x00000050   Code   RO         1190    i.isr_mbx_receive   RTX_CM3.lib(rt_mailbox.o)
    0x00001c78   0x0000000e   Code   RO         1191    i.isr_mbx_send      RTX_CM3.lib(rt_mailbox.o)
    0x00001c86   0x00000002   PAD
    0x00001c88   0x00000024   Code   RO          261    i.osKernelInitialize  RTX_CM3.lib(rt_cmsis.o)
    0x00001cac   0x0000006c   Code   RO          263    i.osKernelStart     RTX_CM3.lib(rt_cmsis.o)
    0x00001d18   0x00000044   Code   RO          272    i.osMessageGet      RTX_CM3.lib(rt_cmsis.o)
    0x00001d5c   0x00000030   Code   RO          289    i.osThreadCreate    RTX_CM3.lib(rt_cmsis.o)
    0x00001d8c   0x00000018   Code   RO          290    i.osThreadExit      RTX_CM3.lib(rt_cmsis.o)
    0x00001da4   0x0000000c   Code   RO          296    i.osTimerCall       RTX_CM3.lib(rt_cmsis.o)
    0x00001db0   0x0000002c   Code   RO          301    i.osTimerThread     RTX_CM3.lib(rt_cmsis.o)
    0x00001ddc   0x00000028   Code   RO         1024    i.os_tick_init      RTX_CM3.lib(rt_system.o)
    0x00001e04   0x0000001a   Code   RO         1303    i.rt_alloc_box      RTX_CM3.lib(rt_membox.o)
    0x00001e1e   0x0000003c   Code   RO         1331    i.rt_alloc_mem      RTX_CM3.lib(rt_memory.o)
    0x00001e5a   0x00000002   PAD
    0x00001e5c   0x00000038   Code   RO          834    i.rt_block          RTX_CM3.lib(rt_task.o)
    0x00001e94   0x00000048   Code   RO         1280    i.rt_chk_robin      RTX_CM3.lib(rt_robin.o)
    0x00001edc   0x00000070   Code   RO         1114    i.rt_dec_dly        RTX_CM3.lib(rt_list.o)
    0x00001f4c   0x00000044   Code   RO          835    i.rt_dispatch       RTX_CM3.lib(rt_task.o)
    0x00001f90   0x00000006   Code   RO          960    i.rt_dly_wait       RTX_CM3.lib(rt_time.o)
    0x00001f96   0x00000002   PAD
    0x00001f98   0x00000050   Code   RO          921    i.rt_evt_psh        RTX_CM3.lib(rt_event.o)
    0x00001fe8   0x0000005c   Code   RO          922    i.rt_evt_set        RTX_CM3.lib(rt_event.o)
    0x00002044   0x0000003c   Code   RO          923    i.rt_evt_wait       RTX_CM3.lib(rt_event.o)
    0x00002080   0x00000020   Code   RO         1304    i.rt_free_box       RTX_CM3.lib(rt_membox.o)
    0x000020a0   0x00000028   Code   RO         1332    i.rt_free_mem       RTX_CM3.lib(rt_memory.o)
    0x000020c8   0x00000028   Code   RO         1115    i.rt_get_first      RTX_CM3.lib(rt_list.o)
    0x000020f0   0x00000024   Code   RO         1116    i.rt_get_same_rdy_prio  RTX_CM3.lib(rt_list.o)
    0x00002114   0x00000008   Code   RO          304    i.rt_id2obj         RTX_CM3.lib(rt_cmsis.o)
    0x0000211c   0x00000040   Code   RO          836    i.rt_init_context   RTX_CM3.lib(rt_task.o)
    0x0000215c   0x0000001a   Code   RO         1333    i.rt_init_mem       RTX_CM3.lib(rt_memory.o)
    0x00002176   0x00000002   PAD
    0x00002178   0x00000018   Code   RO         1281    i.rt_init_robin     RTX_CM3.lib(rt_robin.o)
    0x00002190   0x00000050   Code   RO         1358    i.rt_init_stack     RTX_CM3.lib(hal_cm.o)
    0x000021e0   0x00000008   Code   RO         1192    i.rt_mbx_check      RTX_CM3.lib(rt_mailbox.o)
    0x000021e8   0x0000001c   Code   RO         1193    i.rt_mbx_init       RTX_CM3.lib(rt_mailbox.o)
    0x00002204   0x000000f0   Code   RO         1194    i.rt_mbx_psh        RTX_CM3.lib(rt_mailbox.o)
    0x000022f4   0x000000b0   Code   RO         1196    i.rt_mbx_wait       RTX_CM3.lib(rt_mailbox.o)
    0x000023a4   0x0000003c   Code   RO          305    i.rt_ms2tick        RTX_CM3.lib(rt_cmsis.o)
    0x000023e0   0x00000010   Code   RO          994    i.rt_mut_init       RTX_CM3.lib(rt_mutex.o)
    0x000023f0   0x000000a0   Code   RO          995    i.rt_mut_release    RTX_CM3.lib(rt_mutex.o)
    0x00002490   0x00000064   Code   RO          996    i.rt_mut_wait       RTX_CM3.lib(rt_mutex.o)
    0x000024f4   0x00000078   Code   RO         1028    i.rt_pop_req        RTX_CM3.lib(rt_system.o)
    0x0000256c   0x00000020   Code   RO         1029    i.rt_psh_req        RTX_CM3.lib(rt_system.o)
    0x0000258c   0x00000058   Code   RO         1117    i.rt_psq_enq        RTX_CM3.lib(rt_list.o)
    0x000025e4   0x00000048   Code   RO         1118    i.rt_put_dly        RTX_CM3.lib(rt_list.o)
    0x0000262c   0x00000036   Code   RO         1119    i.rt_put_prio       RTX_CM3.lib(rt_list.o)
    0x00002662   0x00000002   PAD
    0x00002664   0x00000014   Code   RO         1120    i.rt_put_rdy_first  RTX_CM3.lib(rt_list.o)
    0x00002678   0x00000034   Code   RO         1121    i.rt_resort_prio    RTX_CM3.lib(rt_list.o)
    0x000026ac   0x00000006   Code   RO         1359    i.rt_ret_val        RTX_CM3.lib(hal_cm.o)
    0x000026b2   0x00000008   Code   RO         1360    i.rt_ret_val2       RTX_CM3.lib(hal_cm.o)
    0x000026ba   0x00000028   Code   RO         1122    i.rt_rmv_dly        RTX_CM3.lib(rt_list.o)
    0x000026e2   0x00000002   PAD
    0x000026e4   0x00000030   Code   RO         1123    i.rt_rmv_list       RTX_CM3.lib(rt_list.o)
    0x00002714   0x00000034   Code   RO         1241    i.rt_sem_psh        RTX_CM3.lib(rt_semaphore.o)
    0x00002748   0x00000024   Code   RO         1031    i.rt_stk_check      RTX_CM3.lib(rt_system.o)
    0x0000276c   0x00000028   Code   RO          837    i.rt_switch_req     RTX_CM3.lib(rt_task.o)
    0x00002794   0x0000010c   Code   RO          838    i.rt_sys_init       RTX_CM3.lib(rt_task.o)
    0x000028a0   0x00000034   Code   RO          839    i.rt_sys_start      RTX_CM3.lib(rt_task.o)
    0x000028d4   0x0000003c   Code   RO         1033    i.rt_systick        RTX_CM3.lib(rt_system.o)
    0x00002910   0x00000012   Code   RO          306    i.rt_tid2ptcb       RTX_CM3.lib(rt_cmsis.o)
    0x00002922   0x00000002   PAD
    0x00002924   0x00000038   Code   RO          307    i.rt_timer_insert   RTX_CM3.lib(rt_cmsis.o)
    0x0000295c   0x00000084   Code   RO          840    i.rt_tsk_create     RTX_CM3.lib(rt_task.o)
    0x000029e0   0x000000bc   Code   RO          841    i.rt_tsk_delete     RTX_CM3.lib(rt_task.o)
    0x00002a9c   0x00000030   Code   RO          842    i.rt_tsk_pass       RTX_CM3.lib(rt_task.o)
    0x00002acc   0x00000074   Code   RO          843    i.rt_tsk_prio       RTX_CM3.lib(rt_task.o)
    0x00002b40   0x00000010   Code   RO          844    i.rt_tsk_self       RTX_CM3.lib(rt_task.o)
    0x00002b50   0x00000070   Code   RO          310    i.svcKernelInitialize  RTX_CM3.lib(rt_cmsis.o)
    0x00002bc0   0x00000038   Code   RO          312    i.svcKernelStart    RTX_CM3.lib(rt_cmsis.o)
    0x00002bf8   0x00000024   Code   RO          315    i.svcMessageCreate  RTX_CM3.lib(rt_cmsis.o)
    0x00002c1c   0x0000003a   Code   RO          316    i.svcMessageGet     RTX_CM3.lib(rt_cmsis.o)
    0x00002c56   0x00000002   PAD
    0x00002c58   0x00000070   Code   RO          330    i.svcThreadCreate   RTX_CM3.lib(rt_cmsis.o)
    0x00002cc8   0x0000001c   Code   RO          331    i.svcThreadGetId    RTX_CM3.lib(rt_cmsis.o)
    0x00002ce4   0x00000038   Code   RO          334    i.svcThreadTerminate  RTX_CM3.lib(rt_cmsis.o)
    0x00002d1c   0x00000018   Code   RO          336    i.svcTimerCall      RTX_CM3.lib(rt_cmsis.o)
    0x00002d34   0x00000054   Code   RO          345    i.sysTimerTick      RTX_CM3.lib(rt_cmsis.o)
    0x00002d88   0x0000004e   Data   RO           59    .constdata          rtx_conf_cm.o
    0x00002dd6   0x00001880   Data   RO          223    .constdata          glcd_spi_lpc1700.o
    0x00004656   0x00000002   PAD
    0x00004658   0x00000020   Data   RO         1602    Region$$Table       anon$$obj.o


    Execution Region RW_IRAM1 (Base: 0x10000000, Size: 0x00000f50, Max: 0x00008000, ABSOLUTE)

    Base Addr    Size         Type   Attr      Idx    E Section Name        Object

    0x10000000   0x00000004   Data   RW           16    .data               system_lpc17xx.o
    0x10000004   0x00000028   Data   RW           60    .data               rtx_conf_cm.o
    0x1000002c   0x0000005c   Data   RW           91    .data               demo2.o
    0x10000088   0x00000005   Data   RW          224    .data               glcd_spi_lpc1700.o
    0x1000008d   0x00000003   PAD
    0x10000090   0x00000008   Data   RW          346    .data               RTX_CM3.lib(rt_cmsis.o)
    0x10000098   0x00000008   Data   RW          846    .data               RTX_CM3.lib(rt_task.o)
    0x100000a0   0x00000004   Data   RW          964    .data               RTX_CM3.lib(rt_time.o)
    0x100000a4   0x00000008   Data   RW         1036    .data               RTX_CM3.lib(rt_system.o)
    0x100000ac   0x00000008   Data   RW         1282    .data               RTX_CM3.lib(rt_robin.o)
    0x100000b4   0x00000001   Data   RW         1361    .data               RTX_CM3.lib(hal_cm.o)
    0x100000b5   0x00000003   PAD
    0x100000b8   0x00000b90   Zero   RW           58    .bss                rtx_conf_cm.o
    0x10000c48   0x00000044   Zero   RW           90    .bss                demo2.o
    0x10000c8c   0x00000030   Zero   RW          845    .bss                RTX_CM3.lib(rt_task.o)
    0x10000cbc   0x00000030   Zero   RW         1124    .bss                RTX_CM3.lib(rt_list.o)
    0x10000cec   0x00000060   Zero   RW         1419    .bss                c_w.l(libspace.o)
    0x10000d4c   0x00000004   PAD
    0x10000d50   0x00000000   Zero   RW            2    HEAP                startup_lpc17xx.o
    0x10000d50   0x00000200   Zero   RW            1    STACK               startup_lpc17xx.o


==============================================================================

Image component sizes


      Code (inc. data)   RO Data    RW Data    ZI Data      Debug   Object Name

      1464        388          0         92         68      12390   demo2.o
      2980         62       6272          5          0       8632   glcd_spi_lpc1700.o
       180         30         78         40       2960       7722   rtx_conf_cm.o
        64         26        204          0        512        848   startup_lpc17xx.o
       784         78          0          4          0       5117   system_lpc17xx.o

    ----------------------------------------------------------------------
      5472        584       6588        144       3540      34709   Object Totals
         0          0         32          0          0          0   (incl. Generated)
         0          0          2          3          0          0   (incl. Padding)

    ----------------------------------------------------------------------

      Code (inc. data)   RO Data    RW Data    ZI Data      Debug   Library Member Name

         4          4          0          0          0        148   SVC_Table.o
       190         24          0          1          0       2572   hal_cm.o
       304         36          0          0          0        708   hal_cm3.o
      1092        144          0          8          0      26414   rt_cmsis.o
       232         12          0          0          0       1608   rt_event.o
       562         46          0          0         48       7240   rt_list.o
       546         12          0          0          0       3081   rt_mailbox.o
       128          0          0          0          0       1529   rt_membox.o
       126          0          0          0          0       1847   rt_memory.o
       276         14          0          0          0       1581   rt_mutex.o
        96         22          0          8          0        990   rt_robin.o
        52          4          0          0          0        461   rt_semaphore.o
       290         52          0          8          0       5479   rt_system.o
      1048        180          0          8         48       8311   rt_task.o
         6          0          0          4          0        524   rt_time.o
         8          0          0          0          0         68   __main.o
       104          0          0          0          0         84   __printf.o
        52          8          0          0          0          0   __scatter.o
        26          0          0          0          0          0   __scatter_copy.o
        28          0          0          0          0          0   __scatter_zi.o
        48          6          0          0          0         96   _printf_char_common.o
         6          0          0          0          0          0   _printf_d.o
       120         18          0          0          0         92   _printf_dec.o
       184          0          0          0          0         88   _printf_intcommon.o
         0          0          0          0          0          0   _printf_percent.o
         4          0          0          0          0          0   _printf_percent_end.o
        10          0          0          0          0         68   _sputc.o
        12          0          0          0          0         72   exit.o
         6          0          0          0          0        152   heapauxi.o
         0          0          0          0          0          0   indicate_semi.o
         2          0          0          0          0          0   libinit.o
         2          0          0          0          0          0   libinit2.o
         2          0          0          0          0          0   libshutdown.o
         2          0          0          0          0          0   libshutdown2.o
         8          4          0          0         96         68   libspace.o
       238          0          0          0          0        100   lludivv7m.o
        40          6          0          0          0         84   noretval__2sprintf.o
         2          0          0          0          0          0   rtexit.o
        10          0          0          0          0          0   rtexit2.o
        12          4          0          0          0         68   sys_exit.o
        74          0          0          0          0         80   sys_stackheap_outer.o
         2          0          0          0          0         68   use_no_semi.o

    ----------------------------------------------------------------------
      5980        596          0         40        196      63681   Library Totals
        26          0          0          3          4          0   (incl. Padding)

    ----------------------------------------------------------------------

      Code (inc. data)   RO Data    RW Data    ZI Data      Debug   Library Name

      4952        550          0         37         96      62493   RTX_CM3.lib
      1002         46          0          0         96       1188   c_w.l

    ----------------------------------------------------------------------
      5980        596          0         40        196      63681   Library Totals

    ----------------------------------------------------------------------

==============================================================================


      Code (inc. data)   RO Data    RW Data    ZI Data      Debug   

     11452       1180       6588        184       3736      93502   Grand Totals
     11452       1180       6588        184       3736      93502   ELF Image Totals
     11452       1180       6588        184          0          0   ROM Totals

==============================================================================

    Total RO  Size (Code + RO Data)                18040 (  17.62kB)
    Total RW  Size (RW Data + ZI Data)              3920 (   3.83kB)
    Total ROM Size (Code + RO Data + RW Data)      18224 (  17.80kB)

==============================================================================

