ARM Linker, 5.03 [Build 76] [MDK-ARM Professional]

==============================================================================

Section Cross References

    startup_lpc17xx.o(STACK) refers (Special) to heapauxi.o(.text) for __use_two_region_memory
    startup_lpc17xx.o(HEAP) refers (Special) to heapauxi.o(.text) for __use_two_region_memory
    startup_lpc17xx.o(RESET) refers (Special) to heapauxi.o(.text) for __use_two_region_memory
    startup_lpc17xx.o(RESET) refers to startup_lpc17xx.o(STACK) for __initial_sp
    startup_lpc17xx.o(RESET) refers to startup_lpc17xx.o(.text) for Reset_Handler
    startup_lpc17xx.o(RESET) refers to hal_cm3.o(.emb_text) for SVC_Handler
    startup_lpc17xx.o(.ARM.__at_0x02FC) refers (Special) to heapauxi.o(.text) for __use_two_region_memory
    startup_lpc17xx.o(.text) refers (Special) to heapauxi.o(.text) for __use_two_region_memory
    startup_lpc17xx.o(.text) refers to system_lpc17xx.o(.text) for SystemInit
    startup_lpc17xx.o(.text) refers to __main.o(!!!main) for __main
    startup_lpc17xx.o(.text) refers to startup_lpc17xx.o(HEAP) for Heap_Mem
    startup_lpc17xx.o(.text) refers to startup_lpc17xx.o(STACK) for Stack_Mem
    system_lpc17xx.o(.text) refers to lludivv7m.o(.text) for __aeabi_uldivmod
    system_lpc17xx.o(.text) refers to system_lpc17xx.o(.data) for SystemCoreClock
    rtx_conf_cm.o(.emb_text) refers to sys_stackheap_outer.o(.text) for __user_setup_stackheap
    rtx_conf_cm.o(.emb_text) refers to libinit.o(.ARM.Collect$$libinit$$00000000) for __rt_lib_init
    rtx_conf_cm.o(.emb_text) refers to rt_cmsis.o(i.osKernelInitialize) for osKernelInitialize
    rtx_conf_cm.o(.emb_text) refers to rt_cmsis.o(i.osThreadCreate) for osThreadCreate
    rtx_conf_cm.o(.emb_text) refers to rt_cmsis.o(i.osKernelStart) for osKernelStart
    rtx_conf_cm.o(.emb_text) refers to exit.o(.text) for exit
    rtx_conf_cm.o(.emb_text) refers to rtx_conf_cm.o(.data) for os_thread_def_main
    rtx_conf_cm.o(.text) refers to rt_task.o(i.rt_tsk_self) for rt_tsk_self
    rtx_conf_cm.o(.text) refers to rt_mutex.o(i.rt_mut_init) for rt_mut_init
    rtx_conf_cm.o(.text) refers to rtx_conf_cm.o(.bss) for .bss
    rtx_conf_cm.o(.text) refers to libspace.o(.bss) for __libspace_start
    rtx_conf_cm.o(.text) refers to rtx_conf_cm.o(.data) for .data
    rtx_conf_cm.o(.text) refers to rt_mutex.o(i.rt_mut_wait) for rt_mut_wait
    rtx_conf_cm.o(.text) refers to rt_mutex.o(i.rt_mut_release) for rt_mut_release
    rtx_conf_cm.o(.constdata) refers to rt_cmsis.o(i.osTimerThread) for osTimerThread
    rtx_conf_cm.o(.constdata) refers to rtx_conf_cm.o(.bss) for os_messageQ_q_osTimerMessageQ
    rtx_conf_cm.o(.data) refers to demo.o(.text) for main
    demo.o(.text) refers to _printf_percent.o(.ARM.Collect$$_printf_percent$$00000000) for _printf_percent
    demo.o(.text) refers to _printf_f.o(.ARM.Collect$$_printf_percent$$00000003) for _printf_f
    demo.o(.text) refers to printf1.o(x$fpl$printf1) for _printf_fp_dec
    demo.o(.text) refers to dflt_clz.o(x$fpl$dflt) for __aeabi_i2d
    demo.o(.text) refers to daddsub_clz.o(x$fpl$dadd) for __aeabi_dadd
    demo.o(.text) refers to led.o(.text) for LED_On
    demo.o(.text) refers to noretval__2sprintf.o(.text) for __2sprintf
    demo.o(.text) refers to glcd_spi_lpc1700.o(.text) for GLCD_SetTextColor
    demo.o(.text) refers to sqrt.o(i.sqrt) for sqrt
    demo.o(.text) refers to dmul.o(x$fpl$dmul) for __aeabi_dmul
    demo.o(.text) refers to ddiv.o(x$fpl$ddiv) for __aeabi_ddiv
    demo.o(.text) refers to system_lpc17xx.o(.text) for SystemInit
    demo.o(.text) refers to rt_cmsis.o(i.osKernelInitialize) for osKernelInitialize
    demo.o(.text) refers to rt_cmsis.o(i.osThreadCreate) for osThreadCreate
    demo.o(.text) refers to rt_cmsis.o(i.osKernelStart) for osKernelStart
    demo.o(.text) refers to rt_cmsis.o(i.osDelay) for osDelay
    demo.o(.text) refers to demo.o(.data) for i
    demo.o(.text) refers to demo.o(.bss) for text
    demo.o(.text) refers to demo.o(.constdata) for os_thread_def_task1
    demo.o(.constdata) refers to demo.o(.text) for task1
    glcd_spi_lpc1700.o(.text) refers to glcd_spi_lpc1700.o(.data) for Himax
    glcd_spi_lpc1700.o(.text) refers to glcd_spi_lpc1700.o(.constdata) for Font_6x8_h
    led.o(.text) refers to led.o(.constdata) for led_mask
    rt_cmsis.o(i.isrMessagePut) refers to rt_mailbox.o(i.rt_mbx_check) for rt_mbx_check
    rt_cmsis.o(i.isrMessagePut) refers to rt_mailbox.o(i.isr_mbx_send) for isr_mbx_send
    rt_cmsis.o(i.osDelay) refers to rt_cmsis.o(i.svcDelay) for svcDelay
    rt_cmsis.o(i.osKernelInitialize) refers to rt_cmsis.o(i.svcKernelInitialize) for svcKernelInitialize
    rt_cmsis.o(i.osKernelRunning) refers to rt_cmsis.o(i.svcKernelRunning) for svcKernelRunning
    rt_cmsis.o(i.osKernelRunning) refers to rt_cmsis.o(.data) for .data
    rt_cmsis.o(i.osKernelStart) refers to rtx_conf_cm.o(.constdata) for os_flags
    rt_cmsis.o(i.osKernelStart) refers to rt_cmsis.o(i.svcKernelStart) for svcKernelStart
[...]
    ../clib/printf.c                         0x00000000   Number         0  _printf_fp_infnan.o ABSOLUTE
    ../clib/printf.c                         0x00000000   Number         0  noretval__2sprintf.o ABSOLUTE
    ../clib/printf.c                         0x00000000   Number         0  __printf_flags_wp.o ABSOLUTE
    ../clib/printf.c                         0x00000000   Number         0  __printf.o ABSOLUTE
    ../clib/printf.c                         0x00000000   Number         0  __printf_flags.o ABSOLUTE
    ../clib/printf.c                         0x00000000   Number         0  __printf_ss.o ABSOLUTE
    ../clib/printf.c                         0x00000000   Number         0  __printf_wp.o ABSOLUTE
    ../clib/printf.c                         0x00000000   Number         0  __2sprintf.o ABSOLUTE
    ../clib/printf_percent.s                 0x00000000   Number         0  _printf_percent_end.o ABSOLUTE
    ../clib/printf_percent.s                 0x00000000   Number         0  _printf_percent.o ABSOLUTE
    ../clib/printf_percent.s                 0x00000000   Number         0  _printf_f.o ABSOLUTE
    ../clib/signal.c                         0x00000000   Number         0  defsig_stak_inner.o ABSOLUTE
    ../clib/signal.c                         0x00000000   Number         0  defsig_pvfn_inner.o ABSOLUTE
    ../clib/signal.c                         0x00000000   Number         0  defsig_cppl_inner.o ABSOLUTE
    ../clib/signal.c                         0x00000000   Number         0  defsig_segv_inner.o ABSOLUTE
    ../clib/signal.c                         0x00000000   Number         0  defsig_other.o ABSOLUTE
    ../clib/signal.c                         0x00000000   Number         0  defsig_fpe_outer.o ABSOLUTE
    ../clib/signal.c                         0x00000000   Number         0  defsig_fpe_formal.o ABSOLUTE
    ../clib/signal.c                         0x00000000   Number         0  defsig_exit.o ABSOLUTE
    ../clib/signal.c                         0x00000000   Number         0  defsig_fpe_inner.o ABSOLUTE
    ../clib/signal.c                         0x00000000   Number         0  defsig_rtmem_outer.o ABSOLUTE
    ../clib/signal.c                         0x00000000   Number         0  defsig_rtmem_formal.o ABSOLUTE
    ../clib/signal.c                         0x00000000   Number         0  __raise.o ABSOLUTE
    ../clib/signal.c                         0x00000000   Number         0  defsig_general.o ABSOLUTE
    ../clib/signal.c                         0x00000000   Number         0  defsig_rtmem_inner.o ABSOLUTE
    ../clib/signal.c                         0x00000000   Number         0  defsig_abrt_inner.o ABSOLUTE
    ../clib/signal.c                         0x00000000   Number         0  defsig_rtred_inner.o ABSOLUTE
    ../clib/signal.s                         0x00000000   Number         0  defsig.o ABSOLUTE
    ../clib/stdlib.c                         0x00000000   Number         0  exit.o ABSOLUTE
    ../fplib/daddsub.s                       0x00000000   Number         0  daddsub_clz.o ABSOLUTE
    ../fplib/dcmpi.s                         0x00000000   Number         0  dcmpi.o ABSOLUTE
    ../fplib/ddiv.s                          0x00000000   Number         0  ddiv.o ABSOLUTE
    ../fplib/dflt.s                          0x00000000   Number         0  dflt_clz.o ABSOLUTE
    ../fplib/dleqf.s                         0x00000000   Number         0  dleqf.o ABSOLUTE
    ../fplib/dmul.s                          0x00000000   Number         0  dmul.o ABSOLUTE
    ../fplib/dnaninf.s                       0x00000000   Number         0  dnaninf.o ABSOLUTE
    ../fplib/dretinf.s                       0x00000000   Number         0  dretinf.o ABSOLUTE
    ../fplib/dsqrt.s                         0x00000000   Number         0  dsqrt_noumaal.o ABSOLUTE
    ../fplib/fpinit.s                        0x00000000   Number         0  fpinit.o ABSOLUTE
    ../fplib/istatus.s                       0x00000000   Number         0  istatus.o ABSOLUTE
    ../fplib/printf1.s                       0x00000000   Number         0  printf1.o ABSOLUTE
    ../fplib/usenofp.s                       0x00000000   Number         0  usenofp.o ABSOLUTE
    ../mathlib/fpclassify.c                  0x00000000   Number         0  fpclassify.o ABSOLUTE
    ../mathlib/sqrt.c                        0x00000000   Number         0  sqrt.o ABSOLUTE
    ../mathlib/sqrt.c                        0x00000000   Number         0  sqrt_x.o ABSOLUTE
    ..\HAL_CM.c                              0x00000000   Number         0  hal_cm.o ABSOLUTE
    ..\\rt_CMSIS.c                           0x00000000   Number         0  rt_cmsis.o ABSOLUTE
    ..\\rt_System.c                          0x00000000   Number         0  rt_system.o ABSOLUTE
    ..\rt_CMSIS.c                            0x00000000   Number         0  rt_cmsis.o ABSOLUTE
    ..\rt_Event.c                            0x00000000   Number         0  rt_event.o ABSOLUTE
    ..\rt_List.c                             0x00000000   Number         0  rt_list.o ABSOLUTE
    ..\rt_Mailbox.c                          0x00000000   Number         0  rt_mailbox.o ABSOLUTE
    ..\rt_MemBox.c                           0x00000000   Number         0  rt_membox.o ABSOLUTE
    ..\rt_Memory.c                           0x00000000   Number         0  rt_memory.o ABSOLUTE
    ..\rt_Mutex.c                            0x00000000   Number         0  rt_mutex.o ABSOLUTE
    ..\rt_Robin.c                            0x00000000   Number         0  rt_robin.o ABSOLUTE
    ..\rt_Semaphore.c                        0x00000000   Number         0  rt_semaphore.o ABSOLUTE
    ..\rt_System.c                           0x00000000   Number         0  rt_system.o ABSOLUTE
    ..\rt_Task.c                             0x00000000   Number         0  rt_task.o ABSOLUTE
    ..\rt_Time.c                             0x00000000   Number         0  rt_time.o ABSOLUTE
    Demo.c                                   0x00000000   Number         0  demo.o ABSOLUTE
    Demo.c                                   0x00000000   Number         0  demo.o ABSOLUTE
    GLCD_SPI_LPC1700.c                       0x00000000   Number         0  glcd_spi_lpc1700.o ABSOLUTE
    GLCD_SPI_LPC1700.c                       0x00000000   Number         0  glcd_spi_lpc1700.o ABSOLUTE
    HAL_CM3.c                                0x00000000   Number         0  hal_cm3.o ABSOLUTE
    HAL_CM3.c                                0x00000000   Number         0  hal_cm3.o ABSOLUTE
    LED.c                                    0x00000000   Number         0  led.o ABSOLUTE
    LED.c                                    0x00000000   Number         0  led.o ABSOLUTE
    RTX_Conf_CM.c                            0x00000000   Number         0  rtx_conf_cm.o ABSOLUTE
    RTX_Conf_CM.c                            0x00000000   Number         0  rtx_conf_cm.o ABSOLUTE
    SVC_Table.s                              0x00000000   Number         0  SVC_Table.o ABSOLUTE
    dc.s                                     0x00000000   Number         0  dc.o ABSOLUTE
    startup_LPC17xx.s                        0x00000000   Number         0  startup_lpc17xx.o ABSOLUTE
    system_LPC17xx.c                         0x00000000   Number         0  system_lpc17xx.o ABSOLUTE
    system_LPC17xx.c                         0x00000000   Number         0  system_lpc17xx.o ABSOLUTE
    !!!main                                  0x000000cc   Section        8  __main.o(!!!main)
    !!!scatter                               0x000000d4   Section       52  __scatter.o(!!!scatter)
    !!handler_copy                           0x00000108   Section       26  __scatter_copy.o(!!handler_copy)
    !!handler_zi                             0x00000124   Section       28  __scatter_zi.o(!!handler_zi)
    .ARM.Collect$$_printf_percent$$00000000  0x00000140   Section        0  _printf_percent.o(.ARM.Collect$$_printf_percent$$00000000)
    .ARM.Collect$$_printf_percent$$00000003  0x00000140   Section        6  _printf_f.o(.ARM.Collect$$_printf_percent$$00000003)
    .ARM.Collect$$_printf_percent$$00000017  0x00000146   Section        4  _printf_percent_end.o(.ARM.Collect$$_printf_percent$$00000017)
    .ARM.Collect$$libinit$$00000000          0x0000014a   Section        2  libinit.o(.ARM.Collect$$libinit$$00000000)
    .ARM.Collect$$libinit$$00000002          0x0000014c   Section        0  libinit2.o(.ARM.Collect$$libinit$$00000002)
    .ARM.Collect$$libinit$$00000008          0x0000014c   Section        0  libinit2.o(.ARM.Collect$$libinit$$00000008)
    .ARM.Collect$$libinit$$0000000A          0x0000014c   Section        0  libinit2.o(.ARM.Collect$$libinit$$0000000A)
    .ARM.Collect$$libinit$$0000000C          0x0000014c   Section        0  libinit2.o(.ARM.Collect$$libinit$$0000000C)
    .ARM.Collect$$libinit$$0000000D          0x0000014c   Section        6  libinit2.o(.ARM.Collect$$libinit$$0000000D)
    .ARM.Collect$$libinit$$0000000F          0x00000152   Section        0  libinit2.o(.ARM.Collect$$libinit$$0000000F)
    .ARM.Collect$$libinit$$00000011          0x00000152   Section        0  libinit2.o(.ARM.Collect$$libinit$$00000011)
    .ARM.Collect$$libinit$$00000013          0x00000152   Section        0  libinit2.o(.ARM.Collect$$libinit$$00000013)
    .ARM.Collect$$libinit$$00000014          0x00000152   Section       10  libinit2.o(.ARM.Collect$$libinit$$00000014)
    .ARM.Collect$$libinit$$00000015          0x0000015c   Section        0  libinit2.o(.ARM.Collect$$libinit$$00000015)
    .ARM.Collect$$libinit$$00000017          0x0000015c   Section        0  libinit2.o(.ARM.Collect$$libinit$$00000017)
    .ARM.Collect$$libinit$$00000019          0x0000015c   Section        0  libinit2.o(.ARM.Collect$$libinit$$00000019)
    .ARM.Collect$$libinit$$0000001B          0x0000015c   Section        0  libinit2.o(.ARM.Collect$$libinit$$0000001B)
    .ARM.Collect$$libinit$$0000001D          0x0000015c   Section        0  libinit2.o(.ARM.Collect$$libinit$$0000001D)
    .ARM.Collect$$libinit$$0000001F          0x0000015c   Section        0  libinit2.o(.ARM.Collect$$libinit$$0000001F)
    .ARM.Collect$$libinit$$00000021          0x0000015c   Section        0  libinit2.o(.ARM.Collect$$libinit$$00000021)
    .ARM.Collect$$libinit$$00000023          0x0000015c   Section        0  libinit2.o(.ARM.Collect$$libinit$$00000023)
    .ARM.Collect$$libinit$$0000002A          0x0000015c   Section        0  libinit2.o(.ARM.Collect$$libinit$$0000002A)
    .ARM.Collect$$libinit$$0000002C          0x0000015c   Section        0  libinit2.o(.ARM.Collect$$libinit$$0000002C)
    .ARM.Collect$$libinit$$0000002E          0x0000015c   Section        0  libinit2.o(.ARM.Collect$$libinit$$0000002E)
    .ARM.Collect$$libinit$$00000030          0x0000015c   Section        0  libinit2.o(.ARM.Collect$$libinit$$00000030)
    .ARM.Collect$$libinit$$00000031          0x0000015c   Section        2  libinit2.o(.ARM.Collect$$libinit$$00000031)
    .ARM.Collect$$libshutdown$$00000000      0x0000015e   Section        2  libshutdown.o(.ARM.Collect$$libshutdown$$00000000)
    .ARM.Collect$$libshutdown$$00000003      0x00000160   Section        0  libshutdown2.o(.ARM.Collect$$libshutdown$$00000003)
    .ARM.Collect$$libshutdown$$00000006      0x00000160   Section        0  libshutdown2.o(.ARM.Collect$$libshutdown$$00000006)
    .ARM.Collect$$libshutdown$$00000009      0x00000160   Section        0  libshutdown2.o(.ARM.Collect$$libshutdown$$00000009)
    .ARM.Collect$$libshutdown$$0000000B      0x00000160   Section        0  libshutdown2.o(.ARM.Collect$$libshutdown$$0000000B)
    .ARM.Collect$$libshutdown$$0000000E      0x00000160   Section        0  libshutdown2.o(.ARM.Collect$$libshutdown$$0000000E)
    .ARM.Collect$$libshutdown$$0000000F      0x00000160   Section        2  libshutdown2.o(.ARM.Collect$$libshutdown$$0000000F)
    .ARM.Collect$$rtexit$$00000000           0x00000162   Section        2  rtexit.o(.ARM.Collect$$rtexit$$00000000)
    .ARM.Collect$$rtexit$$00000002           0x00000164   Section        0  rtexit2.o(.ARM.Collect$$rtexit$$00000002)
    .ARM.Collect$$rtexit$$00000003           0x00000164   Section        4  rtexit2.o(.ARM.Collect$$rtexit$$00000003)
    .ARM.Collect$$rtexit$$00000004           0x00000168   Section        6  rtexit2.o(.ARM.Collect$$rtexit$$00000004)
    .emb_text                                0x00000170   Section       36  rtx_conf_cm.o(.emb_text)
    .emb_text                                0x00000194   Section      304  hal_cm3.o(.emb_text)
    .text                                    0x000002c4   Section        8  libspace.o(.text)
    .text                                    0x000002cc   Section        0  noretval__2sprintf.o(.text)
    .text                                    0x000002f4   Section        0  heapauxi.o(.text)
    .text                                    0x000002fa   Section        2  use_no_semi.o(.text)
    .ARM.__at_0x02FC                         0x000002fc   Section        4  startup_lpc17xx.o(.ARM.__at_0x02FC)
    .text                                    0x00000300   Section       60  startup_lpc17xx.o(.text)
    .text                                    0x0000033c   Section        0  system_lpc17xx.o(.text)
    .text                                    0x0000064c   Section        0  rtx_conf_cm.o(.text)
    __tagsym$$used                           0x00000699   Number         0  rtx_conf_cm.o(.text)
    __tagsym$$used                           0x000006b3   Number         0  rtx_conf_cm.o(.text)
    .text                                    0x000006e0   Section        0  demo.o(.text)
    .text                                    0x000009cc   Section        0  glcd_spi_lpc1700.o(.text)
    delay                                    0x000009cd   Thumb Code    16  glcd_spi_lpc1700.o(.text)
    spi_tran_man                             0x000009dd   Thumb Code   124  glcd_spi_lpc1700.o(.text)
    wr_cmd                                   0x00000a59   Thumb Code    36  glcd_spi_lpc1700.o(.text)
    wr_dat                                   0x00000a7d   Thumb Code    36  glcd_spi_lpc1700.o(.text)
    rd_reg                                   0x00000aa1   Thumb Code    66  glcd_spi_lpc1700.o(.text)
    rd_id_man                                0x00000ae3   Thumb Code   132  glcd_spi_lpc1700.o(.text)
    spi_tran                                 0x00001503   Thumb Code    26  glcd_spi_lpc1700.o(.text)
    wr_dat_start                             0x0000151d   Thumb Code    16  glcd_spi_lpc1700.o(.text)
    wr_dat_stop                              0x0000152d   Thumb Code     8  glcd_spi_lpc1700.o(.text)
    wr_dat_only                              0x00001535   Thumb Code    18  glcd_spi_lpc1700.o(.text)
    wr_reg                                   0x00001547   Thumb Code    20  glcd_spi_lpc1700.o(.text)
    .text                                    0x00001574   Section        0  led.o(.text)
    .text                                    0x00001620   Section       74  sys_stackheap_outer.o(.text)
    .text                                    0x0000166a   Section      238  lludivv7m.o(.text)
    .text                                    0x00001758   Section        0  __printf_ss.o(.text)
    .text                                    0x00001810   Section        0  exit.o(.text)
    .text                                    0x0000181c   Section        0  _rserrno.o(.text)
    .text                                    0x00001832   Section        0  _printf_fp_dec.o(.text)
    _fp_digits                               0x00001835   Thumb Code   426  _printf_fp_dec.o(.text)
    .text                                    0x00001c54   Section        0  _printf_char_common.o(.text)
    _printf_input_char                       0x00001c55   Thumb Code    10  _printf_char_common.o(.text)
    .text                                    0x00001c84   Section        0  _sputc.o(.text)
    .text                                    0x00001c8e   Section       10  rt_locale_twolibspace.o(.text)
    .text                                    0x00001c98   Section        4  rt_errno_addr_twolibspace.o(.text)
    .text                                    0x00001c9c   Section      138  lludiv10.o(.text)
    .text                                    0x00001d28   Section        0  _printf_fp_infnan.o(.text)
    .text                                    0x00001da8   Section        0  bigflt0.o(.text)
    .text                                    0x00001e8c   Section        0  sys_exit.o(.text)
    .text                                    0x00001e98   Section      128  strcmpv7m.o(.text)
    .text                                    0x00001f18   Section        0  indicate_semi.o(.text)
    CL$$btod_d2e                             0x00001f18   Section       62  btod.o(CL$$btod_d2e)
    CL$$btod_d2e_denorm_low                  0x00001f56   Section       70  btod.o(CL$$btod_d2e_denorm_low)
    CL$$btod_d2e_norm_op1                    0x00001f9c   Section       96  btod.o(CL$$btod_d2e_norm_op1)
    CL$$btod_div_common                      0x00001ffc   Section      824  btod.o(CL$$btod_div_common)
    CL$$btod_e2e                             0x00002334   Section      198  btod.o(CL$$btod_e2e)
    CL$$btod_ediv                            0x000023fa   Section       40  btod.o(CL$$btod_ediv)
    CL$$btod_emul                            0x00002422   Section       40  btod.o(CL$$btod_emul)
    CL$$btod_mult_common                     0x0000244a   Section      580  btod.o(CL$$btod_mult_common)
    SVC_TABLE                                0x00002690   Section        4  SVC_Table.o(SVC_TABLE)
    i.__ARM_fpclassify                       0x00002694   Section        0  fpclassify.o(i.__ARM_fpclassify)
    i._init_box                              0x000026bc   Section        0  rt_membox.o(i._init_box)
    i.dbg_init                               0x00002704   Section        0  hal_cm.o(i.dbg_init)
    i.dbg_task_notify                        0x00002734   Section        0  hal_cm.o(i.dbg_task_notify)
    i.dbg_task_switch                        0x00002754   Section        0  hal_cm.o(i.dbg_task_switch)
    i.isrMessagePut                          0x00002764   Section        0  rt_cmsis.o(i.isrMessagePut)
    isrMessagePut                            0x00002765   Thumb Code    44  rt_cmsis.o(i.isrMessagePut)
    i.isr_mbx_receive                        0x00002790   Section        0  rt_mailbox.o(i.isr_mbx_receive)
    i.isr_mbx_send                           0x000027e0   Section        0  rt_mailbox.o(i.isr_mbx_send)
    i.osDelay                                0x000027f0   Section        0  rt_cmsis.o(i.osDelay)
    i.osKernelInitialize                     0x00002808   Section        0  rt_cmsis.o(i.osKernelInitialize)
    i.osKernelStart                          0x0000282c   Section        0  rt_cmsis.o(i.osKernelStart)
    i.osMessageGet                           0x00002898   Section        0  rt_cmsis.o(i.osMessageGet)
    i.osThreadCreate                         0x000028dc   Section        0  rt_cmsis.o(i.osThreadCreate)
    i.osThreadExit                           0x0000290c   Section        0  rt_cmsis.o(i.osThreadExit)
    i.osTimerCall                            0x00002924   Section        0  rt_cmsis.o(i.osTimerCall)
    i.osTimerThread                          0x00002930   Section        0  rt_cmsis.o(i.osTimerThread)
    i.os_tick_init                           0x0000295c   Section        0  rt_system.o(i.os_tick_init)
    i.os_tick_irqack                         0x00002984   Section        0  rt_system.o(i.os_tick_irqack)
    i.rt_alloc_box                           0x00002986   Section        0  rt_membox.o(i.rt_alloc_box)
    i.rt_alloc_mem                           0x000029a0   Section        0  rt_memory.o(i.rt_alloc_mem)
    i.rt_block                               0x000029dc   Section        0  rt_task.o(i.rt_block)
    i.rt_dec_dly                             0x00002a14   Section        0  rt_list.o(i.rt_dec_dly)
    i.rt_dispatch                            0x00002a84   Section        0  rt_task.o(i.rt_dispatch)
    i.rt_dly_wait                            0x00002ac8   Section        0  rt_time.o(i.rt_dly_wait)
    i.rt_evt_psh                             0x00002ad0   Section        0  rt_event.o(i.rt_evt_psh)
    i.rt_free_box                            0x00002b20   Section        0  rt_membox.o(i.rt_free_box)
    i.rt_free_mem                            0x00002b40   Section        0  rt_memory.o(i.rt_free_mem)
    i.rt_get_first                           0x00002b68   Section        0  rt_list.o(i.rt_get_first)
    i.rt_id2obj                              0x00002b90   Section        0  rt_cmsis.o(i.rt_id2obj)
    rt_id2obj                                0x00002b91   Thumb Code     8  rt_cmsis.o(i.rt_id2obj)
    i.rt_init_context                        0x00002b98   Section        0  rt_task.o(i.rt_init_context)
    rt_init_context                          0x00002b99   Thumb Code    60  rt_task.o(i.rt_init_context)
    i.rt_init_mem                            0x00002bd8   Section        0  rt_memory.o(i.rt_init_mem)
    i.rt_init_stack                          0x00002bf4   Section        0  hal_cm.o(i.rt_init_stack)
    i.rt_mbx_check                           0x00002c44   Section        0  rt_mailbox.o(i.rt_mbx_check)
    i.rt_mbx_init                            0x00002c4c   Section        0  rt_mailbox.o(i.rt_mbx_init)
    i.rt_mbx_psh                             0x00002c68   Section        0  rt_mailbox.o(i.rt_mbx_psh)
    i.rt_mbx_wait                            0x00002d58   Section        0  rt_mailbox.o(i.rt_mbx_wait)
    i.rt_ms2tick                             0x00002e08   Section        0  rt_cmsis.o(i.rt_ms2tick)
    rt_ms2tick                               0x00002e09   Thumb Code    50  rt_cmsis.o(i.rt_ms2tick)
    i.rt_mut_init                            0x00002e44   Section        0  rt_mutex.o(i.rt_mut_init)
    i.rt_mut_release                         0x00002e54   Section        0  rt_mutex.o(i.rt_mut_release)
    i.rt_mut_wait                            0x00002ef4   Section        0  rt_mutex.o(i.rt_mut_wait)
    i.rt_pop_req                             0x00002f58   Section        0  rt_system.o(i.rt_pop_req)
    i.rt_psh_req                             0x00002fd0   Section        0  rt_system.o(i.rt_psh_req)
    i.rt_psq_enq                             0x00002ff0   Section        0  rt_list.o(i.rt_psq_enq)
    i.rt_put_dly                             0x00003048   Section        0  rt_list.o(i.rt_put_dly)
    i.rt_put_prio                            0x00003090   Section        0  rt_list.o(i.rt_put_prio)
    i.rt_put_rdy_first                       0x000030c8   Section        0  rt_list.o(i.rt_put_rdy_first)
    i.rt_resort_prio                         0x000030dc   Section        0  rt_list.o(i.rt_resort_prio)
    i.rt_ret_val                             0x00003110   Section        0  hal_cm.o(i.rt_ret_val)
    i.rt_ret_val2                            0x00003116   Section        0  hal_cm.o(i.rt_ret_val2)
    i.rt_rmv_dly                             0x0000311e   Section        0  rt_list.o(i.rt_rmv_dly)
    i.rt_rmv_list                            0x00003148   Section        0  rt_list.o(i.rt_rmv_list)
    i.rt_sem_psh                             0x00003178   Section        0  rt_semaphore.o(i.rt_sem_psh)
    i.rt_stk_check                           0x000031ac   Section        0  rt_system.o(i.rt_stk_check)
    i.rt_switch_req                          0x000031d0   Section        0  rt_task.o(i.rt_switch_req)
    i.rt_sys_init                            0x000031f8   Section        0  rt_task.o(i.rt_sys_init)
    i.rt_sys_start                           0x00003304   Section        0  rt_task.o(i.rt_sys_start)
    i.rt_systick                             0x00003338   Section        0  rt_system.o(i.rt_systick)
    i.rt_tid2ptcb                            0x00003374   Section        0  rt_cmsis.o(i.rt_tid2ptcb)
    rt_tid2ptcb                              0x00003375   Thumb Code    18  rt_cmsis.o(i.rt_tid2ptcb)
    i.rt_timer_insert                        0x00003388   Section        0  rt_cmsis.o(i.rt_timer_insert)
    rt_timer_insert                          0x00003389   Thumb Code    50  rt_cmsis.o(i.rt_timer_insert)
    i.rt_tsk_create                          0x000033c0   Section        0  rt_task.o(i.rt_tsk_create)
    i.rt_tsk_delete                          0x00003444   Section        0  rt_task.o(i.rt_tsk_delete)
    i.rt_tsk_prio                            0x00003500   Section        0  rt_task.o(i.rt_tsk_prio)
    i.rt_tsk_self                            0x00003574   Section        0  rt_task.o(i.rt_tsk_self)
    i.sqrt                                   0x00003584   Section        0  sqrt.o(i.sqrt)
    i.svcDelay                               0x000035d0   Section        0  rt_cmsis.o(i.svcDelay)
    i.svcKernelInitialize                    0x000035e4   Section        0  rt_cmsis.o(i.svcKernelInitialize)
    i.svcKernelStart                         0x00003654   Section        0  rt_cmsis.o(i.svcKernelStart)
    i.svcMessageCreate                       0x0000368c   Section        0  rt_cmsis.o(i.svcMessageCreate)
    i.svcMessageGet                          0x000036b0   Section        0  rt_cmsis.o(i.svcMessageGet)
    i.svcThreadCreate                        0x000036ec   Section        0  rt_cmsis.o(i.svcThreadCreate)
    i.svcThreadGetId                         0x0000375c   Section        0  rt_cmsis.o(i.svcThreadGetId)
    i.svcThreadTerminate                     0x00003778   Section        0  rt_cmsis.o(i.svcThreadTerminate)
    i.svcTimerCall                           0x000037b0   Section        0  rt_cmsis.o(i.svcTimerCall)
    i.sysTimerTick                           0x000037c8   Section        0  rt_cmsis.o(i.sysTimerTick)
    locale$$code                             0x0000381c   Section       44  lc_numeric_c.o(locale$$code)
    x$fpl$dadd                               0x00003848   Section      336  daddsub_clz.o(x$fpl$dadd)
    _dadd1                                   0x00003859   Thumb Code     0  daddsub_clz.o(x$fpl$dadd)
    x$fpl$ddiv                               0x00003998   Section      688  ddiv.o(x$fpl$ddiv)
    ddiv_entry                               0x0000399f   Thumb Code     0  ddiv.o(x$fpl$ddiv)
    x$fpl$dflt                               0x00003c48   Section       46  dflt_clz.o(x$fpl$dflt)
    x$fpl$dmul                               0x00003c78   Section      340  dmul.o(x$fpl$dmul)
    x$fpl$dnaninf                            0x00003dcc   Section      156  dnaninf.o(x$fpl$dnaninf)
    x$fpl$dretinf                            0x00003e68   Section       12  dretinf.o(x$fpl$dretinf)
    x$fpl$dsqrt                              0x00003e74   Section      460  dsqrt_noumaal.o(x$fpl$dsqrt)
    x$fpl$dsub                               0x00004040   Section      468  daddsub_clz.o(x$fpl$dsub)
    _dsub1                                   0x00004051   Thumb Code     0  daddsub_clz.o(x$fpl$dsub)
    x$fpl$printf1                            0x00004214   Section        4  printf1.o(x$fpl$printf1)
    .constdata                               0x00004218   Section       78  rtx_conf_cm.o(.constdata)
    x$fpl$usenofp                            0x00004218   Section        0  usenofp.o(x$fpl$usenofp)
    __tagsym$$used                           0x00004234   Number         0  rtx_conf_cm.o(.constdata)
    __tagsym$$used                           0x00004238   Number         0  rtx_conf_cm.o(.constdata)
    .constdata                               0x00004268   Section       80  demo.o(.constdata)
    .constdata                               0x000042b8   Section     6272  glcd_spi_lpc1700.o(.constdata)
    .constdata                               0x00005b38   Section       32  led.o(.constdata)
    .constdata                               0x00005b58   Section      148  bigflt0.o(.constdata)
    tenpwrs_x                                0x00005b58   Data          60  bigflt0.o(.constdata)
    tenpwrs_i                                0x00005b94   Data          64  bigflt0.o(.constdata)
    locale$$data                             0x00005c0c   Section       28  lc_numeric_c.o(locale$$data)
    __lcnum_c_name                           0x00005c10   Data           2  lc_numeric_c.o(locale$$data)
    __lcnum_c_start                          0x00005c18   Data           0  lc_numeric_c.o(locale$$data)
    __lcnum_c_point                          0x00005c24   Data           0  lc_numeric_c.o(locale$$data)
    __lcnum_c_thousands                      0x00005c26   Data           0  lc_numeric_c.o(locale$$data)
    __lcnum_c_grouping                       0x00005c27   Data           0  lc_numeric_c.o(locale$$data)
    __lcnum_c_end                            0x00005c28   Data           0  lc_numeric_c.o(locale$$data)
    .data                                    0x10000000   Section        4  system_lpc17xx.o(.data)
    .data                                    0x10000004   Section       40  rtx_conf_cm.o(.data)
    nr_mutex                                 0x10000028   Data           4  rtx_conf_cm.o(.data)
    .data                                    0x10000030   Section       64  demo.o(.data)
    .data                                    0x10000070   Section        5  glcd_spi_lpc1700.o(.data)
    Color                                    0x10000070   Data           4  glcd_spi_lpc1700.o(.data)
    Himax                                    0x10000074   Data           1  glcd_spi_lpc1700.o(.data)
    .data                                    0x10000078   Section        8  rt_cmsis.o(.data)
    .data                                    0x10000080   Section        8  rt_task.o(.data)
    .data                                    0x10000088   Section        8  rt_system.o(.data)
    os_lock                                  0x10000088   Data           1  rt_system.o(.data)
    os_psh_flag                              0x10000089   Data           1  rt_system.o(.data)
    pend_flags                               0x1000008a   Data           1  rt_system.o(.data)
    .data                                    0x10000090   Section        4  rt_time.o(.data)
    .data                                    0x10000094   Section        1  hal_cm.o(.data)
    .bss                                     0x10000098   Section     8560  rtx_conf_cm.o(.bss)
    std_libspace                             0x10001f08   Data         672  rtx_conf_cm.o(.bss)
    std_libmutex                             0x100021a8   Data          96  rtx_conf_cm.o(.bss)
    .bss                                     0x10002208   Section       10  demo.o(.bss)
    .bss                                     0x10002214   Section       48  rt_task.o(.bss)
    .bss                                     0x10002244   Section       48  rt_list.o(.bss)
    .bss                                     0x10002274   Section       96  libspace.o(.bss)
    HEAP                                     0x100022d8   Section        0  startup_lpc17xx.o(HEAP)
    STACK                                    0x100022d8   Section      512  startup_lpc17xx.o(STACK)
    Heap_Mem                                 0x100022d8   Data           0  startup_lpc17xx.o(HEAP)
    Stack_Mem                                0x100022d8   Data         512  startup_lpc17xx.o(STACK)
    __initial_sp                             0x100024d8   Data           0  startup_lpc17xx.o(STACK)

    Global Symbols

    Symbol Name                              Value     Ov Type        Size  Object(Section)

    BuildAttributes$$THM_ISAv4$P$D$K$B$S$PE$A:L22UL41UL21$X:L11$S22US41US21$IEEE1$IW$USESV6$~STKCKD$USESV7$~SHL$OTIME$ROPI$IEEEJ$EBA8$UX$STANDARDLIB$REQ8$PRES8$EABIv2 0x00000000   Number         0  anon$$obj.o ABSOLUTE
    __ARM_use_no_argv                        0x00000000   Number         0  demo.o ABSOLUTE
    __Vectors                                0x00000000   Data           4  startup_lpc17xx.o(RESET)
    _printf_flags                            0x00000000   Number         0  printf_stubs.o ABSOLUTE
    _printf_return_value                     0x00000000   Number         0  printf_stubs.o ABSOLUTE
    _printf_sizespec                         0x00000000   Number         0  printf_stubs.o ABSOLUTE
    _printf_widthprec                        0x00000000   Number         0  printf_stubs.o ABSOLUTE
    __ARM_exceptions_init                     - Undefined Weak Reference
    __alloca_initialize                       - Undefined Weak Reference
    __cpp_initialize__aeabi_                  - Undefined Weak Reference
    __cxa_finalize                            - Undefined Weak Reference
    __sigvec_lookup                           - Undefined Weak Reference
    _atexit_init                              - Undefined Weak Reference
    _call_atexit_fns                          - Undefined Weak Reference
    _clock_init                               - Undefined Weak Reference
    _fp_trap_init                             - Undefined Weak Reference
    _fp_trap_shutdown                         - Undefined Weak Reference
    _get_lc_collate                           - Undefined Weak Reference
    _get_lc_ctype                             - Undefined Weak Reference
    _get_lc_monetary                          - Undefined Weak Reference
    _get_lc_time                              - Undefined Weak Reference
    _getenv_init                              - Undefined Weak Reference
    _handle_redirection                       - Undefined Weak Reference
    _init_alloc                               - Undefined Weak Reference
    _init_user_alloc                          - Undefined Weak Reference
    _initio                                   - Undefined Weak Reference
    _printf_post_padding                      - Undefined Weak Reference
    _printf_pre_padding                       - Undefined Weak Reference
    _rand_init                                - Undefined Weak Reference
    _signal_finish                            - Undefined Weak Reference
    _signal_init                              - Undefined Weak Reference
    _terminate_alloc                          - Undefined Weak Reference
    _terminate_user_alloc                     - Undefined Weak Reference
    _terminateio                              - Undefined Weak Reference
    __main                                   0x000000cd   Thumb Code     8  __main.o(!!!main)
    __scatterload                            0x000000d5   Thumb Code     0  __scatter.o(!!!scatter)
    __scatterload_rt2                        0x000000d5   Thumb Code    44  __scatter.o(!!!scatter)
    __scatterload_rt2_thumb_only             0x000000d5   Thumb Code     0  __scatter.o(!!!scatter)
    __scatterload_null                       0x000000e3   Thumb Code     0  __scatter.o(!!!scatter)
    __scatterload_copy                       0x00000109   Thumb Code    26  __scatter_copy.o(!!handler_copy)
    __scatterload_zeroinit                   0x00000125   Thumb Code    28  __scatter_zi.o(!!handler_zi)
    _printf_f                                0x00000141   Thumb Code     0  _printf_f.o(.ARM.Collect$$_printf_percent$$00000003)
    _printf_percent                          0x00000141   Thumb Code     0  _printf_percent.o(.ARM.Collect$$_printf_percent$$00000000)
    _printf_percent_end                      0x00000147   Thumb Code     0  _printf_percent_end.o(.ARM.Collect$$_printf_percent$$00000017)
    __rt_lib_init                            0x0000014b   Thumb Code     0  libinit.o(.ARM.Collect$$libinit$$00000000)
    __rt_lib_init_fp_1                       0x0000014d   Thumb Code     0  libinit2.o(.ARM.Collect$$libinit$$00000002)
    __rt_lib_init_heap_1                     0x0000014d   Thumb Code     0  libinit2.o(.ARM.Collect$$libinit$$00000008)
    __rt_lib_init_lc_common                  0x0000014d   Thumb Code     0  libinit2.o(.ARM.Collect$$libinit$$0000000D)
    __rt_lib_init_rand_1                     0x0000014d   Thumb Code     0  libinit2.o(.ARM.Collect$$libinit$$0000000C)
    __rt_lib_init_user_alloc_1               0x0000014d   Thumb Code     0  libinit2.o(.ARM.Collect$$libinit$$0000000A)
    __rt_lib_init_lc_collate_1               0x00000153   Thumb Code     0  libinit2.o(.ARM.Collect$$libinit$$0000000F)
    __rt_lib_init_lc_ctype_1                 0x00000153   Thumb Code     0  libinit2.o(.ARM.Collect$$libinit$$00000011)
    __rt_lib_init_lc_monetary_1              0x00000153   Thumb Code     0  libinit2.o(.ARM.Collect$$libinit$$00000013)
    __rt_lib_init_lc_numeric_2               0x00000153   Thumb Code     0  libinit2.o(.ARM.Collect$$libinit$$00000014)
    __rt_lib_init_alloca_1                   0x0000015d   Thumb Code     0  libinit2.o(.ARM.Collect$$libinit$$0000002C)
    __rt_lib_init_argv_1                     0x0000015d   Thumb Code     0  libinit2.o(.ARM.Collect$$libinit$$0000002A)
    __rt_lib_init_atexit_1                   0x0000015d   Thumb Code     0  libinit2.o(.ARM.Collect$$libinit$$00000019)
    __rt_lib_init_clock_1                    0x0000015d   Thumb Code     0  libinit2.o(.ARM.Collect$$libinit$$0000001F)
    __rt_lib_init_cpp_1                      0x0000015d   Thumb Code     0  libinit2.o(.ARM.Collect$$libinit$$00000030)
    __rt_lib_init_exceptions_1               0x0000015d   Thumb Code     0  libinit2.o(.ARM.Collect$$libinit$$0000002E)
    __rt_lib_init_fp_trap_1                  0x0000015d   Thumb Code     0  libinit2.o(.ARM.Collect$$libinit$$0000001D)
    __rt_lib_init_getenv_1                   0x0000015d   Thumb Code     0  libinit2.o(.ARM.Collect$$libinit$$00000021)
    __rt_lib_init_lc_numeric_1               0x0000015d   Thumb Code     0  libinit2.o(.ARM.Collect$$libinit$$00000015)
    __rt_lib_init_lc_time_1                  0x0000015d   Thumb Code     0  libinit2.o(.ARM.Collect$$libinit$$00000017)
    __rt_lib_init_return                     0x0000015d   Thumb Code     0  libinit2.o(.ARM.Collect$$libinit$$00000031)
    __rt_lib_init_signal_1                   0x0000015d   Thumb Code     0  libinit2.o(.ARM.Collect$$libinit$$0000001B)
    __rt_lib_init_stdio_1                    0x0000015d   Thumb Code     0  libinit2.o(.ARM.Collect$$libinit$$00000023)
    __rt_lib_shutdown                        0x0000015f   Thumb Code     0  libshutdown.o(.ARM.Collect$$libshutdown$$00000000)
    __rt_lib_shutdown_fp_trap_1              0x00000161   Thumb Code     0  libshutdown2.o(.ARM.Collect$$libshutdown$$00000006)
    __rt_lib_shutdown_heap_1                 0x00000161   Thumb Code     0  libshutdown2.o(.ARM.Collect$$libshutdown$$0000000E)
    __rt_lib_shutdown_return                 0x00000161   Thumb Code     0  libshutdown2.o(.ARM.Collect$$libshutdown$$0000000F)
    __rt_lib_shutdown_signal_1               0x00000161   Thumb Code     0  libshutdown2.o(.ARM.Collect$$libshutdown$$00000009)
    __rt_lib_shutdown_stdio_1                0x00000161   Thumb Code     0  libshutdown2.o(.ARM.Collect$$libshutdown$$00000003)
    __rt_lib_shutdown_user_alloc_1           0x00000161   Thumb Code     0  libshutdown2.o(.ARM.Collect$$libshutdown$$0000000B)
    __rt_exit                                0x00000163   Thumb Code     0  rtexit.o(.ARM.Collect$$rtexit$$00000000)
    __rt_exit_ls                             0x00000165   Thumb Code     0  rtexit2.o(.ARM.Collect$$rtexit$$00000003)
    __rt_exit_prels_1                        0x00000165   Thumb Code     0  rtexit2.o(.ARM.Collect$$rtexit$$00000002)
    __rt_exit_exit                           0x00000169   Thumb Code     0  rtexit2.o(.ARM.Collect$$rtexit$$00000004)
    __rt_entry                               0x00000171   Thumb Code    32  rtx_conf_cm.o(.emb_text)
    rt_set_PSP                               0x00000195   Thumb Code     6  hal_cm3.o(.emb_text)
    rt_get_PSP                               0x0000019b   Thumb Code     6  hal_cm3.o(.emb_text)
    os_set_env                               0x000001a1   Thumb Code    24  hal_cm3.o(.emb_text)
    _alloc_box                               0x000001bd   Thumb Code    28  hal_cm3.o(.emb_text)
    _free_box                                0x000001dd   Thumb Code    28  hal_cm3.o(.emb_text)
    SVC_Handler                              0x000001fd   Thumb Code   108  hal_cm3.o(.emb_text)
    PendSV_Handler                           0x00000275   Thumb Code    56  hal_cm3.o(.emb_text)
    SysTick_Handler                          0x000002b1   Thumb Code     8  hal_cm3.o(.emb_text)
    OS_Tick_Handler                          0x000002b9   Thumb Code    12  hal_cm3.o(.emb_text)
    __user_libspace                          0x000002c5   Thumb Code     8  libspace.o(.text)
    __user_perproc_libspace                  0x000002c5   Thumb Code     0  libspace.o(.text)
    __2sprintf                               0x000002cd   Thumb Code    34  noretval__2sprintf.o(.text)
    __use_two_region_memory                  0x000002f5   Thumb Code     2  heapauxi.o(.text)
    __rt_heap_escrow$2region                 0x000002f7   Thumb Code     2  heapauxi.o(.text)
    __rt_heap_expand$2region                 0x000002f9   Thumb Code     2  heapauxi.o(.text)
    __I$use$semihosting                      0x000002fb   Thumb Code     0  use_no_semi.o(.text)
    __use_no_semihosting_swi                 0x000002fb   Thumb Code     2  use_no_semi.o(.text)
    Reset_Handler                            0x00000301   Thumb Code     8  startup_lpc17xx.o(.text)
    NMI_Handler                              0x00000309   Thumb Code     2  startup_lpc17xx.o(.text)
    HardFault_Handler                        0x0000030b   Thumb Code     2  startup_lpc17xx.o(.text)
    MemManage_Handler                        0x0000030d   Thumb Code     2  startup_lpc17xx.o(.text)
    BusFault_Handler                         0x0000030f   Thumb Code     2  startup_lpc17xx.o(.text)
    UsageFault_Handler                       0x00000311   Thumb Code     2  startup_lpc17xx.o(.text)
    DebugMon_Handler                         0x00000315   Thumb Code     2  startup_lpc17xx.o(.text)
    ADC_IRQHandler                           0x0000031b   Thumb Code     0  startup_lpc17xx.o(.text)
    BOD_IRQHandler                           0x0000031b   Thumb Code     0  startup_lpc17xx.o(.text)
    CANActivity_IRQHandler                   0x0000031b   Thumb Code     0  startup_lpc17xx.o(.text)
    CAN_IRQHandler                           0x0000031b   Thumb Code     0  startup_lpc17xx.o(.text)
    DMA_IRQHandler                           0x0000031b   Thumb Code     0  startup_lpc17xx.o(.text)
    EINT0_IRQHandler                         0x0000031b   Thumb Code     0  startup_lpc17xx.o(.text)
    EINT1_IRQHandler                         0x0000031b   Thumb Code     0  startup_lpc17xx.o(.text)
    EINT2_IRQHandler                         0x0000031b   Thumb Code     0  startup_lpc17xx.o(.text)
    EINT3_IRQHandler                         0x0000031b   Thumb Code     0  startup_lpc17xx.o(.text)
    ENET_IRQHandler                          0x0000031b   Thumb Code     0  startup_lpc17xx.o(.text)
    I2C0_IRQHandler                          0x0000031b   Thumb Code     0  startup_lpc17xx.o(.text)
    I2C1_IRQHandler                          0x0000031b   Thumb Code     0  startup_lpc17xx.o(.text)
    I2C2_IRQHandler                          0x0000031b   Thumb Code     0  startup_lpc17xx.o(.text)
    I2S_IRQHandler                           0x0000031b   Thumb Code     0  startup_lpc17xx.o(.text)
    MCPWM_IRQHandler                         0x0000031b   Thumb Code     0  startup_lpc17xx.o(.text)
    PLL0_IRQHandler                          0x0000031b   Thumb Code     0  startup_lpc17xx.o(.text)
    PLL1_IRQHandler                          0x0000031b   Thumb Code     0  startup_lpc17xx.o(.text)
    PWM1_IRQHandler                          0x0000031b   Thumb Code     0  startup_lpc17xx.o(.text)
    QEI_IRQHandler                           0x0000031b   Thumb Code     0  startup_lpc17xx.o(.text)
    RIT_IRQHandler                           0x0000031b   Thumb Code     0  startup_lpc17xx.o(.text)
    RTC_IRQHandler                           0x0000031b   Thumb Code     0  startup_lpc17xx.o(.text)
    SPI_IRQHandler                           0x0000031b   Thumb Code     0  startup_lpc17xx.o(.text)
    SSP0_IRQHandler                          0x0000031b   Thumb Code     0  startup_lpc17xx.o(.text)
    SSP1_IRQHandler                          0x0000031b   Thumb Code     0  startup_lpc17xx.o(.text)
    TIMER0_IRQHandler                        0x0000031b   Thumb Code     0  startup_lpc17xx.o(.text)
    TIMER1_IRQHandler                        0x0000031b   Thumb Code     0  startup_lpc17xx.o(.text)
    TIMER2_IRQHandler                        0x0000031b   Thumb Code     0  startup_lpc17xx.o(.text)
    TIMER3_IRQHandler                        0x0000031b   Thumb Code     0  startup_lpc17xx.o(.text)
    UART0_IRQHandler                         0x0000031b   Thumb Code     0  startup_lpc17xx.o(.text)
    UART1_IRQHandler                         0x0000031b   Thumb Code     0  startup_lpc17xx.o(.text)
    UART2_IRQHandler                         0x0000031b   Thumb Code     0  startup_lpc17xx.o(.text)
    UART3_IRQHandler                         0x0000031b   Thumb Code     0  startup_lpc17xx.o(.text)
    USBActivity_IRQHandler                   0x0000031b   Thumb Code     0  startup_lpc17xx.o(.text)
    USB_IRQHandler                           0x0000031b   Thumb Code     0  startup_lpc17xx.o(.text)
    WDT_IRQHandler                           0x0000031b   Thumb Code     0  startup_lpc17xx.o(.text)
    __user_initial_stackheap                 0x0000031d   Thumb Code     0  startup_lpc17xx.o(.text)
    SystemCoreClockUpdate                    0x0000033d   Thumb Code   424  system_lpc17xx.o(.text)
    __RL_RTX_VER                             0x00000450   Number         0  rt_system.o ABSOLUTE
    SystemInit                               0x000004e5   Thumb Code   282  system_lpc17xx.o(.text)
    os_idle_demon                            0x0000064d   Thumb Code     4  rtx_conf_cm.o(.text)
    os_error                                 0x00000651   Thumb Code     4  rtx_conf_cm.o(.text)
    rt_init_robin                            0x00000655   Thumb Code     2  rtx_conf_cm.o(.text)
    rt_chk_robin                             0x00000657   Thumb Code     2  rtx_conf_cm.o(.text)
    __user_perthread_libspace                0x00000659   Thumb Code    26  rtx_conf_cm.o(.text)
    _mutex_initialize                        0x00000673   Thumb Code    38  rtx_conf_cm.o(.text)
    _mutex_acquire                           0x00000699   Thumb Code    26  rtx_conf_cm.o(.text)
    _mutex_release                           0x000006b3   Thumb Code    22  rtx_conf_cm.o(.text)
    fputc                                    0x000006e1   Thumb Code    30  demo.o(.text)
    task1                                    0x000006ff   Thumb Code   136  demo.o(.text)
    task2                                    0x00000787   Thumb Code   108  demo.o(.text)
    task3                                    0x000007f3   Thumb Code    62  demo.o(.text)
    task4                                    0x00000831   Thumb Code    66  demo.o(.text)
    task5                                    0x00000873   Thumb Code    54  demo.o(.text)
    main                                     0x000008a9   Thumb Code   146  demo.o(.text)
    GLCD_Init                                0x00000b67   Thumb Code  1514  glcd_spi_lpc1700.o(.text)
    GLCD_SetWindow                           0x00001151   Thumb Code   168  glcd_spi_lpc1700.o(.text)
    GLCD_WindowMax                           0x000011f9   Thumb Code    28  glcd_spi_lpc1700.o(.text)
    GLCD_PutPixel                            0x00001215   Thumb Code   118  glcd_spi_lpc1700.o(.text)
    GLCD_SetTextColor                        0x0000128b   Thumb Code     6  glcd_spi_lpc1700.o(.text)
    GLCD_SetBackColor                        0x00001291   Thumb Code     6  glcd_spi_lpc1700.o(.text)
    GLCD_Clear                               0x00001297   Thumb Code    42  glcd_spi_lpc1700.o(.text)
    GLCD_DrawChar                            0x000012c1   Thumb Code   150  glcd_spi_lpc1700.o(.text)
    GLCD_DisplayChar                         0x00001357   Thumb Code    84  glcd_spi_lpc1700.o(.text)
    GLCD_DisplayString                       0x000013ab   Thumb Code    40  glcd_spi_lpc1700.o(.text)
    GLCD_ClearLn                             0x000013d3   Thumb Code    94  glcd_spi_lpc1700.o(.text)
    GLCD_Bargraph                            0x00001431   Thumb Code    98  glcd_spi_lpc1700.o(.text)
    GLCD_Bitmap                              0x00001493   Thumb Code    82  glcd_spi_lpc1700.o(.text)
    GLCD_ScrollVertical                      0x000014e5   Thumb Code     2  glcd_spi_lpc1700.o(.text)
    GLCD_WrCmd                               0x000014e7   Thumb Code    12  glcd_spi_lpc1700.o(.text)
    GLCD_WrReg                               0x000014f3   Thumb Code    16  glcd_spi_lpc1700.o(.text)
    LED_Init                                 0x00001575   Thumb Code    38  led.o(.text)
    LED_On                                   0x0000159b   Thumb Code    40  led.o(.text)
    LED_Off                                  0x000015c3   Thumb Code    40  led.o(.text)
    LED_Out                                  0x000015eb   Thumb Code    38  led.o(.text)
    __user_setup_stackheap                   0x00001621   Thumb Code    74  sys_stackheap_outer.o(.text)
    __aeabi_uldivmod                         0x0000166b   Thumb Code     0  lludivv7m.o(.text)
    _ll_udiv                                 0x0000166b   Thumb Code   238  lludivv7m.o(.text)
    __printf                                 0x00001759   Thumb Code   184  __printf_ss.o(.text)
    exit                                     0x00001811   Thumb Code    12  exit.o(.text)
    __read_errno                             0x0000181d   Thumb Code    10  _rserrno.o(.text)
    __set_errno                              0x00001827   Thumb Code    12  _rserrno.o(.text)
    __lib_sel_fp_printf                      0x00001833   Thumb Code     2  _printf_fp_dec.o(.text)
    _printf_fp_dec_real                      0x000019df   Thumb Code   628  _printf_fp_dec.o(.text)
    _printf_char_common                      0x00001c5f   Thumb Code    32  _printf_char_common.o(.text)
    _sputc                                   0x00001c85   Thumb Code    10  _sputc.o(.text)
    __rt_locale                              0x00001c8f   Thumb Code    10  rt_locale_twolibspace.o(.text)
    __aeabi_errno_addr                       0x00001c99   Thumb Code     4  rt_errno_addr_twolibspace.o(.text)
    __errno$twolibspace                      0x00001c99   Thumb Code     0  rt_errno_addr_twolibspace.o(.text)
    __rt_errno_addr$twolibspace              0x00001c99   Thumb Code     0  rt_errno_addr_twolibspace.o(.text)
    _ll_udiv10                               0x00001c9d   Thumb Code   138  lludiv10.o(.text)
    _printf_fp_infnan                        0x00001d29   Thumb Code   112  _printf_fp_infnan.o(.text)
    _btod_etento                             0x00001da9   Thumb Code   222  bigflt0.o(.text)
    _sys_exit                                0x00001e8d   Thumb Code     8  sys_exit.o(.text)
    strcmp                                   0x00001e99   Thumb Code   128  strcmpv7m.o(.text)
    __semihosting_library_function           0x00001f19   Thumb Code     0  indicate_semi.o(.text)
    _btod_d2e                                0x00001f19   Thumb Code    62  btod.o(CL$$btod_d2e)
    _d2e_denorm_low                          0x00001f57   Thumb Code    70  btod.o(CL$$btod_d2e_denorm_low)
    _d2e_norm_op1                            0x00001f9d   Thumb Code    96  btod.o(CL$$btod_d2e_norm_op1)
    __btod_div_common                        0x00001ffd   Thumb Code   696  btod.o(CL$$btod_div_common)
    _e2e                                     0x00002335   Thumb Code   198  btod.o(CL$$btod_e2e)
    _btod_ediv                               0x000023fb   Thumb Code    40  btod.o(CL$$btod_ediv)
    _btod_emul                               0x00002423   Thumb Code    40  btod.o(CL$$btod_emul)
    __btod_mult_common                       0x0000244b   Thumb Code   580  btod.o(CL$$btod_mult_common)
    SVC_Count                                0x00002690   Data           4  SVC_Table.o(SVC_TABLE)
    SVC_Table                                0x00002694   Data           0  SVC_Table.o(SVC_TABLE)
    __ARM_fpclassify                         0x00002695   Thumb Code    40  fpclassify.o(i.__ARM_fpclassify)
    _init_box                                0x000026bd   Thumb Code    70  rt_membox.o(i._init_box)
    dbg_init                                 0x00002705   Thumb Code    34  hal_cm.o(i.dbg_init)
    dbg_task_notify                          0x00002735   Thumb Code    32  hal_cm.o(i.dbg_task_notify)
    dbg_task_switch                          0x00002755   Thumb Code    16  hal_cm.o(i.dbg_task_switch)
    isr_mbx_receive                          0x00002791   Thumb Code    80  rt_mailbox.o(i.isr_mbx_receive)
    isr_mbx_send                             0x000027e1   Thumb Code    14  rt_mailbox.o(i.isr_mbx_send)
    osDelay                                  0x000027f1   Thumb Code    18  rt_cmsis.o(i.osDelay)
    osKernelInitialize                       0x00002809   Thumb Code    30  rt_cmsis.o(i.osKernelInitialize)
    osKernelStart                            0x0000282d   Thumb Code    98  rt_cmsis.o(i.osKernelStart)
    osMessageGet                             0x00002899   Thumb Code    62  rt_cmsis.o(i.osMessageGet)
    osThreadCreate                           0x000028dd   Thumb Code    38  rt_cmsis.o(i.osThreadCreate)
    osThreadExit                             0x0000290d   Thumb Code    14  rt_cmsis.o(i.osThreadExit)
    osTimerCall                              0x00002925   Thumb Code     8  rt_cmsis.o(i.osTimerCall)
    osTimerThread                            0x00002931   Thumb Code    38  rt_cmsis.o(i.osTimerThread)
    os_tick_init                             0x0000295d   Thumb Code    32  rt_system.o(i.os_tick_init)
    os_tick_irqack                           0x00002985   Thumb Code     2  rt_system.o(i.os_tick_irqack)
    rt_alloc_box                             0x00002987   Thumb Code    26  rt_membox.o(i.rt_alloc_box)
    rt_alloc_mem                             0x000029a1   Thumb Code    60  rt_memory.o(i.rt_alloc_mem)
    rt_block                                 0x000029dd   Thumb Code    48  rt_task.o(i.rt_block)
    rt_dec_dly                               0x00002a15   Thumb Code   102  rt_list.o(i.rt_dec_dly)
    rt_dispatch                              0x00002a85   Thumb Code    60  rt_task.o(i.rt_dispatch)
    rt_dly_wait                              0x00002ac9   Thumb Code     6  rt_time.o(i.rt_dly_wait)
    rt_evt_psh                               0x00002ad1   Thumb Code    76  rt_event.o(i.rt_evt_psh)
    rt_free_box                              0x00002b21   Thumb Code    32  rt_membox.o(i.rt_free_box)
    rt_free_mem                              0x00002b41   Thumb Code    40  rt_memory.o(i.rt_free_mem)
    rt_get_first                             0x00002b69   Thumb Code    40  rt_list.o(i.rt_get_first)
    rt_init_mem                              0x00002bd9   Thumb Code    26  rt_memory.o(i.rt_init_mem)
    rt_init_stack                            0x00002bf5   Thumb Code    70  hal_cm.o(i.rt_init_stack)
    rt_mbx_check                             0x00002c45   Thumb Code     8  rt_mailbox.o(i.rt_mbx_check)
    rt_mbx_init                              0x00002c4d   Thumb Code    28  rt_mailbox.o(i.rt_mbx_init)
    rt_mbx_psh                               0x00002c69   Thumb Code   234  rt_mailbox.o(i.rt_mbx_psh)
    rt_mbx_wait                              0x00002d59   Thumb Code   170  rt_mailbox.o(i.rt_mbx_wait)
    rt_mut_init                              0x00002e45   Thumb Code    16  rt_mutex.o(i.rt_mut_init)
    rt_mut_release                           0x00002e55   Thumb Code   150  rt_mutex.o(i.rt_mut_release)
    rt_mut_wait                              0x00002ef5   Thumb Code    96  rt_mutex.o(i.rt_mut_wait)
    rt_pop_req                               0x00002f59   Thumb Code   106  rt_system.o(i.rt_pop_req)
    rt_psh_req                               0x00002fd1   Thumb Code    22  rt_system.o(i.rt_psh_req)
    rt_psq_enq                               0x00002ff1   Thumb Code    82  rt_list.o(i.rt_psq_enq)
    rt_put_dly                               0x00003049   Thumb Code    68  rt_list.o(i.rt_put_dly)
    rt_put_prio                              0x00003091   Thumb Code    54  rt_list.o(i.rt_put_prio)
    rt_put_rdy_first                         0x000030c9   Thumb Code    14  rt_list.o(i.rt_put_rdy_first)
    rt_resort_prio                           0x000030dd   Thumb Code    46  rt_list.o(i.rt_resort_prio)
    rt_ret_val                               0x00003111   Thumb Code     6  hal_cm.o(i.rt_ret_val)
    rt_ret_val2                              0x00003117   Thumb Code     8  hal_cm.o(i.rt_ret_val2)
    rt_rmv_dly                               0x0000311f   Thumb Code    40  rt_list.o(i.rt_rmv_dly)
    rt_rmv_list                              0x00003149   Thumb Code    44  rt_list.o(i.rt_rmv_list)
    rt_sem_psh                               0x00003179   Thumb Code    48  rt_semaphore.o(i.rt_sem_psh)
    rt_stk_check                             0x000031ad   Thumb Code    28  rt_system.o(i.rt_stk_check)
    rt_switch_req                            0x000031d1   Thumb Code    30  rt_task.o(i.rt_switch_req)
    rt_sys_init                              0x000031f9   Thumb Code   200  rt_task.o(i.rt_sys_init)
    rt_sys_start                             0x00003305   Thumb Code    44  rt_task.o(i.rt_sys_start)
    rt_systick                               0x00003339   Thumb Code    48  rt_system.o(i.rt_systick)
    rt_tsk_create                            0x000033c1   Thumb Code   116  rt_task.o(i.rt_tsk_create)
    rt_tsk_delete                            0x00003445   Thumb Code   162  rt_task.o(i.rt_tsk_delete)
    rt_tsk_prio                              0x00003501   Thumb Code    98  rt_task.o(i.rt_tsk_prio)
    rt_tsk_self                              0x00003575   Thumb Code    12  rt_task.o(i.rt_tsk_self)
    sqrt                                     0x00003585   Thumb Code    76  sqrt.o(i.sqrt)
    svcDelay                                 0x000035d1   Thumb Code    20  rt_cmsis.o(i.svcDelay)
    svcKernelInitialize                      0x000035e5   Thumb Code    78  rt_cmsis.o(i.svcKernelInitialize)
    svcKernelStart                           0x00003655   Thumb Code    46  rt_cmsis.o(i.svcKernelStart)
    svcMessageCreate                         0x0000368d   Thumb Code    36  rt_cmsis.o(i.svcMessageCreate)
    svcMessageGet                            0x000036b1   Thumb Code    58  rt_cmsis.o(i.svcMessageGet)
    svcThreadCreate                          0x000036ed   Thumb Code   100  rt_cmsis.o(i.svcThreadCreate)
    svcThreadGetId                           0x0000375d   Thumb Code    22  rt_cmsis.o(i.svcThreadGetId)
    svcThreadTerminate                       0x00003779   Thumb Code    50  rt_cmsis.o(i.svcThreadTerminate)
    svcTimerCall                             0x000037b1   Thumb Code    24  rt_cmsis.o(i.svcTimerCall)
    sysTimerTick                             0x000037c9   Thumb Code    76  rt_cmsis.o(i.sysTimerTick)
    _get_lc_numeric                          0x0000381d   Thumb Code    44  lc_numeric_c.o(locale$$code)
    __aeabi_dadd                             0x00003849   Thumb Code     0  daddsub_clz.o(x$fpl$dadd)
    _dadd                                    0x00003849   Thumb Code   332  daddsub_clz.o(x$fpl$dadd)
    __aeabi_ddiv                             0x00003999   Thumb Code     0  ddiv.o(x$fpl$ddiv)
    _ddiv                                    0x00003999   Thumb Code   552  ddiv.o(x$fpl$ddiv)
    __aeabi_i2d                              0x00003c49   Thumb Code     0  dflt_clz.o(x$fpl$dflt)
    _dflt                                    0x00003c49   Thumb Code    46  dflt_clz.o(x$fpl$dflt)
    __aeabi_dmul                             0x00003c79   Thumb Code     0  dmul.o(x$fpl$dmul)
    _dmul                                    0x00003c79   Thumb Code   332  dmul.o(x$fpl$dmul)
    __fpl_dnaninf                            0x00003dcd   Thumb Code   156  dnaninf.o(x$fpl$dnaninf)
    __fpl_dretinf                            0x00003e69   Thumb Code    12  dretinf.o(x$fpl$dretinf)
    _dsqrt                                   0x00003e75   Thumb Code   456  dsqrt_noumaal.o(x$fpl$dsqrt)
    __aeabi_dsub                             0x00004041   Thumb Code     0  daddsub_clz.o(x$fpl$dsub)
    _dsub                                    0x00004041   Thumb Code   464  daddsub_clz.o(x$fpl$dsub)
    _printf_fp_dec                           0x00004215   Thumb Code     4  printf1.o(x$fpl$printf1)
    __I$use$fp                               0x00004218   Number         0  usenofp.o(x$fpl$usenofp)
    os_maxtaskrun                            0x00004218   Data           2  rtx_conf_cm.o(.constdata)
    os_stackinfo                             0x0000421c   Data           4  rtx_conf_cm.o(.constdata)
    os_rrobin                                0x00004220   Data           4  rtx_conf_cm.o(.constdata)
    os_tickfreq                              0x00004224   Data           4  rtx_conf_cm.o(.constdata)
    os_tickus_i                              0x00004228   Data           2  rtx_conf_cm.o(.constdata)
    os_tickus_f                              0x0000422a   Data           2  rtx_conf_cm.o(.constdata)
    os_trv                                   0x0000422c   Data           4  rtx_conf_cm.o(.constdata)
    os_flags                                 0x00004230   Data           1  rtx_conf_cm.o(.constdata)
    os_clockrate                             0x00004234   Data           4  rtx_conf_cm.o(.constdata)
    os_timernum                              0x00004238   Data           4  rtx_conf_cm.o(.constdata)
    mp_tcb_size                              0x0000423c   Data           2  rtx_conf_cm.o(.constdata)
    mp_stk_size                              0x00004240   Data           4  rtx_conf_cm.o(.constdata)
    os_stack_sz                              0x00004244   Data           4  rtx_conf_cm.o(.constdata)
    os_fifo_size                             0x00004248   Data           1  rtx_conf_cm.o(.constdata)
    os_thread_def_osTimerThread              0x0000424c   Data          16  rtx_conf_cm.o(.constdata)
    os_messageQ_def_osTimerMessageQ          0x0000425c   Data           8  rtx_conf_cm.o(.constdata)
    mp_tmr_size                              0x00004264   Data           2  rtx_conf_cm.o(.constdata)
    os_thread_def_task1                      0x00004268   Data          16  demo.o(.constdata)
    os_thread_def_task2                      0x00004278   Data          16  demo.o(.constdata)
    os_thread_def_task3                      0x00004288   Data          16  demo.o(.constdata)
    os_thread_def_task4                      0x00004298   Data          16  demo.o(.constdata)
    os_thread_def_task5                      0x000042a8   Data          16  demo.o(.constdata)
    Font_6x8_h                               0x000042b8   Data         896  glcd_spi_lpc1700.o(.constdata)
    Font_16x24_h                             0x00004638   Data        5376  glcd_spi_lpc1700.o(.constdata)
    led_mask                                 0x00005b38   Data          32  led.o(.constdata)
    Region$$Table$$Base                      0x00005bec   Number         0  anon$$obj.o(Region$$Table)
    Region$$Table$$Limit                     0x00005c0c   Number         0  anon$$obj.o(Region$$Table)
    SystemCoreClock                          0x10000000   Data           4  system_lpc17xx.o(.data)
    countIDLE                                0x10000004   Data           4  rtx_conf_cm.o(.data)
    os_tmr                                   0x10000008   Data           4  rtx_conf_cm.o(.data)
    m_tmr                                    0x1000000c   Data           4  rtx_conf_cm.o(.data)
    os_thread_def_main                       0x10000010   Data          16  rtx_conf_cm.o(.data)
    osThreadId_osTimerThread                 0x10000020   Data           4  rtx_conf_cm.o(.data)
    osMessageQId_osTimerMessageQ             0x10000024   Data           4  rtx_conf_cm.o(.data)
    counta                                   0x10000030   Data           4  demo.o(.data)
    countb                                   0x10000034   Data           4  demo.o(.data)
    ans1                                     0x10000038   Data           8  demo.o(.data)
    ans2                                     0x10000040   Data           8  demo.o(.data)
    ans3                                     0x10000048   Data           8  demo.o(.data)
    ans4                                     0x10000050   Data           8  demo.o(.data)
    ans                                      0x10000058   Data           8  demo.o(.data)
    i                                        0x10000060   Data           4  demo.o(.data)
    j                                        0x10000064   Data           4  demo.o(.data)
    __stdout                                 0x10000068   Data           4  demo.o(.data)
    __stdin                                  0x1000006c   Data           4  demo.o(.data)
    os_initialized                           0x10000078   Data           1  rt_cmsis.o(.data)
    os_running                               0x10000079   Data           1  rt_cmsis.o(.data)
    os_timer_head                            0x1000007c   Data           4  rt_cmsis.o(.data)
    os_tsk                                   0x10000080   Data           8  rt_task.o(.data)
    os_tick_irqn                             0x1000008c   Data           4  rt_system.o(.data)
    os_time                                  0x10000090   Data           4  rt_time.o(.data)
    dbg_msg                                  0x10000094   Data           1  hal_cm.o(.data)
    mp_tcb                                   0x10000098   Data         348  rtx_conf_cm.o(.bss)
    mp_stk                                   0x100001f8   Data        6016  rtx_conf_cm.o(.bss)
    os_stack_mem                             0x10001978   Data        1232  rtx_conf_cm.o(.bss)
    os_fifo                                  0x10001e48   Data         132  rtx_conf_cm.o(.bss)
    os_active_TCB                            0x10001ecc   Data          28  rtx_conf_cm.o(.bss)
    os_messageQ_q_osTimerMessageQ            0x10001ee8   Data          32  rtx_conf_cm.o(.bss)
    text                                     0x10002208   Data          10  demo.o(.bss)
    os_idle_TCB                              0x10002214   Data          48  rt_task.o(.bss)
    os_rdy                                   0x10002244   Data          24  rt_list.o(.bss)
    os_dly                                   0x1000225c   Data          24  rt_list.o(.bss)
    __libspace_start                         0x10002274   Data          96  libspace.o(.bss)
    __temporary_stack_top$libspace           0x100022d4   Data           0  libspace.o(.bss)



==============================================================================

Memory Map of the image

  Image Entry point : 0x000000cd

  Load Region LR_IROM1 (Base: 0x00000000, Size: 0x00005cc0, Max: 0x00080000, ABSOLUTE)

    Execution Region ER_IROM1 (Base: 0x00000000, Size: 0x00005c28, Max: 0x00080000, ABSOLUTE)

    Base Addr    Size         Type   Attr      Idx    E Section Name        Object

    0x00000000   0x000000cc   Data   RO            3    RESET               startup_lpc17xx.o
    0x000000cc   0x00000008   Code   RO         1411  * !!!main             c_w.l(__main.o)
    0x000000d4   0x00000034   Code   RO         1648    !!!scatter          c_w.l(__scatter.o)
    0x00000108   0x0000001a   Code   RO         1650    !!handler_copy      c_w.l(__scatter_copy.o)
    0x00000122   0x00000002   PAD
    0x00000124   0x0000001c   Code   RO         1652    !!handler_zi        c_w.l(__scatter_zi.o)
    0x00000140   0x00000000   Code   RO         1405    .ARM.Collect$$_printf_percent$$00000000  c_w.l(_printf_percent.o)
    0x00000140   0x00000006   Code   RO         1404    .ARM.Collect$$_printf_percent$$00000003  c_w.l(_printf_f.o)
    0x00000146   0x00000004   Code   RO         1455    .ARM.Collect$$_printf_percent$$00000017  c_w.l(_printf_percent_end.o)
    0x0000014a   0x00000002   Code   RO         1410    .ARM.Collect$$libinit$$00000000  c_w.l(libinit.o)
    0x0000014c   0x00000000   Code   RO         1457    .ARM.Collect$$libinit$$00000002  c_w.l(libinit2.o)
    0x0000014c   0x00000000   Code   RO         1460    .ARM.Collect$$libinit$$00000008  c_w.l(libinit2.o)
    0x0000014c   0x00000000   Code   RO         1462    .ARM.Collect$$libinit$$0000000A  c_w.l(libinit2.o)
    0x0000014c   0x00000000   Code   RO         1464    .ARM.Collect$$libinit$$0000000C  c_w.l(libinit2.o)
    0x0000014c   0x00000006   Code   RO         1465    .ARM.Collect$$libinit$$0000000D  c_w.l(libinit2.o)
    0x00000152   0x00000000   Code   RO         1467    .ARM.Collect$$libinit$$0000000F  c_w.l(libinit2.o)
    0x00000152   0x00000000   Code   RO         1469    .ARM.Collect$$libinit$$00000011  c_w.l(libinit2.o)
    0x00000152   0x00000000   Code   RO         1471    .ARM.Collect$$libinit$$00000013  c_w.l(libinit2.o)
    0x00000152   0x0000000a   Code   RO         1472    .ARM.Collect$$libinit$$00000014  c_w.l(libinit2.o)
    0x0000015c   0x00000000   Code   RO         1473    .ARM.Collect$$libinit$$00000015  c_w.l(libinit2.o)
    0x0000015c   0x00000000   Code   RO         1475    .ARM.Collect$$libinit$$00000017  c_w.l(libinit2.o)
    0x0000015c   0x00000000   Code   RO         1477    .ARM.Collect$$libinit$$00000019  c_w.l(libinit2.o)
    0x0000015c   0x00000000   Code   RO         1479    .ARM.Collect$$libinit$$0000001B  c_w.l(libinit2.o)
    0x0000015c   0x00000000   Code   RO         1481    .ARM.Collect$$libinit$$0000001D  c_w.l(libinit2.o)
    0x0000015c   0x00000000   Code   RO         1483    .ARM.Collect$$libinit$$0000001F  c_w.l(libinit2.o)
    0x0000015c   0x00000000   Code   RO         1485    .ARM.Collect$$libinit$$00000021  c_w.l(libinit2.o)
    0x0000015c   0x00000000   Code   RO         1487    .ARM.Collect$$libinit$$00000023  c_w.l(libinit2.o)
    0x0000015c   0x00000000   Code   RO         1491    .ARM.Collect$$libinit$$0000002A  c_w.l(libinit2.o)
    0x0000015c   0x00000000   Code   RO         1493    .ARM.Collect$$libinit$$0000002C  c_w.l(libinit2.o)
    0x0000015c   0x00000000   Code   RO         1495    .ARM.Collect$$libinit$$0000002E  c_w.l(libinit2.o)
    0x0000015c   0x00000000   Code   RO         1497    .ARM.Collect$$libinit$$00000030  c_w.l(libinit2.o)
    0x0000015c   0x00000002   Code   RO         1498    .ARM.Collect$$libinit$$00000031  c_w.l(libinit2.o)
    0x0000015e   0x00000002   Code   RO         1589    .ARM.Collect$$libshutdown$$00000000  c_w.l(libshutdown.o)
    0x00000160   0x00000000   Code   RO         1609    .ARM.Collect$$libshutdown$$00000003  c_w.l(libshutdown2.o)
    0x00000160   0x00000000   Code   RO         1612    .ARM.Collect$$libshutdown$$00000006  c_w.l(libshutdown2.o)
    0x00000160   0x00000000   Code   RO         1615    .ARM.Collect$$libshutdown$$00000009  c_w.l(libshutdown2.o)
    0x00000160   0x00000000   Code   RO         1617    .ARM.Collect$$libshutdown$$0000000B  c_w.l(libshutdown2.o)
    0x00000160   0x00000000   Code   RO         1620    .ARM.Collect$$libshutdown$$0000000E  c_w.l(libshutdown2.o)
    0x00000160   0x00000002   Code   RO         1621    .ARM.Collect$$libshutdown$$0000000F  c_w.l(libshutdown2.o)
    0x00000162   0x00000002   Code   RO         1441    .ARM.Collect$$rtexit$$00000000  c_w.l(rtexit.o)
    0x00000164   0x00000000   Code   RO         1509    .ARM.Collect$$rtexit$$00000002  c_w.l(rtexit2.o)
    0x00000164   0x00000004   Code   RO         1510    .ARM.Collect$$rtexit$$00000003  c_w.l(rtexit2.o)
    0x00000168   0x00000006   Code   RO         1511    .ARM.Collect$$rtexit$$00000004  c_w.l(rtexit2.o)
    0x0000016e   0x00000002   PAD
    0x00000170   0x00000024   Code   RO           56    .emb_text           rtx_conf_cm.o
    0x00000194   0x00000130   Code   RO         1335    .emb_text           RTX_CM3.lib(hal_cm3.o)
    0x000002c4   0x00000008   Code   RO         1371    .text               c_w.l(libspace.o)
    0x000002cc   0x00000028   Code   RO         1380    .text               c_w.l(noretval__2sprintf.o)
    0x000002f4   0x00000006   Code   RO         1408    .text               c_w.l(heapauxi.o)
    0x000002fa   0x00000002   Code   RO         1592    .text               c_w.l(use_no_semi.o)
    0x000002fc   0x00000004   Code   RO            4    .ARM.__at_0x02FC    startup_lpc17xx.o
    0x00000300   0x0000003c   Code   RO            5    .text               startup_lpc17xx.o
    0x0000033c   0x00000310   Code   RO           15    .text               system_lpc17xx.o
    0x0000064c   0x00000094   Code   RO           57    .text               rtx_conf_cm.o
    0x000006e0   0x000002ec   Code   RO           89    .text               demo.o
    0x000009cc   0x00000ba8   Code   RO          159    .text               glcd_spi_lpc1700.o
    0x00001574   0x000000ac   Code   RO          189    .text               led.o
    0x00001620   0x0000004a   Code   RO         1374    .text               c_w.l(sys_stackheap_outer.o)
    0x0000166a   0x000000ee   Code   RO         1376    .text               c_w.l(lludivv7m.o)
    0x00001758   0x000000b8   Code   RO         1387    .text               c_w.l(__printf_ss.o)
    0x00001810   0x0000000c   Code   RO         1406    .text               c_w.l(exit.o)
    0x0000181c   0x00000016   Code   RO         1447    .text               c_w.l(_rserrno.o)
    0x00001832   0x00000420   Code   RO         1449    .text               c_w.l(_printf_fp_dec.o)
    0x00001c52   0x00000002   PAD
    0x00001c54   0x00000030   Code   RO         1451    .text               c_w.l(_printf_char_common.o)
    0x00001c84   0x0000000a   Code   RO         1453    .text               c_w.l(_sputc.o)
    0x00001c8e   0x0000000a   Code   RO         1522    .text               c_w.l(rt_locale_twolibspace.o)
    0x00001c98   0x00000004   Code   RO         1529    .text               c_w.l(rt_errno_addr_twolibspace.o)
    0x00001c9c   0x0000008a   Code   RO         1531    .text               c_w.l(lludiv10.o)
    0x00001d26   0x00000002   PAD
    0x00001d28   0x00000080   Code   RO         1533    .text               c_w.l(_printf_fp_infnan.o)
    0x00001da8   0x000000e4   Code   RO         1537    .text               c_w.l(bigflt0.o)
    0x00001e8c   0x0000000c   Code   RO         1575    .text               c_w.l(sys_exit.o)
    0x00001e98   0x00000080   Code   RO         1581    .text               c_w.l(strcmpv7m.o)
    0x00001f18   0x00000000   Code   RO         1594    .text               c_w.l(indicate_semi.o)
    0x00001f18   0x0000003e   Code   RO         1540    CL$$btod_d2e        c_w.l(btod.o)
    0x00001f56   0x00000046   Code   RO         1542    CL$$btod_d2e_denorm_low  c_w.l(btod.o)
    0x00001f9c   0x00000060   Code   RO         1541    CL$$btod_d2e_norm_op1  c_w.l(btod.o)
    0x00001ffc   0x00000338   Code   RO         1550    CL$$btod_div_common  c_w.l(btod.o)
    0x00002334   0x000000c6   Code   RO         1547    CL$$btod_e2e        c_w.l(btod.o)
    0x000023fa   0x00000028   Code   RO         1544    CL$$btod_ediv       c_w.l(btod.o)
    0x00002422   0x00000028   Code   RO         1543    CL$$btod_emul       c_w.l(btod.o)
    0x0000244a   0x00000244   Code   RO         1549    CL$$btod_mult_common  c_w.l(btod.o)
    0x0000268e   0x00000002   PAD
    0x00002690   0x00000004   Code   RO         1366    SVC_TABLE           RTX_CM3.lib(SVC_Table.o)
    0x00002694   0x00000028   Code   RO         1573    i.__ARM_fpclassify  m_ws.l(fpclassify.o)
    0x000026bc   0x00000046   Code   RO         1234    i._init_box         RTX_CM3.lib(rt_membox.o)
    0x00002702   0x00000002   PAD
    0x00002704   0x00000030   Code   RO         1287    i.dbg_init          RTX_CM3.lib(hal_cm.o)
    0x00002734   0x00000020   Code   RO         1288    i.dbg_task_notify   RTX_CM3.lib(hal_cm.o)
    0x00002754   0x00000010   Code   RO         1289    i.dbg_task_switch   RTX_CM3.lib(hal_cm.o)
    0x00002764   0x0000002c   Code   RO          212    i.isrMessagePut     RTX_CM3.lib(rt_cmsis.o)
    0x00002790   0x00000050   Code   RO         1110    i.isr_mbx_receive   RTX_CM3.lib(rt_mailbox.o)
    0x000027e0   0x0000000e   Code   RO         1111    i.isr_mbx_send      RTX_CM3.lib(rt_mailbox.o)
    0x000027ee   0x00000002   PAD
    0x000027f0   0x00000018   Code   RO          213    i.osDelay           RTX_CM3.lib(rt_cmsis.o)
    0x00002808   0x00000024   Code   RO          214    i.osKernelInitialize  RTX_CM3.lib(rt_cmsis.o)
    0x0000282c   0x0000006c   Code   RO          216    i.osKernelStart     RTX_CM3.lib(rt_cmsis.o)
    0x00002898   0x00000044   Code   RO          225    i.osMessageGet      RTX_CM3.lib(rt_cmsis.o)
    0x000028dc   0x00000030   Code   RO          242    i.osThreadCreate    RTX_CM3.lib(rt_cmsis.o)
    0x0000290c   0x00000018   Code   RO          243    i.osThreadExit      RTX_CM3.lib(rt_cmsis.o)
    0x00002924   0x0000000c   Code   RO          249    i.osTimerCall       RTX_CM3.lib(rt_cmsis.o)
    0x00002930   0x0000002c   Code   RO          254    i.osTimerThread     RTX_CM3.lib(rt_cmsis.o)
    0x0000295c   0x00000028   Code   RO          902    i.os_tick_init      RTX_CM3.lib(rt_system.o)
    0x00002984   0x00000002   Code   RO          903    i.os_tick_irqack    RTX_CM3.lib(rt_system.o)
    0x00002986   0x0000001a   Code   RO         1235    i.rt_alloc_box      RTX_CM3.lib(rt_membox.o)
    0x000029a0   0x0000003c   Code   RO         1263    i.rt_alloc_mem      RTX_CM3.lib(rt_memory.o)
    0x000029dc   0x00000038   Code   RO          787    i.rt_block          RTX_CM3.lib(rt_task.o)
    0x00002a14   0x00000070   Code   RO         1034    i.rt_dec_dly        RTX_CM3.lib(rt_list.o)
    0x00002a84   0x00000044   Code   RO          788    i.rt_dispatch       RTX_CM3.lib(rt_task.o)
    0x00002ac8   0x00000006   Code   RO         1200    i.rt_dly_wait       RTX_CM3.lib(rt_time.o)
    0x00002ace   0x00000002   PAD
    0x00002ad0   0x00000050   Code   RO          995    i.rt_evt_psh        RTX_CM3.lib(rt_event.o)
    0x00002b20   0x00000020   Code   RO         1236    i.rt_free_box       RTX_CM3.lib(rt_membox.o)
    0x00002b40   0x00000028   Code   RO         1264    i.rt_free_mem       RTX_CM3.lib(rt_memory.o)
    0x00002b68   0x00000028   Code   RO         1035    i.rt_get_first      RTX_CM3.lib(rt_list.o)
    0x00002b90   0x00000008   Code   RO          257    i.rt_id2obj         RTX_CM3.lib(rt_cmsis.o)
    0x00002b98   0x00000040   Code   RO          789    i.rt_init_context   RTX_CM3.lib(rt_task.o)
    0x00002bd8   0x0000001a   Code   RO         1265    i.rt_init_mem       RTX_CM3.lib(rt_memory.o)
    0x00002bf2   0x00000002   PAD
    0x00002bf4   0x00000050   Code   RO         1290    i.rt_init_stack     RTX_CM3.lib(hal_cm.o)
    0x00002c44   0x00000008   Code   RO         1112    i.rt_mbx_check      RTX_CM3.lib(rt_mailbox.o)
    0x00002c4c   0x0000001c   Code   RO         1113    i.rt_mbx_init       RTX_CM3.lib(rt_mailbox.o)
    0x00002c68   0x000000f0   Code   RO         1114    i.rt_mbx_psh        RTX_CM3.lib(rt_mailbox.o)
    0x00002d58   0x000000b0   Code   RO         1116    i.rt_mbx_wait       RTX_CM3.lib(rt_mailbox.o)
    0x00002e08   0x0000003c   Code   RO          258    i.rt_ms2tick        RTX_CM3.lib(rt_cmsis.o)
    0x00002e44   0x00000010   Code   RO          872    i.rt_mut_init       RTX_CM3.lib(rt_mutex.o)
    0x00002e54   0x000000a0   Code   RO          873    i.rt_mut_release    RTX_CM3.lib(rt_mutex.o)
    0x00002ef4   0x00000064   Code   RO          874    i.rt_mut_wait       RTX_CM3.lib(rt_mutex.o)
    0x00002f58   0x00000078   Code   RO          906    i.rt_pop_req        RTX_CM3.lib(rt_system.o)
    0x00002fd0   0x00000020   Code   RO          907    i.rt_psh_req        RTX_CM3.lib(rt_system.o)
    0x00002ff0   0x00000058   Code   RO         1037    i.rt_psq_enq        RTX_CM3.lib(rt_list.o)
    0x00003048   0x00000048   Code   RO         1038    i.rt_put_dly        RTX_CM3.lib(rt_list.o)
    0x00003090   0x00000036   Code   RO         1039    i.rt_put_prio       RTX_CM3.lib(rt_list.o)
    0x000030c6   0x00000002   PAD
    0x000030c8   0x00000014   Code   RO         1040    i.rt_put_rdy_first  RTX_CM3.lib(rt_list.o)
    0x000030dc   0x00000034   Code   RO         1041    i.rt_resort_prio    RTX_CM3.lib(rt_list.o)
    0x00003110   0x00000006   Code   RO         1291    i.rt_ret_val        RTX_CM3.lib(hal_cm.o)
    0x00003116   0x00000008   Code   RO         1292    i.rt_ret_val2       RTX_CM3.lib(hal_cm.o)
    0x0000311e   0x00000028   Code   RO         1042    i.rt_rmv_dly        RTX_CM3.lib(rt_list.o)
    0x00003146   0x00000002   PAD
    0x00003148   0x00000030   Code   RO         1043    i.rt_rmv_list       RTX_CM3.lib(rt_list.o)
    0x00003178   0x00000034   Code   RO         1161    i.rt_sem_psh        RTX_CM3.lib(rt_semaphore.o)
    0x000031ac   0x00000024   Code   RO          909    i.rt_stk_check      RTX_CM3.lib(rt_system.o)
    0x000031d0   0x00000028   Code   RO          790    i.rt_switch_req     RTX_CM3.lib(rt_task.o)
    0x000031f8   0x0000010c   Code   RO          791    i.rt_sys_init       RTX_CM3.lib(rt_task.o)
    0x00003304   0x00000034   Code   RO          792    i.rt_sys_start      RTX_CM3.lib(rt_task.o)
    0x00003338   0x0000003c   Code   RO          911    i.rt_systick        RTX_CM3.lib(rt_system.o)
    0x00003374   0x00000012   Code   RO          259    i.rt_tid2ptcb       RTX_CM3.lib(rt_cmsis.o)
    0x00003386   0x00000002   PAD
    0x00003388   0x00000038   Code   RO          260    i.rt_timer_insert   RTX_CM3.lib(rt_cmsis.o)
    0x000033c0   0x00000084   Code   RO          793    i.rt_tsk_create     RTX_CM3.lib(rt_task.o)
    0x00003444   0x000000bc   Code   RO          794    i.rt_tsk_delete     RTX_CM3.lib(rt_task.o)
    0x00003500   0x00000074   Code   RO          796    i.rt_tsk_prio       RTX_CM3.lib(rt_task.o)
    0x00003574   0x00000010   Code   RO          797    i.rt_tsk_self       RTX_CM3.lib(rt_task.o)
    0x00003584   0x0000004c   Code   RO         1434    i.sqrt              m_ws.l(sqrt.o)
    0x000035d0   0x00000014   Code   RO          262    i.svcDelay          RTX_CM3.lib(rt_cmsis.o)
    0x000035e4   0x00000070   Code   RO          263    i.svcKernelInitialize  RTX_CM3.lib(rt_cmsis.o)
    0x00003654   0x00000038   Code   RO          265    i.svcKernelStart    RTX_CM3.lib(rt_cmsis.o)
    0x0000368c   0x00000024   Code   RO          268    i.svcMessageCreate  RTX_CM3.lib(rt_cmsis.o)
    0x000036b0   0x0000003a   Code   RO          269    i.svcMessageGet     RTX_CM3.lib(rt_cmsis.o)
    0x000036ea   0x00000002   PAD
    0x000036ec   0x00000070   Code   RO          283    i.svcThreadCreate   RTX_CM3.lib(rt_cmsis.o)
    0x0000375c   0x0000001c   Code   RO          284    i.svcThreadGetId    RTX_CM3.lib(rt_cmsis.o)
    0x00003778   0x00000038   Code   RO          287    i.svcThreadTerminate  RTX_CM3.lib(rt_cmsis.o)
    0x000037b0   0x00000018   Code   RO          289    i.svcTimerCall      RTX_CM3.lib(rt_cmsis.o)
    0x000037c8   0x00000054   Code   RO          298    i.sysTimerTick      RTX_CM3.lib(rt_cmsis.o)
    0x0000381c   0x0000002c   Code   RO         1563    locale$$code        c_w.l(lc_numeric_c.o)
    0x00003848   0x00000150   Code   RO         1413    x$fpl$dadd          fz_ws.l(daddsub_clz.o)
    0x00003998   0x000002b0   Code   RO         1420    x$fpl$ddiv          fz_ws.l(ddiv.o)
    0x00003c48   0x0000002e   Code   RO         1424    x$fpl$dflt          fz_ws.l(dflt_clz.o)
    0x00003c76   0x00000002   PAD
    0x00003c78   0x00000154   Code   RO         1429    x$fpl$dmul          fz_ws.l(dmul.o)
    0x00003dcc   0x0000009c   Code   RO         1501    x$fpl$dnaninf       fz_ws.l(dnaninf.o)
    0x00003e68   0x0000000c   Code   RO         1503    x$fpl$dretinf       fz_ws.l(dretinf.o)
    0x00003e74   0x000001cc   Code   RO         1505    x$fpl$dsqrt         fz_ws.l(dsqrt_noumaal.o)
    0x00004040   0x000001d4   Code   RO         1415    x$fpl$dsub          fz_ws.l(daddsub_clz.o)
    0x00004214   0x00000004   Code   RO         1431    x$fpl$printf1       fz_ws.l(printf1.o)
    0x00004218   0x00000000   Code   RO         1507    x$fpl$usenofp       fz_ws.l(usenofp.o)
    0x00004218   0x0000004e   Data   RO           59    .constdata          rtx_conf_cm.o
    0x00004266   0x00000002   PAD
    0x00004268   0x00000050   Data   RO           91    .constdata          demo.o
    0x000042b8   0x00001880   Data   RO          160    .constdata          glcd_spi_lpc1700.o
    0x00005b38   0x00000020   Data   RO          190    .constdata          led.o
    0x00005b58   0x00000094   Data   RO         1538    .constdata          c_w.l(bigflt0.o)
    0x00005bec   0x00000020   Data   RO         1646    Region$$Table       anon$$obj.o
    0x00005c0c   0x0000001c   Data   RO         1562    locale$$data        c_w.l(lc_numeric_c.o)


    Execution Region RW_IRAM1 (Base: 0x10000000, Size: 0x000024d8, Max: 0x00008000, ABSOLUTE)

    Base Addr    Size         Type   Attr      Idx    E Section Name        Object

    0x10000000   0x00000004   Data   RW           16    .data               system_lpc17xx.o
    0x10000004   0x00000028   Data   RW           60    .data               rtx_conf_cm.o
    0x1000002c   0x00000004   PAD
    0x10000030   0x00000040   Data   RW           92    .data               demo.o
    0x10000070   0x00000005   Data   RW          161    .data               glcd_spi_lpc1700.o
    0x10000075   0x00000003   PAD
    0x10000078   0x00000008   Data   RW          299    .data               RTX_CM3.lib(rt_cmsis.o)
    0x10000080   0x00000008   Data   RW          799    .data               RTX_CM3.lib(rt_task.o)
    0x10000088   0x00000008   Data   RW          914    .data               RTX_CM3.lib(rt_system.o)
    0x10000090   0x00000004   Data   RW         1204    .data               RTX_CM3.lib(rt_time.o)
    0x10000094   0x00000001   Data   RW         1293    .data               RTX_CM3.lib(hal_cm.o)
    0x10000095   0x00000003   PAD
    0x10000098   0x00002170   Zero   RW           58    .bss                rtx_conf_cm.o
    0x10002208   0x0000000a   Zero   RW           90    .bss                demo.o
    0x10002212   0x00000002   PAD
    0x10002214   0x00000030   Zero   RW          798    .bss                RTX_CM3.lib(rt_task.o)
    0x10002244   0x00000030   Zero   RW         1044    .bss                RTX_CM3.lib(rt_list.o)
    0x10002274   0x00000060   Zero   RW         1372    .bss                c_w.l(libspace.o)
    0x100022d4   0x00000004   PAD
    0x100022d8   0x00000000   Zero   RW            2    HEAP                startup_lpc17xx.o
    0x100022d8   0x00000200   Zero   RW            1    STACK               startup_lpc17xx.o


==============================================================================

Image component sizes


      Code (inc. data)   RO Data    RW Data    ZI Data      Debug   Object Name

       748        146         80         64         10       7706   demo.o
      2984         64       6272          5          0       8724   glcd_spi_lpc1700.o
       172         16         32          0          0       1257   led.o
       184         30         78         40       8560       8021   rtx_conf_cm.o
        64         26        204          0        512        872   startup_lpc17xx.o
       784         78          0          4          0       5145   system_lpc17xx.o

    ----------------------------------------------------------------------
      4936        360       6700        120       9084      31725   Object Totals
         0          0         32          0          0          0   (incl. Generated)
         0          0          2          7          2          0   (incl. Padding)

    ----------------------------------------------------------------------

      Code (inc. data)   RO Data    RW Data    ZI Data      Debug   Library Member Name

         4          4          0          0          0        148   SVC_Table.o
       190         24          0          1          0       2572   hal_cm.o
       304         36          0          0          0        708   hal_cm3.o
      1136        150          0          8          0      27339   rt_cmsis.o
        80          4          0          0          0        517   rt_event.o
       526         36          0          0         48       6777   rt_list.o
       546         12          0          0          0       3081   rt_mailbox.o
       128          0          0          0          0       1529   rt_membox.o
       126          0          0          0          0       1847   rt_memory.o
       276         14          0          0          0       1581   rt_mutex.o
        52          4          0          0          0        461   rt_semaphore.o
       290         52          0          8          0       5479   rt_system.o
      1000        170          0          8         48       7869   rt_task.o
         6          0          0          4          0        524   rt_time.o
         8          0          0          0          0         68   __main.o
       184          0          0          0          0         84   __printf_ss.o
        52          8          0          0          0          0   __scatter.o
        26          0          0          0          0          0   __scatter_copy.o
        28          0          0          0          0          0   __scatter_zi.o
        48          6          0          0          0         96   _printf_char_common.o
         6          0          0          0          0          0   _printf_f.o
      1056          0          0          0          0        216   _printf_fp_dec.o
       128         16          0          0          0         84   _printf_fp_infnan.o
         0          0          0          0          0          0   _printf_percent.o
         4          0          0          0          0          0   _printf_percent_end.o
        22          0          0          0          0        100   _rserrno.o
        10          0          0          0          0         68   _sputc.o
       228          6        148          0          0         96   bigflt0.o
      1910        128          0          0          0        672   btod.o
        12          0          0          0          0         72   exit.o
         6          0          0          0          0        152   heapauxi.o
         0          0          0          0          0          0   indicate_semi.o
        44         10         28          0          0         76   lc_numeric_c.o
         2          0          0          0          0          0   libinit.o
        18          0          0          0          0          0   libinit2.o
         2          0          0          0          0          0   libshutdown.o
         2          0          0          0          0          0   libshutdown2.o
         8          4          0          0         96         68   libspace.o
       138          0          0          0          0         80   lludiv10.o
       238          0          0          0          0        100   lludivv7m.o
        40          6          0          0          0         84   noretval__2sprintf.o
         4          0          0          0          0         68   rt_errno_addr_twolibspace.o
        10          0          0          0          0         76   rt_locale_twolibspace.o
         2          0          0          0          0          0   rtexit.o
        10          0          0          0          0          0   rtexit2.o
       128          0          0          0          0         68   strcmpv7m.o
        12          4          0          0          0         68   sys_exit.o
        74          0          0          0          0         80   sys_stackheap_outer.o
         2          0          0          0          0         68   use_no_semi.o
       804         16          0          0          0        272   daddsub_clz.o
       688        140          0          0          0        208   ddiv.o
        46          0          0          0          0         68   dflt_clz.o
       340         12          0          0          0        104   dmul.o
       156          4          0          0          0         92   dnaninf.o
        12          0          0          0          0         68   dretinf.o
       460         56          0          0          0        120   dsqrt_noumaal.o
         4          0          0          0          0         68   printf1.o
         0          0          0          0          0          0   usenofp.o
        40          0          0          0          0         68   fpclassify.o
        76          0          0          0          0         84   sqrt.o

    ----------------------------------------------------------------------
     11780        922        176         32        196      64128   Library Totals
        28          0          0          3          4          0   (incl. Padding)

    ----------------------------------------------------------------------

      Code (inc. data)   RO Data    RW Data    ZI Data      Debug   Library Name

      4664        506          0         29         96      60432   RTX_CM3.lib
      4462        188        176          0         96       2544   c_w.l
      2510        228          0          0          0       1000   fz_ws.l
       116          0          0          0          0        152   m_ws.l

    ----------------------------------------------------------------------
     11780        922        176         32        196      64128   Library Totals

    ----------------------------------------------------------------------

==============================================================================


      Code (inc. data)   RO Data    RW Data    ZI Data      Debug   

     16716       1282       6876        152       9280      89665   Grand Totals
     16716       1282       6876        152       9280      89665   ELF Image Totals
     16716       1282       6876        152          0          0   ROM Totals

==============================================================================

    Total RO  Size (Code + RO Data)                23592 (  23.04kB)
    Total RW  Size (RW Data + ZI Data)              9432 (   9.21kB)
    Total ROM Size (Code + RO Data + RW Data)      23744 (  23.19kB)

==============================================================================

