<html>
<body>
<pre>
<h1>µVision Build Log</h1>
<h2>Project:</h2>
C:\Users\ELCBME\Desktop\lab4bb\lab4bb.uvproj
Project File Date:  10/28/2014

<h2>Output:</h2>
Rebuild target 'Target 1'
assembling startup_LPC17xx.s...
compiling system_LPC17xx.c...
compiling RTX_Conf_CM.c...
RTX_Conf_CM.c(277): warning:  #1-D: last line of file ends without a newline
   *---------------------------------------------------------------------------*/
RTX_Conf_CM.c: 1 warning, 0 errors
compiling Demo.c...
Demo.c(61): warning:  #167-D: argument of type "unsigned char *" is incompatible with parameter of type "char *"
        GLCD_DisplayString(4,  7, __FI,  (unsigned char *)text);
Demo.c(73): warning:  #167-D: argument of type "unsigned char *" is incompatible with parameter of type "char *"
        GLCD_DisplayString(5,  7, __FI,  (unsigned char *)text);
Demo.c(84): warning:  #167-D: argument of type "unsigned char *" is incompatible with parameter of type "char *"
      GLCD_DisplayString(6,  7, __FI,  (unsigned char *)text);
Demo.c(94): warning:  #167-D: argument of type "unsigned char *" is incompatible with parameter of type "char *"
      GLCD_DisplayString(7,  7, __FI,  (unsigned char *)text);
Demo.c(103): warning:  #167-D: argument of type "unsigned char *" is incompatible with parameter of type "char *"
      GLCD_DisplayString(9,  7, __FI,  (unsigned char *)text);
Demo.c: 5 warnings, 0 errors
compiling GLCD_SPI_LPC1700.c...
compiling LED.c...
linking...
Program Size: Code=16716 RO-data=6876 RW-data=152 ZI-data=9280  
".\lab4bb.axf" - 0 Error(s), 6 Warning(s).
Load "C:\\Users\\ELCBME\\Desktop\\lab4bb\\lab4bb.axf" 
Erase Done.
Programming Done.
Verify OK.
</pre>
</body>
</html>
